F0079.WAV sfx/towners/bmaid01.wav
F007A.WAV sfx/towners/bmaid02.wav
F007B.WAV sfx/towners/bmaid03.wav
F007C.WAV sfx/towners/bmaid04.wav
F007D.WAV sfx/towners/bmaid05.wav
F007E.WAV sfx/towners/bmaid06.wav
F007F.WAV sfx/towners/bmaid07.wav
F0080.WAV sfx/towners/bmaid08.wav
F0081.WAV sfx/towners/bmaid09.wav
F0082.WAV sfx/towners/bmaid10.wav
F0083.WAV sfx/towners/bmaid11.wav
F0084.WAV sfx/towners/bmaid12.wav
F0085.WAV sfx/towners/bmaid13.wav
F0086.WAV sfx/towners/bmaid14.wav
F0087.WAV sfx/towners/bmaid15.wav
F0088.WAV sfx/towners/bmaid16.wav
F0089.WAV sfx/towners/bmaid17.wav
F008A.WAV sfx/towners/bmaid18.wav
F008B.WAV sfx/towners/bmaid19.wav
F008C.WAV sfx/towners/bmaid20.wav
F008D.WAV sfx/towners/bmaid21.wav
F008E.WAV sfx/towners/bmaid22.wav
F008F.WAV sfx/towners/bmaid23.wav
F0090.WAV sfx/towners/bmaid24.wav
F0091.WAV sfx/towners/bmaid25.wav
F0092.WAV sfx/towners/bmaid26.wav
F0093.WAV sfx/towners/bmaid27.wav
F0094.WAV sfx/towners/bmaid28.wav
F0095.WAV sfx/towners/bmaid29.wav
F0096.WAV sfx/towners/bmaid30.wav
F0097.WAV Sfx/Towners/Bmaid31.wav
F0098.WAV sfx/towners/bmaid32.wav
F0099.WAV sfx/towners/bmaid33.wav
F009A.WAV sfx/towners/bmaid34.wav
F009B.WAV sfx/towners/bmaid35.wav
F009C.WAV sfx/towners/bmaid36.wav
F009D.WAV sfx/towners/bmaid37.wav
F009E.WAV sfx/towners/bmaid38.wav
F009F.WAV sfx/towners/bmaid39.wav
F00A0.WAV sfx/towners/bmaid40.wav
F00A1.WAV sfx/towners/bsmith01.wav
F00A2.WAV sfx/towners/bsmith02.wav
F00A3.WAV sfx/towners/bsmith03.wav
F00A4.WAV sfx/towners/bsmith04.wav
F00A5.WAV sfx/towners/bsmith05.wav
F00A6.WAV sfx/towners/bsmith06.wav
F00A7.WAV sfx/towners/bsmith07.wav
F00A8.WAV sfx/towners/bsmith08.wav
F00A9.WAV sfx/towners/bsmith09.wav
F00AA.WAV sfx/towners/bsmith10.wav
F00AB.WAV sfx/towners/bsmith11.wav
F00AC.WAV sfx/towners/bsmith12.wav
F00AD.WAV sfx/towners/bsmith13.wav
F00AE.WAV sfx/towners/bsmith14.wav
F00AF.WAV sfx/towners/bsmith15.wav
F00B0.WAV sfx/towners/bsmith16.wav
F00B1.WAV sfx/towners/bsmith17.wav
F00B2.WAV sfx/towners/bsmith18.wav
F00B3.WAV sfx/towners/bsmith19.wav
F00B4.WAV sfx/towners/bsmith20.wav
F00B5.WAV sfx/towners/bsmith21.wav
F00B6.WAV sfx/towners/bsmith22.wav
F00B7.WAV sfx/towners/bsmith23.wav
F00B8.WAV sfx/towners/bsmith24.wav
F00B9.WAV sfx/towners/bsmith25.wav
F00BA.WAV sfx/towners/bsmith26.wav
F00BB.WAV sfx/towners/bsmith27.wav
F00BC.WAV sfx/towners/bsmith28.wav
F00BD.WAV sfx/towners/bsmith29.wav
F00BE.WAV sfx/towners/bsmith30.wav
F00BF.WAV sfx/towners/bsmith31.wav
F00C0.WAV sfx/towners/bsmith32.wav
F00C1.WAV sfx/towners/bsmith33.wav
F00C2.WAV sfx/towners/bsmith34.wav
F00C3.WAV sfx/towners/bsmith35.wav
F00C4.WAV sfx/towners/bsmith36.wav
F00C5.WAV sfx/towners/bsmith37.wav
F00C6.WAV sfx/towners/bsmith38.wav
F00C7.WAV sfx/towners/bsmith39.wav
F00C8.WAV sfx/towners/bsmith40.wav
F00C9.WAV sfx/towners/bsmith41.wav
F00CA.WAV sfx/towners/bsmith42.wav
F00CB.WAV sfx/towners/bsmith43.wav
F00CC.WAV Sfx/Towners/Bsmith44.wav
F00CD.WAV sfx/towners/bsmith45.wav
F00CE.WAV sfx/towners/bsmith46.wav
F00CF.WAV sfx/towners/bsmith47.wav
F00D0.WAV sfx/towners/bsmith48.wav
F00D1.WAV sfx/towners/bsmith49.wav
F00D2.WAV sfx/towners/bsmith50.wav
F00D3.WAV sfx/towners/bsmith51.wav
F00D4.WAV sfx/towners/bsmith52.wav
F00D5.WAV sfx/towners/bsmith53.wav
F00D6.WAV sfx/towners/bsmith54.wav
F00D7.WAV sfx/towners/bsmith55.wav
F00D8.WAV sfx/towners/bsmith56.wav
F00D9.WAV Sfx/Towners/Cow1.wav
F00DA.WAV Sfx/Towners/Cow2.wav
F00E8.WAV sfx/towners/cow3.wav
F00E9.WAV sfx/towners/cow4.wav
F00EA.WAV sfx/towners/cow5.wav
F00EB.WAV sfx/towners/cow6.wav
F00EC.WAV sfx/towners/cow7.wav
F00ED.WAV sfx/towners/cow8.wav
F00EE.WAV sfx/towners/deadguy2.wav
F00EF.WAV sfx/towners/drunk01.wav
F00F0.WAV sfx/towners/drunk02.wav
F00F1.WAV sfx/towners/drunk03.wav
F00F2.WAV sfx/towners/drunk04.wav
F00F3.WAV sfx/towners/drunk05.wav
F00F4.WAV sfx/towners/drunk06.wav
F00F5.WAV sfx/towners/drunk07.wav
F00F6.WAV sfx/towners/drunk08.wav
F00F7.WAV sfx/towners/drunk09.wav
F00F8.WAV sfx/towners/drunk10.wav
F00F9.WAV sfx/towners/drunk11.wav
F00FA.WAV sfx/towners/drunk12.wav
F00FB.WAV sfx/towners/drunk13.wav
F00FC.WAV sfx/towners/drunk14.wav
F00FD.WAV sfx/towners/drunk15.wav
F00FE.WAV sfx/towners/drunk16.wav
F00FF.WAV sfx/towners/drunk17.wav
F0100.WAV sfx/towners/drunk18.wav
F0101.WAV sfx/towners/drunk19.wav
F0102.WAV sfx/towners/drunk20.wav
F0103.WAV sfx/towners/drunk21.wav
F0104.WAV sfx/towners/drunk22.wav
F0105.WAV sfx/towners/drunk23.wav
F0106.WAV sfx/towners/drunk24.wav
F0107.WAV sfx/towners/drunk25.wav
F0108.WAV sfx/towners/drunk26.wav
F0109.WAV Sfx/Towners/Drunk27.wav
F010A.WAV sfx/towners/drunk28.wav
F010B.WAV sfx/towners/drunk29.wav
F010C.WAV sfx/towners/drunk30.wav
F010D.WAV sfx/towners/drunk31.wav
F010E.WAV sfx/towners/drunk32.wav
F010F.WAV sfx/towners/drunk33.wav
F0110.WAV sfx/towners/drunk34.wav
F0111.WAV sfx/towners/drunk35.wav
F0112.WAV sfx/towners/healer01.wav
F0113.WAV sfx/towners/healer02.wav
F0114.WAV sfx/towners/healer03.wav
F0115.WAV sfx/towners/healer04.wav
F0116.WAV sfx/towners/healer05.wav
F0117.WAV sfx/towners/healer06.wav
F0118.WAV sfx/towners/healer07.wav
F0119.WAV sfx/towners/healer08.wav
F011A.WAV sfx/towners/healer09.wav
F011B.WAV sfx/towners/healer10.wav
F011C.WAV sfx/towners/healer11.wav
F011D.WAV sfx/towners/healer12.wav
F011E.WAV sfx/towners/healer13.wav
F011F.WAV sfx/towners/healer14.wav
F0120.WAV sfx/towners/healer15.wav
F0121.WAV sfx/towners/healer16.wav
F0122.WAV sfx/towners/healer17.wav
F0123.WAV sfx/towners/healer18.wav
F0124.WAV sfx/towners/healer19.wav
F0125.WAV sfx/towners/healer20.wav
F0126.WAV sfx/towners/healer21.wav
F0127.WAV sfx/towners/healer22.wav
F0128.WAV sfx/towners/healer23.wav
F0129.WAV sfx/towners/healer24.wav
F012A.WAV sfx/towners/healer25.wav
F012B.WAV sfx/towners/healer26.wav
F012C.WAV sfx/towners/healer27.wav
F012D.WAV sfx/towners/healer28.wav
F012E.WAV sfx/towners/healer29.wav
F012F.WAV sfx/towners/healer30.wav
F0130.WAV sfx/towners/healer31.wav
F0131.WAV sfx/towners/healer32.wav
F0132.WAV sfx/towners/healer33.wav
F0133.WAV sfx/towners/healer34.wav
F0134.WAV sfx/towners/healer35.wav
F0135.WAV sfx/towners/healer36.wav
F0136.WAV Sfx/Towners/Healer37.wav
F0137.WAV sfx/towners/healer38.wav
F0138.WAV sfx/towners/healer39.wav
F0139.WAV sfx/towners/healer40.wav
F013A.WAV sfx/towners/healer41.wav
F013B.WAV sfx/towners/healer42.wav
F013C.WAV sfx/towners/healer43.wav
F013D.WAV sfx/towners/healer44.wav
F013E.WAV sfx/towners/healer45.wav
F013F.WAV sfx/towners/healer46.wav
F0140.WAV sfx/towners/healer47.wav
F0141.WAV sfx/towners/pegboy01.wav
F0142.WAV sfx/towners/pegboy02.wav
F0143.WAV sfx/towners/pegboy03.wav
F0144.WAV sfx/towners/pegboy04.wav
F0145.WAV sfx/towners/pegboy05.wav
F0146.WAV sfx/towners/pegboy06.wav
F0147.WAV sfx/towners/pegboy07.wav
F0148.WAV sfx/towners/pegboy08.wav
F0149.WAV sfx/towners/pegboy09.wav
F014A.WAV sfx/towners/pegboy10.wav
F014B.WAV sfx/towners/pegboy11.wav
F014C.WAV sfx/towners/pegboy12.wav
F014D.WAV sfx/towners/pegboy13.wav
F014E.WAV sfx/towners/pegboy14.wav
F014F.WAV sfx/towners/pegboy15.wav
F0150.WAV sfx/towners/pegboy16.wav
F0151.WAV sfx/towners/pegboy17.wav
F0152.WAV sfx/towners/pegboy18.wav
F0153.WAV sfx/towners/pegboy19.wav
F0154.WAV sfx/towners/pegboy20.wav
F0155.WAV sfx/towners/pegboy21.wav
F0156.WAV sfx/towners/pegboy22.wav
F0157.WAV sfx/towners/pegboy23.wav
F0158.WAV sfx/towners/pegboy24.wav
F0159.WAV sfx/towners/pegboy25.wav
F015A.WAV sfx/towners/pegboy26.wav
F015B.WAV sfx/towners/pegboy27.wav
F015C.WAV sfx/towners/pegboy28.wav
F015D.WAV sfx/towners/pegboy29.wav
F015E.WAV sfx/towners/pegboy30.wav
F015F.WAV sfx/towners/pegboy31.wav
F0160.WAV Sfx/Towners/Pegboy32.wav
F0161.WAV sfx/towners/pegboy33.wav
F0162.WAV sfx/towners/pegboy34.wav
F0163.WAV sfx/towners/pegboy35.wav
F0164.WAV sfx/towners/pegboy36.wav
F0165.WAV sfx/towners/pegboy37.wav
F0166.WAV sfx/towners/pegboy38.wav
F0167.WAV sfx/towners/pegboy39.wav
F0168.WAV sfx/towners/pegboy40.wav
F0169.WAV sfx/towners/pegboy41.wav
F016A.WAV sfx/towners/pegboy42.wav
F016B.WAV sfx/towners/pegboy43.wav
F016C.WAV sfx/towners/priest00.wav
F016D.WAV sfx/towners/priest01.wav
F016E.WAV sfx/towners/priest02.wav
F016F.WAV sfx/towners/priest03.wav
F0170.WAV sfx/towners/priest04.wav
F0171.WAV sfx/towners/priest05.wav
F0172.WAV sfx/towners/priest06.wav
F0173.WAV sfx/towners/priest07.wav
F0174.WAV sfx/towners/storyt00.wav
F0175.WAV sfx/towners/storyt01.wav
F0176.WAV sfx/towners/storyt02.wav
F0177.WAV sfx/towners/storyt03.wav
F0178.WAV sfx/towners/storyt04.wav
F0179.WAV sfx/towners/storyt05.wav
F017A.WAV sfx/towners/storyt06.wav
F017B.WAV sfx/towners/storyt07.wav
F017C.WAV sfx/towners/storyt08.wav
F017D.WAV sfx/towners/storyt09.wav
F017E.WAV sfx/towners/storyt10.wav
F017F.WAV sfx/towners/storyt11.wav
F0180.WAV sfx/towners/storyt12.wav
F0181.WAV sfx/towners/storyt13.wav
F0182.WAV sfx/towners/storyt14.wav
F0183.WAV sfx/towners/storyt15.wav
F0184.WAV sfx/towners/storyt16.wav
F0185.WAV sfx/towners/storyt17.wav
F0186.WAV sfx/towners/storyt18.wav
F0187.WAV sfx/towners/storyt19.wav
F0188.WAV sfx/towners/storyt20.wav
F0189.WAV sfx/towners/storyt21.wav
F018A.WAV sfx/towners/storyt22.wav
F018B.WAV sfx/towners/storyt23.wav
F018C.WAV sfx/towners/storyt24.wav
F018D.WAV sfx/towners/storyt25.wav
F018E.WAV sfx/towners/storyt26.wav
F018F.WAV sfx/towners/storyt27.wav
F0190.WAV sfx/towners/storyt28.wav
F0191.WAV sfx/towners/storyt29.wav
F0192.WAV sfx/towners/storyt30.wav
F0193.WAV sfx/towners/storyt31.wav
F0194.WAV sfx/towners/storyt32.wav
F0195.WAV sfx/towners/storyt33.wav
F0196.WAV sfx/towners/storyt34.wav
F0197.WAV sfx/towners/storyt35.wav
F0198.WAV sfx/towners/storyt36.wav
F0199.WAV sfx/towners/storyt37.wav
F019A.WAV sfx/towners/storyt38.wav
F019B.WAV Sfx/Towners/Tavown00.wav
F019C.WAV sfx/towners/tavown01.wav
F019D.WAV sfx/towners/tavown02.wav
F019E.WAV sfx/towners/tavown03.wav
F019F.WAV sfx/towners/tavown04.wav
F01A0.WAV sfx/towners/tavown05.wav
F01A1.WAV sfx/towners/tavown06.wav
F01A2.WAV sfx/towners/tavown07.wav
F01A3.WAV sfx/towners/tavown08.wav
F01A4.WAV sfx/towners/tavown09.wav
F01A5.WAV sfx/towners/tavown10.wav
F01A6.WAV sfx/towners/tavown11.wav
F01A7.WAV sfx/towners/tavown12.wav
F01A8.WAV sfx/towners/tavown13.wav
F01A9.WAV sfx/towners/tavown14.wav
F01AA.WAV sfx/towners/tavown15.wav
F01AB.WAV sfx/towners/tavown16.wav
F01AC.WAV sfx/towners/tavown17.wav
F01AD.WAV sfx/towners/tavown18.wav
F01AE.WAV sfx/towners/tavown19.wav
F01AF.WAV sfx/towners/tavown20.wav
F01B0.WAV sfx/towners/tavown21.wav
F01B1.WAV sfx/towners/tavown22.wav
F01B2.WAV sfx/towners/tavown23.wav
F01B3.WAV sfx/towners/tavown24.wav
F01B4.WAV sfx/towners/tavown25.wav
F01B5.WAV sfx/towners/tavown26.wav
F01B6.WAV sfx/towners/tavown27.wav
F01B7.WAV sfx/towners/tavown28.wav
F01B8.WAV sfx/towners/tavown29.wav
F01B9.WAV sfx/towners/tavown30.wav
F01BA.WAV sfx/towners/tavown31.wav
F01BB.WAV sfx/towners/tavown32.wav
F01BC.WAV sfx/towners/tavown33.wav
F01BD.WAV sfx/towners/tavown34.wav
F01BE.WAV sfx/towners/tavown35.wav
F01BF.WAV sfx/towners/tavown36.wav
F01C0.WAV sfx/towners/tavown37.wav
F01C1.WAV sfx/towners/tavown38.wav
F01C2.WAV sfx/towners/tavown39.wav
F01C3.WAV sfx/towners/tavown40.wav
F01C4.WAV sfx/towners/tavown41.wav
F01C5.WAV sfx/towners/tavown42.wav
F01C6.WAV sfx/towners/tavown43.wav
F01C7.WAV sfx/towners/tavown44.wav
F01C8.WAV sfx/towners/tavown45.wav
F01C9.WAV sfx/towners/witch01.wav
F01CA.WAV sfx/towners/witch02.wav
F01CB.WAV sfx/towners/witch03.wav
F01CC.WAV sfx/towners/witch04.wav
F01CD.WAV sfx/towners/witch05.wav
F01CE.WAV sfx/towners/witch06.wav
F01CF.WAV sfx/towners/witch07.wav
F01D0.WAV sfx/towners/witch08.wav
F01D1.WAV sfx/towners/witch09.wav
F01D2.WAV sfx/towners/witch10.wav
F01D3.WAV sfx/towners/witch11.wav
F01D4.WAV sfx/towners/witch12.wav
F01D5.WAV sfx/towners/witch13.wav
F01D6.WAV sfx/towners/witch14.wav
F01D7.WAV sfx/towners/witch15.wav
F01D8.WAV sfx/towners/witch16.wav
F01D9.WAV sfx/towners/witch17.wav
F01DA.WAV sfx/towners/witch18.wav
F01DB.WAV sfx/towners/witch19.wav
F01DC.WAV sfx/towners/witch20.wav
F01DD.WAV sfx/towners/witch21.wav
F01DE.WAV sfx/towners/witch22.wav
F01DF.WAV sfx/towners/witch23.wav
F01E0.WAV sfx/towners/witch24.wav
F01E1.WAV sfx/towners/witch25.wav
F01E2.WAV sfx/towners/witch26.wav
F01E3.WAV sfx/towners/witch27.wav
F01E4.WAV sfx/towners/witch28.wav
F01E5.WAV sfx/towners/witch29.wav
F01E6.WAV sfx/towners/witch30.wav
F01E7.WAV sfx/towners/witch31.wav
F01E8.WAV sfx/towners/witch32.wav
F01E9.WAV sfx/towners/witch33.wav
F01EA.WAV sfx/towners/witch34.wav
F01EB.WAV sfx/towners/witch35.wav
F01EC.WAV sfx/towners/witch36.wav
F01ED.WAV sfx/towners/witch37.wav
F01EE.WAV Sfx/Towners/Witch38.wav
F01EF.WAV sfx/towners/witch39.wav
F01F0.WAV sfx/towners/witch40.wav
F01F1.WAV sfx/towners/witch41.wav
F01F2.WAV sfx/towners/witch42.wav
F01F3.WAV sfx/towners/witch43.wav
F01F4.WAV sfx/towners/witch44.wav
F01F5.WAV sfx/towners/witch45.wav
F01F6.WAV sfx/towners/witch46.wav
F01F7.WAV sfx/towners/witch47.wav
F01F8.WAV sfx/towners/witch48.wav
F01F9.WAV sfx/towners/witch49.wav
F01FA.WAV sfx/towners/witch50.wav
F01FB.WAV sfx/towners/wound01.wav
F01FC.WAV sfx/sorceror/mage01.wav
F01FD.WAV sfx/sorceror/mage02.wav
F01FE.WAV sfx/sorceror/mage03.wav
F01FF.WAV sfx/sorceror/mage04.wav
F0200.WAV sfx/sorceror/mage05.wav
F0201.WAV sfx/sorceror/mage06.wav
F0202.WAV sfx/sorceror/mage07.wav
F0203.WAV sfx/sorceror/mage08.wav
F0204.WAV sfx/sorceror/mage09.wav
F0205.WAV sfx/sorceror/mage10.wav
F0206.WAV sfx/sorceror/mage11.wav
F0207.WAV sfx/sorceror/mage12.wav
F0208.WAV sfx/sorceror/mage13.wav
F0209.WAV sfx/sorceror/mage14.wav
F020A.WAV sfx/sorceror/mage15.wav
F020B.WAV sfx/sorceror/mage16.wav
F020C.WAV sfx/sorceror/mage17.wav
F020D.WAV sfx/sorceror/mage18.wav
F020E.WAV sfx/sorceror/mage19.wav
F020F.WAV sfx/sorceror/mage20.wav
F0210.WAV sfx/sorceror/mage21.wav
F0211.WAV sfx/sorceror/mage22.wav
F0212.WAV sfx/sorceror/mage23.wav
F0213.WAV sfx/sorceror/mage24.wav
F0214.WAV sfx/sorceror/mage25.wav
F0215.WAV sfx/sorceror/mage26.wav
F0216.WAV sfx/sorceror/mage27.wav
F0217.WAV sfx/sorceror/mage28.wav
F0218.WAV sfx/sorceror/mage29.wav
F0219.WAV sfx/sorceror/mage30.wav
F021A.WAV sfx/sorceror/mage31.wav
F021B.WAV sfx/sorceror/mage32.wav
F021C.WAV sfx/sorceror/mage33.wav
F021D.WAV sfx/sorceror/mage34.wav
F021E.WAV sfx/sorceror/mage35.wav
F021F.WAV sfx/sorceror/mage36.wav
F0220.WAV sfx/sorceror/mage37.wav
F0221.WAV sfx/sorceror/mage38.wav
F0222.WAV sfx/sorceror/mage39.wav
F0223.WAV sfx/sorceror/mage40.wav
F0224.WAV sfx/sorceror/mage41.wav
F0225.WAV sfx/sorceror/mage42.wav
F0226.WAV sfx/sorceror/mage43.wav
F0227.WAV sfx/sorceror/mage44.wav
F0228.WAV sfx/sorceror/mage45.wav
F0229.WAV sfx/sorceror/mage46.wav
F022A.WAV sfx/sorceror/mage47.wav
F022B.WAV sfx/sorceror/mage48.wav
F022C.WAV sfx/sorceror/mage49.wav
F022D.WAV sfx/sorceror/mage50.wav
F022D.WAV sfx/animals/mage50.wav
F022E.WAV sfx/sorceror/mage51.wav
F022F.WAV sfx/sorceror/mage52.wav
F0230.WAV sfx/sorceror/mage53.wav
F0231.WAV sfx/sorceror/mage54.wav
F0232.WAV sfx/sorceror/mage55.wav
F0233.WAV sfx/sorceror/mage56.wav
F0234.WAV sfx/sorceror/mage57.wav
F0235.WAV sfx/sorceror/mage58.wav
F0236.WAV sfx/sorceror/mage59.wav
F0237.WAV sfx/sorceror/mage60.wav
F0238.WAV sfx/sorceror/mage61.wav
F0239.WAV sfx/sorceror/mage62.wav
F023A.WAV sfx/sorceror/mage63.wav
F023B.WAV sfx/sorceror/mage64.wav
F023C.WAV sfx/sorceror/mage65.wav
F023D.WAV sfx/sorceror/mage66.wav
F023E.WAV sfx/sorceror/mage67.wav
F023F.WAV sfx/sorceror/mage68.wav
F0240.WAV sfx/sorceror/mage69.wav
F0241.WAV sfx/sorceror/mage69b.wav
F0242.WAV sfx/sorceror/mage70.wav
F0243.WAV sfx/sorceror/mage71.wav
F0244.WAV sfx/sorceror/mage72.wav
F0245.WAV sfx/sorceror/mage73.wav
F0246.WAV sfx/sorceror/mage74.wav
F0247.WAV sfx/sorceror/mage75.wav
F0248.WAV sfx/sorceror/mage76.wav
F0249.WAV sfx/sorceror/mage77.wav
F024A.WAV sfx/sorceror/mage78.wav
F024B.WAV sfx/sorceror/mage79.wav
F024C.WAV sfx/sorceror/mage80.wav
F024D.WAV sfx/sorceror/mage81.wav
F024E.WAV sfx/sorceror/mage82.wav
F024F.WAV sfx/sorceror/mage83.wav
F0250.WAV sfx/sorceror/mage84.wav
F0251.WAV sfx/sorceror/mage85.wav
F0252.WAV sfx/sorceror/mage86.wav
F0253.WAV sfx/sorceror/mage87.wav
F0254.WAV sfx/sorceror/mage88.wav
F0255.WAV sfx/sorceror/mage89.wav
F0256.WAV sfx/sorceror/mage90.wav
F0257.WAV sfx/sorceror/mage91.wav
F0258.WAV sfx/sorceror/mage92.wav
F0259.WAV sfx/sorceror/mage93.wav
F025A.WAV sfx/sorceror/mage94.wav
F025B.WAV sfx/sorceror/mage95.wav
F025C.WAV sfx/sorceror/mage96.wav
F025D.WAV sfx/sorceror/mage97.wav
F025E.WAV sfx/sorceror/mage98.wav
F025F.WAV sfx/sorceror/mage99.wav
F0260.WAV sfx/sorceror/mage100.wav
F0261.WAV sfx/sorceror/mage101.wav
F0262.WAV sfx/sorceror/mage102.wav
F0264.WAV sfx/rogue/rogue01.wav
F0265.WAV sfx/rogue/rogue02.wav
F0266.WAV sfx/rogue/rogue03.wav
F0267.WAV sfx/rogue/rogue04.wav
F0268.WAV sfx/rogue/rogue05.wav
F0269.WAV sfx/rogue/rogue06.wav
F026A.WAV sfx/rogue/rogue07.wav
F026B.WAV sfx/rogue/rogue08.wav
F026C.WAV sfx/rogue/rogue09.wav
F026D.WAV sfx/rogue/rogue10.wav
F026E.WAV sfx/rogue/rogue11.wav
F026F.WAV sfx/rogue/rogue12.wav
F0270.WAV sfx/rogue/rogue13.wav
F0271.WAV sfx/rogue/rogue14.wav
F0272.WAV sfx/rogue/rogue15.wav
F0273.WAV sfx/rogue/rogue16.wav
F0274.WAV sfx/rogue/rogue17.wav
F0275.WAV sfx/rogue/rogue18.wav
F0276.WAV sfx/rogue/rogue19.wav
F0277.WAV sfx/rogue/rogue20.wav
F0278.WAV sfx/rogue/rogue21.wav
F0279.WAV sfx/rogue/rogue22.wav
F027A.WAV sfx/rogue/rogue23.wav
F027B.WAV sfx/rogue/rogue24.wav
F027C.WAV sfx/rogue/rogue25.wav
F027D.WAV sfx/rogue/rogue26.wav
F027E.WAV sfx/rogue/rogue27.wav
F027F.WAV sfx/rogue/rogue28.wav
F0280.WAV sfx/rogue/rogue29.wav
F0281.WAV sfx/rogue/rogue30.wav
F0282.WAV sfx/rogue/rogue31.wav
F0283.WAV sfx/rogue/rogue32.wav
F0284.WAV sfx/rogue/rogue33.wav
F0285.WAV sfx/rogue/rogue34.wav
F0286.WAV sfx/rogue/rogue35.wav
F0287.WAV sfx/rogue/rogue36.wav
F0288.WAV sfx/rogue/rogue37.wav
F0289.WAV sfx/rogue/rogue38.wav
F028A.WAV sfx/rogue/rogue39.wav
F028B.WAV sfx/rogue/rogue40.wav
F028C.WAV sfx/rogue/rogue41.wav
F028D.WAV sfx/rogue/rogue42.wav
F028E.WAV sfx/rogue/rogue43.wav
F028F.WAV sfx/rogue/rogue44.wav
F0290.WAV sfx/rogue/rogue45.wav
F0291.WAV sfx/rogue/rogue46.wav
F0292.WAV sfx/rogue/rogue47.wav
F0293.WAV sfx/rogue/rogue48.wav
F0294.WAV sfx/rogue/rogue49.wav
F0295.WAV sfx/rogue/rogue50.wav
F0295.WAV sfx/animals/rogue50.wav
F0296.WAV sfx/rogue/rogue51.wav
F0297.WAV sfx/rogue/rogue52.wav
F0298.WAV sfx/rogue/rogue53.wav
F0299.WAV sfx/rogue/rogue54.wav
F029A.WAV sfx/rogue/rogue55.wav
F029B.WAV sfx/rogue/rogue56.wav
F029C.WAV sfx/rogue/rogue57.wav
F029D.WAV sfx/rogue/rogue58.wav
F029E.WAV sfx/rogue/rogue59.wav
F029F.WAV sfx/rogue/rogue60.wav
F02A0.WAV sfx/rogue/rogue61.wav
F02A1.WAV sfx/rogue/rogue62.wav
F02A2.WAV sfx/rogue/rogue63.wav
F02A3.WAV sfx/rogue/rogue64.wav
F02A4.WAV sfx/rogue/rogue65.wav
F02A5.WAV sfx/rogue/rogue66.wav
F02A6.WAV sfx/rogue/rogue67.wav
F02A7.WAV sfx/rogue/rogue68.wav
F02A8.WAV sfx/rogue/rogue69.wav
F02A9.WAV sfx/rogue/rogue69b.wav
F02AA.WAV sfx/rogue/rogue70.wav
F02AB.WAV sfx/rogue/rogue71.wav
F02AC.WAV sfx/rogue/rogue72.wav
F02AD.WAV sfx/rogue/rogue73.wav
F02AE.WAV sfx/rogue/rogue74.wav
F02AF.WAV sfx/rogue/rogue75.wav
F02B0.WAV sfx/rogue/rogue76.wav
F02B1.WAV sfx/rogue/rogue77.wav
F02B2.WAV sfx/rogue/rogue78.wav
F02B3.WAV sfx/rogue/rogue79.wav
F02B4.WAV sfx/rogue/rogue80.wav
F02B5.WAV sfx/rogue/rogue81.wav
F02B6.WAV sfx/rogue/rogue82.wav
F02B7.WAV sfx/rogue/rogue83.wav
F02B8.WAV sfx/rogue/rogue84.wav
F02B9.WAV sfx/rogue/rogue85.wav
F02BA.WAV sfx/rogue/rogue86.wav
F02BB.WAV sfx/rogue/rogue87.wav
F02BC.WAV sfx/rogue/rogue88.wav
F02BD.WAV sfx/rogue/rogue89.wav
F02BE.WAV sfx/rogue/rogue90.wav
F02BF.WAV sfx/rogue/rogue91.wav
F02C0.WAV sfx/rogue/rogue92.wav
F02C1.WAV sfx/rogue/rogue93.wav
F02C2.WAV sfx/rogue/rogue94.wav
F02C3.WAV sfx/rogue/rogue95.wav
F02C4.WAV sfx/rogue/rogue96.wav
F02C5.WAV sfx/rogue/rogue97.wav
F02C6.WAV sfx/rogue/rogue98.wav
F02C7.WAV sfx/rogue/rogue99.wav
F02C8.WAV sfx/rogue/rogue100.wav
F02C9.WAV sfx/rogue/rogue101.wav
F02CA.WAV sfx/rogue/rogue102.wav
F02CC.WAV sfx/warrior/warior01.wav
F02CD.WAV sfx/warrior/warior02.wav
F02CE.WAV sfx/warrior/warior03.wav
F02CF.WAV sfx/warrior/warior04.wav
F02D0.WAV sfx/warrior/warior05.wav
F02D1.WAV sfx/warrior/warior06.wav
F02D2.WAV sfx/warrior/warior07.wav
F02D3.WAV sfx/warrior/warior08.wav
F02D4.WAV sfx/warrior/warior09.wav
F02D5.WAV sfx/warrior/warior10.wav
F02D6.WAV sfx/warrior/warior11.wav
F02D7.WAV sfx/warrior/warior12.wav
F02D8.WAV Sfx/Warrior/Warior13.wav
F02D9.WAV Sfx/Warrior/Warior14.wav
F02DA.WAV Sfx/Warrior/Wario14b.wav
F02DB.WAV Sfx/Warrior/Wario14c.wav
F02DC.WAV Sfx/Warrior/Warior15.wav
F02DD.WAV Sfx/Warrior/Wario15b.wav
F02DE.WAV Sfx/Warrior/Wario15c.wav
F02DF.WAV Sfx/Warrior/Warior16.wav
F02E0.WAV Sfx/Warrior/Wario16b.wav
F02E1.WAV Sfx/Warrior/Wario16c.wav
F02E2.WAV Sfx/Warrior/Warior17.wav
F02E3.WAV Sfx/Warrior/Warior18.wav
F02E4.WAV Sfx/Warrior/Warior19.wav
F02E5.WAV Sfx/Warrior/Warior20.wav
F02E6.WAV Sfx/Warrior/Warior21.wav
F02E7.WAV Sfx/Warrior/Warior22.wav
F02E8.WAV Sfx/Warrior/Warior23.wav
F02E9.WAV Sfx/Warrior/Warior24.wav
F02EA.WAV Sfx/Warrior/Warior25.wav
F02EB.WAV Sfx/Warrior/Warior26.wav
F02EC.WAV sfx/warrior/warior27.wav
F02ED.WAV sfx/warrior/warior28.wav
F02EE.WAV sfx/warrior/warior29.wav
F02EF.WAV sfx/warrior/warior30.wav
F02F0.WAV sfx/warrior/warior31.wav
F02F1.WAV sfx/warrior/warior32.wav
F02F2.WAV sfx/warrior/warior33.wav
F02F3.WAV sfx/warrior/warior34.wav
F02F4.WAV Sfx/Warrior/Warior35.wav
F02F5.WAV Sfx/Warrior/Warior36.wav
F02F6.WAV Sfx/Warrior/Warior37.wav
F02F7.WAV Sfx/Warrior/Warior38.wav
F02F8.WAV Sfx/Warrior/Warior39.wav
F02F9.WAV sfx/warrior/warior40.wav
F02FA.WAV Sfx/Warrior/Warior41.wav
F02FB.WAV sfx/warrior/warior42.wav
F02FC.WAV Sfx/Warrior/Warior43.wav
F02FD.WAV Sfx/Warrior/Warior44.wav
F02FE.WAV Sfx/Warrior/Warior45.wav
F02FF.WAV sfx/warrior/warior46.wav
F0300.WAV sfx/warrior/warior47.wav
F0301.WAV Sfx/Warrior/Warior48.wav
F0302.WAV sfx/warrior/warior49.wav
F0303.WAV sfx/warrior/warior50.wav
F0304.WAV Sfx/Warrior/Warior51.wav
F0305.WAV sfx/warrior/warior52.wav
F0306.WAV sfx/warrior/warior53.wav
F0307.WAV Sfx/Warrior/Warior54.wav
F0308.WAV sfx/warrior/warior55.wav
F0309.WAV Sfx/Warrior/Warior56.wav
F030A.WAV Sfx/Warrior/Warior57.wav
F030B.WAV Sfx/Warrior/Warior58.wav
F030C.WAV sfx/warrior/warior59.wav
F030D.WAV Sfx/Warrior/Warior60.wav
F030E.WAV sfx/warrior/warior61.wav
F030F.WAV sfx/warrior/warior62.wav
F0310.WAV Sfx/Warrior/Warior63.wav
F0311.WAV Sfx/Warrior/Warior64.wav
F0312.WAV sfx/warrior/warior65.wav
F0313.WAV sfx/warrior/warior66.wav
F0314.WAV sfx/warrior/warior67.wav
F0315.WAV sfx/warrior/warior68.wav
F0316.WAV sfx/warrior/warior69.wav
F0317.WAV sfx/warrior/wario69b.wav
F0318.WAV Sfx/Warrior/Warior70.wav
F0319.WAV Sfx/Warrior/Warior71.wav
F031A.WAV Sfx/Warrior/Warior72.wav
F031B.WAV sfx/warrior/warior73.wav
F031C.WAV Sfx/Warrior/Warior74.wav
F031D.WAV Sfx/Warrior/Warior75.wav
F031E.WAV Sfx/Warrior/Warior76.wav
F031F.WAV Sfx/Warrior/Warior77.wav
F0320.WAV Sfx/Warrior/Warior78.wav
F0321.WAV Sfx/Warrior/Warior79.wav
F0322.WAV sfx/warrior/warior80.wav
F0323.WAV sfx/warrior/warior81.wav
F0324.WAV sfx/warrior/warior82.wav
F0325.WAV sfx/warrior/warior83.wav
F0326.WAV sfx/warrior/warior84.wav
F0327.WAV sfx/warrior/warior85.wav
F0328.WAV sfx/warrior/warior86.wav
F0329.WAV sfx/warrior/warior87.wav
F032A.WAV sfx/warrior/warior88.wav
F032B.WAV sfx/warrior/warior89.wav
F032C.WAV sfx/warrior/warior90.wav
F032D.WAV sfx/warrior/warior91.wav
F032E.WAV sfx/warrior/warior92.wav
F032F.WAV sfx/warrior/warior93.wav
F0330.WAV sfx/warrior/warior94.wav
F0331.WAV sfx/warrior/warior95.wav
F0332.WAV Sfx/Warrior/Wario95b.wav
F0333.WAV Sfx/Warrior/Wario95c.wav
F0334.WAV Sfx/Warrior/Wario95d.wav
F0335.WAV Sfx/Warrior/Wario95e.wav
F0336.WAV Sfx/Warrior/Wario95f.wav
F0337.WAV Sfx/Warrior/Wario96b.wav
F0338.WAV sfx/warrior/warior97.wav
F0339.WAV Sfx/Warrior/Wario98.wav
F033A.WAV sfx/warrior/warior99.wav
F033B.WAV Sfx/Warrior/Wario100.wav
F033C.WAV Sfx/Warrior/Wario101.wav
F033D.WAV sfx/warrior/wario102.wav
F033F.WAV sfx/narrator/nar01.wav
F0340.WAV sfx/narrator/nar02.wav
F0341.WAV sfx/narrator/nar03.wav
F0342.WAV sfx/narrator/nar04.wav
F0343.WAV sfx/narrator/nar05.wav
F0344.WAV sfx/narrator/nar06.wav
F0345.WAV sfx/narrator/nar07.wav
F0346.WAV sfx/narrator/nar08.wav
F0347.WAV sfx/narrator/nar09.wav
F0349.WAV sfx/monsters/butcher.wav
F034A.WAV sfx/monsters/garbud01.wav
F034B.WAV sfx/monsters/garbud02.wav
F034C.WAV sfx/monsters/garbud03.wav
F034D.WAV sfx/monsters/garbud04.wav
F034E.WAV sfx/monsters/izual01.wav
F034F.WAV sfx/monsters/lach01.wav
F0350.WAV sfx/monsters/lach02.wav
F0351.WAV sfx/monsters/lach03.wav
F0352.WAV sfx/monsters/laz01.wav
F0353.WAV sfx/monsters/laz02.wav
F0354.WAV sfx/monsters/sking01.wav
F0355.WAV sfx/monsters/snot01.wav
F0356.WAV sfx/monsters/snot02.wav
F0357.WAV sfx/monsters/snot03.wav
F0358.WAV sfx/monsters/warlrd01.wav
F0359.WAV sfx/monsters/wlock01.wav
F035A.WAV sfx/monsters/zhar01.wav
F035B.WAV sfx/monsters/zhar02.wav
F035C.WAV sfx/monsters/diablod.wav
M000C.WAV sfx/misc/questdon.wav
M002E.WAV sfx/items/readbook.wav
M0069.WAV sfx/misc/portal.wav
M006B.WAV sfx/misc/resur.wav
M0348.WAV sfx/misc/lvl16int.wav
M03CD.WAV music/dtowne.wav
M03CE.WAV music/dlvla.wav
M03CF.WAV music/dlvlb.wav
M03D0.WAV music/dlvlc.wav
M03D1.WAV music/dlvld.wav
M03D2.WAV music/dintro.wav
ROGUE69C.WAV sfx/rogue/rogue69c.wav
ROGUE71B.WAV sfx/rogue/rogue71b.wav
WARIO96C.WAV Sfx/Warrior/Wario96c.wav
WARIOR96.WAV sfx/warrior/warior96.wav
WARIOR97.WAV sfx/warrior/warior97.wav
WARIOR98.WAV sfx/warrior/warior98.wav
