E0079.WAV sfx/towners/bmaid01.wav
E007A.WAV sfx/towners/bmaid02.wav
E007B.WAV sfx/towners/bmaid03.wav
E007C.WAV sfx/towners/bmaid04.wav
E007D.WAV sfx/towners/bmaid05.wav
E007E.WAV sfx/towners/bmaid06.wav
E007F.WAV sfx/towners/bmaid07.wav
E0080.WAV sfx/towners/bmaid08.wav
E0081.WAV sfx/towners/bmaid09.wav
E0082.WAV sfx/towners/bmaid10.wav
E0083.WAV sfx/towners/bmaid11.wav
E0084.WAV sfx/towners/bmaid12.wav
E0085.WAV sfx/towners/bmaid13.wav
E0086.WAV sfx/towners/bmaid14.wav
E0087.WAV sfx/towners/bmaid15.wav
E0088.WAV sfx/towners/bmaid16.wav
E0089.WAV sfx/towners/bmaid17.wav
E008A.WAV sfx/towners/bmaid18.wav
E008B.WAV sfx/towners/bmaid19.wav
E008C.WAV sfx/towners/bmaid20.wav
E008D.WAV sfx/towners/bmaid21.wav
E008E.WAV sfx/towners/bmaid22.wav
E008F.WAV sfx/towners/bmaid23.wav
E0090.WAV sfx/towners/bmaid24.wav
E0091.WAV sfx/towners/bmaid25.wav
E0092.WAV sfx/towners/bmaid26.wav
E0093.WAV sfx/towners/bmaid27.wav
E0094.WAV sfx/towners/bmaid28.wav
E0095.WAV sfx/towners/bmaid29.wav
E0096.WAV sfx/towners/bmaid30.wav
E0097.WAV Sfx/Towners/Bmaid31.wav
E0098.WAV sfx/towners/bmaid32.wav
E0099.WAV sfx/towners/bmaid33.wav
E009A.WAV sfx/towners/bmaid34.wav
E009B.WAV sfx/towners/bmaid35.wav
E009C.WAV sfx/towners/bmaid36.wav
E009D.WAV sfx/towners/bmaid37.wav
E009E.WAV sfx/towners/bmaid38.wav
E009F.WAV sfx/towners/bmaid39.wav
E00A0.WAV sfx/towners/bmaid40.wav
E00A1.WAV sfx/towners/bsmith01.wav
E00A2.WAV sfx/towners/bsmith02.wav
E00A3.WAV sfx/towners/bsmith03.wav
E00A4.WAV sfx/towners/bsmith04.wav
E00A5.WAV sfx/towners/bsmith05.wav
E00A6.WAV sfx/towners/bsmith06.wav
E00A7.WAV sfx/towners/bsmith07.wav
E00A8.WAV sfx/towners/bsmith08.wav
E00A9.WAV sfx/towners/bsmith09.wav
E00AA.WAV sfx/towners/bsmith10.wav
E00AB.WAV sfx/towners/bsmith11.wav
E00AC.WAV sfx/towners/bsmith12.wav
E00AD.WAV sfx/towners/bsmith13.wav
E00AE.WAV sfx/towners/bsmith14.wav
E00AF.WAV sfx/towners/bsmith15.wav
E00B0.WAV sfx/towners/bsmith16.wav
E00B1.WAV sfx/towners/bsmith17.wav
E00B2.WAV sfx/towners/bsmith18.wav
E00B3.WAV sfx/towners/bsmith19.wav
E00B4.WAV sfx/towners/bsmith20.wav
E00B5.WAV sfx/towners/bsmith21.wav
E00B6.WAV sfx/towners/bsmith22.wav
E00B7.WAV sfx/towners/bsmith23.wav
E00B8.WAV sfx/towners/bsmith24.wav
E00B9.WAV sfx/towners/bsmith25.wav
E00BA.WAV sfx/towners/bsmith26.wav
E00BB.WAV sfx/towners/bsmith27.wav
E00BC.WAV sfx/towners/bsmith28.wav
E00BD.WAV sfx/towners/bsmith29.wav
E00BE.WAV sfx/towners/bsmith30.wav
E00BF.WAV sfx/towners/bsmith31.wav
E00C0.WAV sfx/towners/bsmith32.wav
E00C1.WAV sfx/towners/bsmith33.wav
E00C2.WAV sfx/towners/bsmith34.wav
E00C3.WAV sfx/towners/bsmith35.wav
E00C4.WAV sfx/towners/bsmith36.wav
E00C5.WAV sfx/towners/bsmith37.wav
E00C6.WAV sfx/towners/bsmith38.wav
E00C7.WAV sfx/towners/bsmith39.wav
E00C8.WAV sfx/towners/bsmith40.wav
E00C9.WAV sfx/towners/bsmith41.wav
E00CA.WAV sfx/towners/bsmith42.wav
E00CB.WAV sfx/towners/bsmith43.wav
E00CC.WAV Sfx/Towners/Bsmith44.wav
E00CD.WAV sfx/towners/bsmith45.wav
E00CE.WAV sfx/towners/bsmith46.wav
E00CF.WAV sfx/towners/bsmith47.wav
E00D0.WAV sfx/towners/bsmith48.wav
E00D1.WAV sfx/towners/bsmith49.wav
E00D2.WAV sfx/towners/bsmith50.wav
E00D3.WAV sfx/towners/bsmith51.wav
E00D4.WAV sfx/towners/bsmith52.wav
E00D5.WAV sfx/towners/bsmith53.wav
E00D6.WAV sfx/towners/bsmith54.wav
E00D7.WAV sfx/towners/bsmith55.wav
E00D8.WAV sfx/towners/bsmith56.wav
E00D9.WAV Sfx/Towners/Cow1.wav
E00DA.WAV Sfx/Towners/Cow2.wav
E00E8.WAV sfx/towners/cow3.wav
E00E9.WAV sfx/towners/cow4.wav
E00EA.WAV sfx/towners/cow5.wav
E00EB.WAV sfx/towners/cow6.wav
E00EC.WAV sfx/towners/cow7.wav
E00ED.WAV sfx/towners/cow8.wav
E00EE.WAV sfx/towners/deadguy2.wav
E00EF.WAV sfx/towners/drunk01.wav
E00F0.WAV sfx/towners/drunk02.wav
E00F1.WAV sfx/towners/drunk03.wav
E00F2.WAV sfx/towners/drunk04.wav
E00F3.WAV sfx/towners/drunk05.wav
E00F4.WAV sfx/towners/drunk06.wav
E00F5.WAV sfx/towners/drunk07.wav
E00F6.WAV sfx/towners/drunk08.wav
E00F7.WAV sfx/towners/drunk09.wav
E00F8.WAV sfx/towners/drunk10.wav
E00F9.WAV sfx/towners/drunk11.wav
E00FA.WAV sfx/towners/drunk12.wav
E00FB.WAV sfx/towners/drunk13.wav
E00FC.WAV sfx/towners/drunk14.wav
E00FD.WAV sfx/towners/drunk15.wav
E00FE.WAV sfx/towners/drunk16.wav
E00FF.WAV sfx/towners/drunk17.wav
E0100.WAV sfx/towners/drunk18.wav
E0101.WAV sfx/towners/drunk19.wav
E0102.WAV sfx/towners/drunk20.wav
E0103.WAV sfx/towners/drunk21.wav
E0104.WAV sfx/towners/drunk22.wav
E0105.WAV sfx/towners/drunk23.wav
E0106.WAV sfx/towners/drunk24.wav
E0107.WAV sfx/towners/drunk25.wav
E0108.WAV sfx/towners/drunk26.wav
E0109.WAV Sfx/Towners/Drunk27.wav
E010A.WAV sfx/towners/drunk28.wav
E010B.WAV sfx/towners/drunk29.wav
E010C.WAV sfx/towners/drunk30.wav
E010D.WAV sfx/towners/drunk31.wav
E010E.WAV sfx/towners/drunk32.wav
E010F.WAV sfx/towners/drunk33.wav
E0110.WAV sfx/towners/drunk34.wav
E0111.WAV sfx/towners/drunk35.wav
E0112.WAV sfx/towners/healer01.wav
E0113.WAV sfx/towners/healer02.wav
E0114.WAV sfx/towners/healer03.wav
E0115.WAV sfx/towners/healer04.wav
E0116.WAV sfx/towners/healer05.wav
E0117.WAV sfx/towners/healer06.wav
E0118.WAV sfx/towners/healer07.wav
E0119.WAV sfx/towners/healer08.wav
E011A.WAV sfx/towners/healer09.wav
E011B.WAV sfx/towners/healer10.wav
E011C.WAV sfx/towners/healer11.wav
E011D.WAV sfx/towners/healer12.wav
E011E.WAV sfx/towners/healer13.wav
E011F.WAV sfx/towners/healer14.wav
E0120.WAV sfx/towners/healer15.wav
E0121.WAV sfx/towners/healer16.wav
E0122.WAV sfx/towners/healer17.wav
E0123.WAV sfx/towners/healer18.wav
E0124.WAV sfx/towners/healer19.wav
E0125.WAV sfx/towners/healer20.wav
E0126.WAV sfx/towners/healer21.wav
E0127.WAV sfx/towners/healer22.wav
E0128.WAV sfx/towners/healer23.wav
E0129.WAV sfx/towners/healer24.wav
E012A.WAV sfx/towners/healer25.wav
E012B.WAV sfx/towners/healer26.wav
E012C.WAV sfx/towners/healer27.wav
E012D.WAV sfx/towners/healer28.wav
E012E.WAV sfx/towners/healer29.wav
E012F.WAV sfx/towners/healer30.wav
E0130.WAV sfx/towners/healer31.wav
E0131.WAV sfx/towners/healer32.wav
E0132.WAV sfx/towners/healer33.wav
E0133.WAV sfx/towners/healer34.wav
E0134.WAV sfx/towners/healer35.wav
E0135.WAV sfx/towners/healer36.wav
E0136.WAV Sfx/Towners/Healer37.wav
E0137.WAV sfx/towners/healer38.wav
E0138.WAV sfx/towners/healer39.wav
E0139.WAV sfx/towners/healer40.wav
E013A.WAV sfx/towners/healer41.wav
E013B.WAV sfx/towners/healer42.wav
E013C.WAV sfx/towners/healer43.wav
E013D.WAV sfx/towners/healer44.wav
E013E.WAV sfx/towners/healer45.wav
E013F.WAV sfx/towners/healer46.wav
E0140.WAV sfx/towners/healer47.wav
E0141.WAV sfx/towners/pegboy01.wav
E0142.WAV sfx/towners/pegboy02.wav
E0143.WAV sfx/towners/pegboy03.wav
E0144.WAV sfx/towners/pegboy04.wav
E0145.WAV sfx/towners/pegboy05.wav
E0146.WAV sfx/towners/pegboy06.wav
E0147.WAV sfx/towners/pegboy07.wav
E0148.WAV sfx/towners/pegboy08.wav
E0149.WAV sfx/towners/pegboy09.wav
E014A.WAV sfx/towners/pegboy10.wav
E014B.WAV sfx/towners/pegboy11.wav
E014C.WAV sfx/towners/pegboy12.wav
E014D.WAV sfx/towners/pegboy13.wav
E014E.WAV sfx/towners/pegboy14.wav
E014F.WAV sfx/towners/pegboy15.wav
E0150.WAV sfx/towners/pegboy16.wav
E0151.WAV sfx/towners/pegboy17.wav
E0152.WAV sfx/towners/pegboy18.wav
E0153.WAV sfx/towners/pegboy19.wav
E0154.WAV sfx/towners/pegboy20.wav
E0155.WAV sfx/towners/pegboy21.wav
E0156.WAV sfx/towners/pegboy22.wav
E0157.WAV sfx/towners/pegboy23.wav
E0158.WAV sfx/towners/pegboy24.wav
E0159.WAV sfx/towners/pegboy25.wav
E015A.WAV sfx/towners/pegboy26.wav
E015B.WAV sfx/towners/pegboy27.wav
E015C.WAV sfx/towners/pegboy28.wav
E015D.WAV sfx/towners/pegboy29.wav
E015E.WAV sfx/towners/pegboy30.wav
E015F.WAV sfx/towners/pegboy31.wav
E0160.WAV Sfx/Towners/Pegboy32.wav
E0161.WAV sfx/towners/pegboy33.wav
E0162.WAV sfx/towners/pegboy34.wav
E0163.WAV sfx/towners/pegboy35.wav
E0164.WAV sfx/towners/pegboy36.wav
E0165.WAV sfx/towners/pegboy37.wav
E0166.WAV sfx/towners/pegboy38.wav
E0167.WAV sfx/towners/pegboy39.wav
E0168.WAV sfx/towners/pegboy40.wav
E0169.WAV sfx/towners/pegboy41.wav
E016A.WAV sfx/towners/pegboy42.wav
E016B.WAV sfx/towners/pegboy43.wav
E016C.WAV sfx/towners/priest00.wav
E016D.WAV sfx/towners/priest01.wav
E016E.WAV sfx/towners/priest02.wav
E016F.WAV sfx/towners/priest03.wav
E0170.WAV sfx/towners/priest04.wav
E0171.WAV sfx/towners/priest05.wav
E0172.WAV sfx/towners/priest06.wav
E0173.WAV sfx/towners/priest07.wav
E0174.WAV sfx/towners/storyt00.wav
E0175.WAV sfx/towners/storyt01.wav
E0176.WAV sfx/towners/storyt02.wav
E0177.WAV sfx/towners/storyt03.wav
E0178.WAV sfx/towners/storyt04.wav
E0179.WAV sfx/towners/storyt05.wav
E017A.WAV sfx/towners/storyt06.wav
E017B.WAV sfx/towners/storyt07.wav
E017C.WAV sfx/towners/storyt08.wav
E017D.WAV sfx/towners/storyt09.wav
E017E.WAV sfx/towners/storyt10.wav
E017F.WAV sfx/towners/storyt11.wav
E0180.WAV sfx/towners/storyt12.wav
E0181.WAV sfx/towners/storyt13.wav
E0182.WAV sfx/towners/storyt14.wav
E0183.WAV sfx/towners/storyt15.wav
E0184.WAV sfx/towners/storyt16.wav
E0185.WAV sfx/towners/storyt17.wav
E0186.WAV sfx/towners/storyt18.wav
E0187.WAV sfx/towners/storyt19.wav
E0188.WAV sfx/towners/storyt20.wav
E0189.WAV sfx/towners/storyt21.wav
E018A.WAV sfx/towners/storyt22.wav
E018B.WAV sfx/towners/storyt23.wav
E018C.WAV sfx/towners/storyt24.wav
E018D.WAV sfx/towners/storyt25.wav
E018E.WAV sfx/towners/storyt26.wav
E018F.WAV sfx/towners/storyt27.wav
E0190.WAV sfx/towners/storyt28.wav
E0191.WAV sfx/towners/storyt29.wav
E0192.WAV sfx/towners/storyt30.wav
E0193.WAV sfx/towners/storyt31.wav
E0194.WAV sfx/towners/storyt32.wav
E0195.WAV sfx/towners/storyt33.wav
E0196.WAV sfx/towners/storyt34.wav
E0197.WAV sfx/towners/storyt35.wav
E0198.WAV sfx/towners/storyt36.wav
E0199.WAV sfx/towners/storyt37.wav
E019A.WAV sfx/towners/storyt38.wav
E019B.WAV Sfx/Towners/Tavown00.wav
E019C.WAV sfx/towners/tavown01.wav
E019D.WAV sfx/towners/tavown02.wav
E019E.WAV sfx/towners/tavown03.wav
E019F.WAV sfx/towners/tavown04.wav
E01A0.WAV sfx/towners/tavown05.wav
E01A1.WAV sfx/towners/tavown06.wav
E01A2.WAV sfx/towners/tavown07.wav
E01A3.WAV sfx/towners/tavown08.wav
E01A4.WAV sfx/towners/tavown09.wav
E01A5.WAV sfx/towners/tavown10.wav
E01A6.WAV sfx/towners/tavown11.wav
E01A7.WAV sfx/towners/tavown12.wav
E01A8.WAV sfx/towners/tavown13.wav
E01A9.WAV sfx/towners/tavown14.wav
E01AA.WAV sfx/towners/tavown15.wav
E01AB.WAV sfx/towners/tavown16.wav
E01AC.WAV sfx/towners/tavown17.wav
E01AD.WAV sfx/towners/tavown18.wav
E01AE.WAV sfx/towners/tavown19.wav
E01AF.WAV sfx/towners/tavown20.wav
E01B0.WAV sfx/towners/tavown21.wav
E01B1.WAV sfx/towners/tavown22.wav
E01B2.WAV sfx/towners/tavown23.wav
E01B3.WAV sfx/towners/tavown24.wav
E01B4.WAV sfx/towners/tavown25.wav
E01B5.WAV sfx/towners/tavown26.wav
E01B6.WAV sfx/towners/tavown27.wav
E01B7.WAV sfx/towners/tavown28.wav
E01B8.WAV sfx/towners/tavown29.wav
E01B9.WAV sfx/towners/tavown30.wav
E01BA.WAV sfx/towners/tavown31.wav
E01BB.WAV sfx/towners/tavown32.wav
E01BC.WAV sfx/towners/tavown33.wav
E01BD.WAV sfx/towners/tavown34.wav
E01BE.WAV sfx/towners/tavown35.wav
E01BF.WAV sfx/towners/tavown36.wav
E01C0.WAV sfx/towners/tavown37.wav
E01C1.WAV sfx/towners/tavown38.wav
E01C2.WAV sfx/towners/tavown39.wav
E01C3.WAV sfx/towners/tavown40.wav
E01C4.WAV sfx/towners/tavown41.wav
E01C5.WAV sfx/towners/tavown42.wav
E01C6.WAV sfx/towners/tavown43.wav
E01C7.WAV sfx/towners/tavown44.wav
E01C8.WAV sfx/towners/tavown45.wav
E01C9.WAV sfx/towners/witch01.wav
E01CA.WAV sfx/towners/witch02.wav
E01CB.WAV sfx/towners/witch03.wav
E01CC.WAV sfx/towners/witch04.wav
E01CD.WAV sfx/towners/witch05.wav
E01CE.WAV sfx/towners/witch06.wav
E01CF.WAV sfx/towners/witch07.wav
E01D0.WAV sfx/towners/witch08.wav
E01D1.WAV sfx/towners/witch09.wav
E01D2.WAV sfx/towners/witch10.wav
E01D3.WAV sfx/towners/witch11.wav
E01D4.WAV sfx/towners/witch12.wav
E01D5.WAV sfx/towners/witch13.wav
E01D6.WAV sfx/towners/witch14.wav
E01D7.WAV sfx/towners/witch15.wav
E01D8.WAV sfx/towners/witch16.wav
E01D9.WAV sfx/towners/witch17.wav
E01DA.WAV sfx/towners/witch18.wav
E01DB.WAV sfx/towners/witch19.wav
E01DC.WAV sfx/towners/witch20.wav
E01DD.WAV sfx/towners/witch21.wav
E01DE.WAV sfx/towners/witch22.wav
E01DF.WAV sfx/towners/witch23.wav
E01E0.WAV sfx/towners/witch24.wav
E01E1.WAV sfx/towners/witch25.wav
E01E2.WAV sfx/towners/witch26.wav
E01E3.WAV sfx/towners/witch27.wav
E01E4.WAV sfx/towners/witch28.wav
E01E5.WAV sfx/towners/witch29.wav
E01E6.WAV sfx/towners/witch30.wav
E01E7.WAV sfx/towners/witch31.wav
E01E8.WAV sfx/towners/witch32.wav
E01E9.WAV sfx/towners/witch33.wav
E01EA.WAV sfx/towners/witch34.wav
E01EB.WAV sfx/towners/witch35.wav
E01EC.WAV sfx/towners/witch36.wav
E01ED.WAV sfx/towners/witch37.wav
E01EE.WAV Sfx/Towners/Witch38.wav
E01EF.WAV sfx/towners/witch39.wav
E01F0.WAV sfx/towners/witch40.wav
E01F1.WAV sfx/towners/witch41.wav
E01F2.WAV sfx/towners/witch42.wav
E01F3.WAV sfx/towners/witch43.wav
E01F4.WAV sfx/towners/witch44.wav
E01F5.WAV sfx/towners/witch45.wav
E01F6.WAV sfx/towners/witch46.wav
E01F7.WAV sfx/towners/witch47.wav
E01F8.WAV sfx/towners/witch48.wav
E01F9.WAV sfx/towners/witch49.wav
E01FA.WAV sfx/towners/witch50.wav
E01FB.WAV sfx/towners/wound01.wav
E01FC.WAV sfx/sorceror/mage01.wav
E01FD.WAV sfx/sorceror/mage02.wav
E01FE.WAV sfx/sorceror/mage03.wav
E01FF.WAV sfx/sorceror/mage04.wav
E0200.WAV sfx/sorceror/mage05.wav
E0201.WAV sfx/sorceror/mage06.wav
E0202.WAV sfx/sorceror/mage07.wav
E0203.WAV sfx/sorceror/mage08.wav
E0204.WAV sfx/sorceror/mage09.wav
E0205.WAV sfx/sorceror/mage10.wav
E0206.WAV sfx/sorceror/mage11.wav
E0207.WAV sfx/sorceror/mage12.wav
E0208.WAV sfx/sorceror/mage13.wav
E0209.WAV sfx/sorceror/mage14.wav
E020A.WAV sfx/sorceror/mage15.wav
E020B.WAV sfx/sorceror/mage16.wav
E020C.WAV sfx/sorceror/mage17.wav
E020D.WAV sfx/sorceror/mage18.wav
E020E.WAV sfx/sorceror/mage19.wav
E020F.WAV sfx/sorceror/mage20.wav
E0210.WAV sfx/sorceror/mage21.wav
E0211.WAV sfx/sorceror/mage22.wav
E0212.WAV sfx/sorceror/mage23.wav
E0213.WAV sfx/sorceror/mage24.wav
E0214.WAV sfx/sorceror/mage25.wav
E0215.WAV sfx/sorceror/mage26.wav
E0216.WAV sfx/sorceror/mage27.wav
E0217.WAV sfx/sorceror/mage28.wav
E0218.WAV sfx/sorceror/mage29.wav
E0219.WAV sfx/sorceror/mage30.wav
E021A.WAV sfx/sorceror/mage31.wav
E021B.WAV sfx/sorceror/mage32.wav
E021C.WAV sfx/sorceror/mage33.wav
E021D.WAV sfx/sorceror/mage34.wav
E021E.WAV sfx/sorceror/mage35.wav
E021F.WAV sfx/sorceror/mage36.wav
E0220.WAV sfx/sorceror/mage37.wav
E0221.WAV sfx/sorceror/mage38.wav
E0222.WAV sfx/sorceror/mage39.wav
E0223.WAV sfx/sorceror/mage40.wav
E0224.WAV sfx/sorceror/mage41.wav
E0225.WAV sfx/sorceror/mage42.wav
E0226.WAV sfx/sorceror/mage43.wav
E0227.WAV sfx/sorceror/mage44.wav
E0228.WAV sfx/sorceror/mage45.wav
E0229.WAV sfx/sorceror/mage46.wav
E022A.WAV sfx/sorceror/mage47.wav
E022B.WAV sfx/sorceror/mage48.wav
E022C.WAV sfx/sorceror/mage49.wav
E022D.WAV sfx/sorceror/mage50.wav
E022D.WAV sfx/animals/mage50.wav
E022E.WAV sfx/sorceror/mage51.wav
E022F.WAV sfx/sorceror/mage52.wav
E0230.WAV sfx/sorceror/mage53.wav
E0231.WAV sfx/sorceror/mage54.wav
E0232.WAV sfx/sorceror/mage55.wav
E0233.WAV sfx/sorceror/mage56.wav
E0234.WAV sfx/sorceror/mage57.wav
E0235.WAV sfx/sorceror/mage58.wav
E0236.WAV sfx/sorceror/mage59.wav
E0237.WAV sfx/sorceror/mage60.wav
E0238.WAV sfx/sorceror/mage61.wav
E0239.WAV sfx/sorceror/mage62.wav
E023A.WAV sfx/sorceror/mage63.wav
E023B.WAV sfx/sorceror/mage64.wav
E023C.WAV sfx/sorceror/mage65.wav
E023D.WAV sfx/sorceror/mage66.wav
E023E.WAV sfx/sorceror/mage67.wav
E023F.WAV sfx/sorceror/mage68.wav
E0240.WAV sfx/sorceror/mage69.wav
E0241.WAV sfx/sorceror/mage69b.wav
E0242.WAV sfx/sorceror/mage70.wav
E0243.WAV sfx/sorceror/mage71.wav
E0244.WAV sfx/sorceror/mage72.wav
E0245.WAV sfx/sorceror/mage73.wav
E0246.WAV sfx/sorceror/mage74.wav
E0247.WAV sfx/sorceror/mage75.wav
E0248.WAV sfx/sorceror/mage76.wav
E0249.WAV sfx/sorceror/mage77.wav
E024A.WAV sfx/sorceror/mage78.wav
E024B.WAV sfx/sorceror/mage79.wav
E024C.WAV sfx/sorceror/mage80.wav
E024D.WAV sfx/sorceror/mage81.wav
E024E.WAV sfx/sorceror/mage82.wav
E024F.WAV sfx/sorceror/mage83.wav
E0250.WAV sfx/sorceror/mage84.wav
E0251.WAV sfx/sorceror/mage85.wav
E0252.WAV sfx/sorceror/mage86.wav
E0253.WAV sfx/sorceror/mage87.wav
E0254.WAV sfx/sorceror/mage88.wav
E0255.WAV sfx/sorceror/mage89.wav
E0256.WAV sfx/sorceror/mage90.wav
E0257.WAV sfx/sorceror/mage91.wav
E0258.WAV sfx/sorceror/mage92.wav
E0259.WAV sfx/sorceror/mage93.wav
E025A.WAV sfx/sorceror/mage94.wav
E025B.WAV sfx/sorceror/mage95.wav
E025C.WAV sfx/sorceror/mage96.wav
E025D.WAV sfx/sorceror/mage97.wav
E025E.WAV sfx/sorceror/mage98.wav
E025F.WAV sfx/sorceror/mage99.wav
E0260.WAV sfx/sorceror/mage100.wav
E0261.WAV sfx/sorceror/mage101.wav
E0262.WAV sfx/sorceror/mage102.wav
E0264.WAV sfx/rogue/rogue01.wav
E0265.WAV sfx/rogue/rogue02.wav
E0266.WAV sfx/rogue/rogue03.wav
E0267.WAV sfx/rogue/rogue04.wav
E0268.WAV sfx/rogue/rogue05.wav
E0269.WAV sfx/rogue/rogue06.wav
E026A.WAV sfx/rogue/rogue07.wav
E026B.WAV sfx/rogue/rogue08.wav
E026C.WAV sfx/rogue/rogue09.wav
E026D.WAV sfx/rogue/rogue10.wav
E026E.WAV sfx/rogue/rogue11.wav
E026F.WAV sfx/rogue/rogue12.wav
E0270.WAV sfx/rogue/rogue13.wav
E0271.WAV sfx/rogue/rogue14.wav
E0272.WAV sfx/rogue/rogue15.wav
E0273.WAV sfx/rogue/rogue16.wav
E0274.WAV sfx/rogue/rogue17.wav
E0275.WAV sfx/rogue/rogue18.wav
E0276.WAV sfx/rogue/rogue19.wav
E0277.WAV sfx/rogue/rogue20.wav
E0278.WAV sfx/rogue/rogue21.wav
E0279.WAV sfx/rogue/rogue22.wav
E027A.WAV sfx/rogue/rogue23.wav
E027B.WAV sfx/rogue/rogue24.wav
E027C.WAV sfx/rogue/rogue25.wav
E027D.WAV sfx/rogue/rogue26.wav
E027E.WAV sfx/rogue/rogue27.wav
E027F.WAV sfx/rogue/rogue28.wav
E0280.WAV sfx/rogue/rogue29.wav
E0281.WAV sfx/rogue/rogue30.wav
E0282.WAV sfx/rogue/rogue31.wav
E0283.WAV sfx/rogue/rogue32.wav
E0284.WAV sfx/rogue/rogue33.wav
E0285.WAV sfx/rogue/rogue34.wav
E0286.WAV sfx/rogue/rogue35.wav
E0287.WAV sfx/rogue/rogue36.wav
E0288.WAV sfx/rogue/rogue37.wav
E0289.WAV sfx/rogue/rogue38.wav
E028A.WAV sfx/rogue/rogue39.wav
E028B.WAV sfx/rogue/rogue40.wav
E028C.WAV sfx/rogue/rogue41.wav
E028D.WAV sfx/rogue/rogue42.wav
E028E.WAV sfx/rogue/rogue43.wav
E028F.WAV sfx/rogue/rogue44.wav
E0290.WAV sfx/rogue/rogue45.wav
E0291.WAV sfx/rogue/rogue46.wav
E0292.WAV sfx/rogue/rogue47.wav
E0293.WAV sfx/rogue/rogue48.wav
E0294.WAV sfx/rogue/rogue49.wav
E0295.WAV sfx/rogue/rogue50.wav
E0295.WAV sfx/animals/rogue50.wav
E0296.WAV sfx/rogue/rogue51.wav
E0297.WAV sfx/rogue/rogue52.wav
E0298.WAV sfx/rogue/rogue53.wav
E0299.WAV sfx/rogue/rogue54.wav
E029A.WAV sfx/rogue/rogue55.wav
E029B.WAV sfx/rogue/rogue56.wav
E029C.WAV sfx/rogue/rogue57.wav
E029D.WAV sfx/rogue/rogue58.wav
E029E.WAV sfx/rogue/rogue59.wav
E029F.WAV sfx/rogue/rogue60.wav
E02A0.WAV sfx/rogue/rogue61.wav
E02A1.WAV sfx/rogue/rogue62.wav
E02A2.WAV sfx/rogue/rogue63.wav
E02A3.WAV sfx/rogue/rogue64.wav
E02A4.WAV sfx/rogue/rogue65.wav
E02A5.WAV sfx/rogue/rogue66.wav
E02A6.WAV sfx/rogue/rogue67.wav
E02A7.WAV sfx/rogue/rogue68.wav
E02A8.WAV sfx/rogue/rogue69.wav
E02A9.WAV sfx/rogue/rogue69b.wav
E02AA.WAV sfx/rogue/rogue70.wav
E02AB.WAV sfx/rogue/rogue71.wav
E02AC.WAV sfx/rogue/rogue72.wav
E02AD.WAV sfx/rogue/rogue73.wav
E02AE.WAV sfx/rogue/rogue74.wav
E02AF.WAV sfx/rogue/rogue75.wav
E02B0.WAV sfx/rogue/rogue76.wav
E02B1.WAV sfx/rogue/rogue77.wav
E02B2.WAV sfx/rogue/rogue78.wav
E02B3.WAV sfx/rogue/rogue79.wav
E02B4.WAV sfx/rogue/rogue80.wav
E02B5.WAV sfx/rogue/rogue81.wav
E02B6.WAV sfx/rogue/rogue82.wav
E02B7.WAV sfx/rogue/rogue83.wav
E02B8.WAV sfx/rogue/rogue84.wav
E02B9.WAV sfx/rogue/rogue85.wav
E02BA.WAV sfx/rogue/rogue86.wav
E02BB.WAV sfx/rogue/rogue87.wav
E02BC.WAV sfx/rogue/rogue88.wav
E02BD.WAV sfx/rogue/rogue89.wav
E02BE.WAV sfx/rogue/rogue90.wav
E02BF.WAV sfx/rogue/rogue91.wav
E02C0.WAV sfx/rogue/rogue92.wav
E02C1.WAV sfx/rogue/rogue93.wav
E02C2.WAV sfx/rogue/rogue94.wav
E02C3.WAV sfx/rogue/rogue95.wav
E02C4.WAV sfx/rogue/rogue96.wav
E02C5.WAV sfx/rogue/rogue97.wav
E02C6.WAV sfx/rogue/rogue98.wav
E02C7.WAV sfx/rogue/rogue99.wav
E02C8.WAV sfx/rogue/rogue100.wav
E02C9.WAV sfx/rogue/rogue101.wav
E02CA.WAV sfx/rogue/rogue102.wav
E02CC.WAV sfx/warrior/warior01.wav
E02CD.WAV sfx/warrior/warior02.wav
E02CE.WAV sfx/warrior/warior03.wav
E02CF.WAV sfx/warrior/warior04.wav
E02D0.WAV sfx/warrior/warior05.wav
E02D1.WAV sfx/warrior/warior06.wav
E02D2.WAV sfx/warrior/warior07.wav
E02D3.WAV sfx/warrior/warior08.wav
E02D4.WAV sfx/warrior/warior09.wav
E02D5.WAV sfx/warrior/warior10.wav
E02D6.WAV sfx/warrior/warior11.wav
E02D7.WAV sfx/warrior/warior12.wav
E02D8.WAV Sfx/Warrior/Warior13.wav
E02D9.WAV Sfx/Warrior/Warior14.wav
E02DA.WAV Sfx/Warrior/Wario14b.wav
E02DB.WAV Sfx/Warrior/Wario14c.wav
E02DC.WAV Sfx/Warrior/Warior15.wav
E02DD.WAV Sfx/Warrior/Wario15b.wav
E02DE.WAV Sfx/Warrior/Wario15c.wav
E02DF.WAV Sfx/Warrior/Warior16.wav
E02E0.WAV Sfx/Warrior/Wario16b.wav
E02E1.WAV Sfx/Warrior/Wario16c.wav
E02E2.WAV Sfx/Warrior/Warior17.wav
E02E3.WAV Sfx/Warrior/Warior18.wav
E02E4.WAV Sfx/Warrior/Warior19.wav
E02E5.WAV Sfx/Warrior/Warior20.wav
E02E6.WAV Sfx/Warrior/Warior21.wav
E02E7.WAV Sfx/Warrior/Warior22.wav
E02E8.WAV Sfx/Warrior/Warior23.wav
E02E9.WAV Sfx/Warrior/Warior24.wav
E02EA.WAV Sfx/Warrior/Warior25.wav
E02EB.WAV Sfx/Warrior/Warior26.wav
E02EC.WAV sfx/warrior/warior27.wav
E02ED.WAV sfx/warrior/warior28.wav
E02EE.WAV sfx/warrior/warior29.wav
E02EF.WAV sfx/warrior/warior30.wav
E02F0.WAV sfx/warrior/warior31.wav
E02F1.WAV sfx/warrior/warior32.wav
E02F2.WAV sfx/warrior/warior33.wav
E02F3.WAV sfx/warrior/warior34.wav
E02F4.WAV Sfx/Warrior/Warior35.wav
E02F5.WAV Sfx/Warrior/Warior36.wav
E02F6.WAV Sfx/Warrior/Warior37.wav
E02F7.WAV Sfx/Warrior/Warior38.wav
E02F8.WAV Sfx/Warrior/Warior39.wav
E02F9.WAV sfx/warrior/warior40.wav
E02FA.WAV Sfx/Warrior/Warior41.wav
E02FB.WAV sfx/warrior/warior42.wav
E02FC.WAV Sfx/Warrior/Warior43.wav
E02FD.WAV Sfx/Warrior/Warior44.wav
E02FE.WAV Sfx/Warrior/Warior45.wav
E02FF.WAV sfx/warrior/warior46.wav
E0300.WAV sfx/warrior/warior47.wav
E0301.WAV Sfx/Warrior/Warior48.wav
E0302.WAV sfx/warrior/warior49.wav
E0303.WAV sfx/warrior/warior50.wav
E0304.WAV Sfx/Warrior/Warior51.wav
E0305.WAV sfx/warrior/warior52.wav
E0306.WAV sfx/warrior/warior53.wav
E0307.WAV Sfx/Warrior/Warior54.wav
E0308.WAV sfx/warrior/warior55.wav
E0309.WAV Sfx/Warrior/Warior56.wav
E030A.WAV Sfx/Warrior/Warior57.wav
E030B.WAV Sfx/Warrior/Warior58.wav
E030C.WAV sfx/warrior/warior59.wav
E030D.WAV Sfx/Warrior/Warior60.wav
E030E.WAV sfx/warrior/warior61.wav
E030F.WAV sfx/warrior/warior62.wav
E0310.WAV Sfx/Warrior/Warior63.wav
E0311.WAV Sfx/Warrior/Warior64.wav
E0312.WAV sfx/warrior/warior65.wav
E0313.WAV sfx/warrior/warior66.wav
E0314.WAV sfx/warrior/warior67.wav
E0315.WAV sfx/warrior/warior68.wav
E0316.WAV sfx/warrior/warior69.wav
E0317.WAV sfx/warrior/wario69b.wav
E0318.WAV Sfx/Warrior/Warior70.wav
E0319.WAV Sfx/Warrior/Warior71.wav
E031A.WAV Sfx/Warrior/Warior72.wav
E031B.WAV sfx/warrior/warior73.wav
E031C.WAV Sfx/Warrior/Warior74.wav
E031D.WAV Sfx/Warrior/Warior75.wav
E031E.WAV Sfx/Warrior/Warior76.wav
E031F.WAV Sfx/Warrior/Warior77.wav
E0320.WAV Sfx/Warrior/Warior78.wav
E0321.WAV Sfx/Warrior/Warior79.wav
E0322.WAV sfx/warrior/warior80.wav
E0323.WAV sfx/warrior/warior81.wav
E0324.WAV sfx/warrior/warior82.wav
E0325.WAV sfx/warrior/warior83.wav
E0326.WAV sfx/warrior/warior84.wav
E0327.WAV sfx/warrior/warior85.wav
E0328.WAV sfx/warrior/warior86.wav
E0329.WAV sfx/warrior/warior87.wav
E032A.WAV sfx/warrior/warior88.wav
E032B.WAV sfx/warrior/warior89.wav
E032C.WAV sfx/warrior/warior90.wav
E032D.WAV sfx/warrior/warior91.wav
E032E.WAV sfx/warrior/warior92.wav
E032F.WAV sfx/warrior/warior93.wav
E0330.WAV sfx/warrior/warior94.wav
E0331.WAV sfx/warrior/warior95.wav
E0332.WAV Sfx/Warrior/Wario95b.wav
E0333.WAV Sfx/Warrior/Wario95c.wav
E0334.WAV Sfx/Warrior/Wario95d.wav
E0335.WAV Sfx/Warrior/Wario95e.wav
E0336.WAV Sfx/Warrior/Wario95f.wav
E0337.WAV Sfx/Warrior/Wario96b.wav
E0338.WAV sfx/warrior/warior97.wav
E0339.WAV Sfx/Warrior/Wario98.wav
E033A.WAV sfx/warrior/warior99.wav
E033B.WAV Sfx/Warrior/Wario100.wav
E033C.WAV Sfx/Warrior/Wario101.wav
E033D.WAV sfx/warrior/wario102.wav
E033F.WAV sfx/narrator/nar01.wav
E0340.WAV sfx/narrator/nar02.wav
E0341.WAV sfx/narrator/nar03.wav
E0342.WAV sfx/narrator/nar04.wav
E0343.WAV sfx/narrator/nar05.wav
E0344.WAV sfx/narrator/nar06.wav
E0345.WAV sfx/narrator/nar07.wav
E0346.WAV sfx/narrator/nar08.wav
E0347.WAV sfx/narrator/nar09.wav
E0349.WAV sfx/monsters/butcher.wav
E034A.WAV sfx/monsters/garbud01.wav
E034B.WAV sfx/monsters/garbud02.wav
E034C.WAV sfx/monsters/garbud03.wav
E034D.WAV sfx/monsters/garbud04.wav
E034E.WAV sfx/monsters/izual01.wav
E034F.WAV sfx/monsters/lach01.wav
E0350.WAV sfx/monsters/lach02.wav
E0351.WAV sfx/monsters/lach03.wav
E0352.WAV sfx/monsters/laz01.wav
E0353.WAV sfx/monsters/laz02.wav
E0354.WAV sfx/monsters/sking01.wav
E0355.WAV sfx/monsters/snot01.wav
E0356.WAV sfx/monsters/snot02.wav
E0357.WAV sfx/monsters/snot03.wav
E0358.WAV sfx/monsters/warlrd01.wav
E0359.WAV sfx/monsters/wlock01.wav
E035A.WAV sfx/monsters/zhar01.wav
E035B.WAV sfx/monsters/zhar02.wav
E035C.WAV sfx/monsters/diablod.wav
M000C.WAV sfx/misc/questdon.wav
M002E.WAV sfx/items/readbook.wav
M0069.WAV sfx/misc/portal.wav
M006B.WAV sfx/misc/resur.wav
M0348.WAV sfx/misc/lvl16int.wav
M03CD.WAV music/dtowne.wav
M03CE.WAV music/dlvla.wav
M03CF.WAV music/dlvlb.wav
M03D0.WAV music/dlvlc.wav
M03D1.WAV music/dlvld.wav
M03D2.WAV music/dintro.wav
ROGUE69C.WAV sfx/rogue/rogue69c.wav
ROGUE71B.WAV sfx/rogue/rogue71b.wav
WARIO96C.WAV Sfx/Warrior/Wario96c.wav
WARIOR96.WAV sfx/warrior/warior96.wav
WARIOR97.WAV sfx/warrior/warior97.wav
WARIOR98.WAV sfx/warrior/warior98.wav