S0079.WAV sfx/towners/bmaid01.wav
S007A.WAV sfx/towners/bmaid02.wav
S007B.WAV sfx/towners/bmaid03.wav
S007C.WAV sfx/towners/bmaid04.wav
S007D.WAV sfx/towners/bmaid05.wav
S007E.WAV sfx/towners/bmaid06.wav
S007F.WAV sfx/towners/bmaid07.wav
S0080.WAV sfx/towners/bmaid08.wav
S0081.WAV sfx/towners/bmaid09.wav
S0082.WAV sfx/towners/bmaid10.wav
S0083.WAV sfx/towners/bmaid11.wav
S0084.WAV sfx/towners/bmaid12.wav
S0085.WAV sfx/towners/bmaid13.wav
S0086.WAV sfx/towners/bmaid14.wav
S0087.WAV sfx/towners/bmaid15.wav
S0088.WAV sfx/towners/bmaid16.wav
S0089.WAV sfx/towners/bmaid17.wav
S008A.WAV sfx/towners/bmaid18.wav
S008B.WAV sfx/towners/bmaid19.wav
S008C.WAV sfx/towners/bmaid20.wav
S008D.WAV sfx/towners/bmaid21.wav
S008E.WAV sfx/towners/bmaid22.wav
S008F.WAV sfx/towners/bmaid23.wav
S0090.WAV sfx/towners/bmaid24.wav
S0091.WAV sfx/towners/bmaid25.wav
S0092.WAV sfx/towners/bmaid26.wav
S0093.WAV sfx/towners/bmaid27.wav
S0094.WAV sfx/towners/bmaid28.wav
S0095.WAV sfx/towners/bmaid29.wav
S0096.WAV sfx/towners/bmaid30.wav
S0097.WAV Sfx/Towners/Bmaid31.wav
S0098.WAV sfx/towners/bmaid32.wav
S0099.WAV sfx/towners/bmaid33.wav
S009A.WAV sfx/towners/bmaid34.wav
S009B.WAV sfx/towners/bmaid35.wav
S009C.WAV sfx/towners/bmaid36.wav
S009D.WAV sfx/towners/bmaid37.wav
S009E.WAV sfx/towners/bmaid38.wav
S009F.WAV sfx/towners/bmaid39.wav
S00A0.WAV sfx/towners/bmaid40.wav
S00A1.WAV sfx/towners/bsmith01.wav
S00A2.WAV sfx/towners/bsmith02.wav
S00A3.WAV sfx/towners/bsmith03.wav
S00A4.WAV sfx/towners/bsmith04.wav
S00A5.WAV sfx/towners/bsmith05.wav
S00A6.WAV sfx/towners/bsmith06.wav
S00A7.WAV sfx/towners/bsmith07.wav
S00A8.WAV sfx/towners/bsmith08.wav
S00A9.WAV sfx/towners/bsmith09.wav
S00AA.WAV sfx/towners/bsmith10.wav
S00AB.WAV sfx/towners/bsmith11.wav
S00AC.WAV sfx/towners/bsmith12.wav
S00AD.WAV sfx/towners/bsmith13.wav
S00AE.WAV sfx/towners/bsmith14.wav
S00AF.WAV sfx/towners/bsmith15.wav
S00B0.WAV sfx/towners/bsmith16.wav
S00B1.WAV sfx/towners/bsmith17.wav
S00B2.WAV sfx/towners/bsmith18.wav
S00B3.WAV sfx/towners/bsmith19.wav
S00B4.WAV sfx/towners/bsmith20.wav
S00B5.WAV sfx/towners/bsmith21.wav
S00B6.WAV sfx/towners/bsmith22.wav
S00B7.WAV sfx/towners/bsmith23.wav
S00B8.WAV sfx/towners/bsmith24.wav
S00B9.WAV sfx/towners/bsmith25.wav
S00BA.WAV sfx/towners/bsmith26.wav
S00BB.WAV sfx/towners/bsmith27.wav
S00BC.WAV sfx/towners/bsmith28.wav
S00BD.WAV sfx/towners/bsmith29.wav
S00BE.WAV sfx/towners/bsmith30.wav
S00BF.WAV sfx/towners/bsmith31.wav
S00C0.WAV sfx/towners/bsmith32.wav
S00C1.WAV sfx/towners/bsmith33.wav
S00C2.WAV sfx/towners/bsmith34.wav
S00C3.WAV sfx/towners/bsmith35.wav
S00C4.WAV sfx/towners/bsmith36.wav
S00C5.WAV sfx/towners/bsmith37.wav
S00C6.WAV sfx/towners/bsmith38.wav
S00C7.WAV sfx/towners/bsmith39.wav
S00C8.WAV sfx/towners/bsmith40.wav
S00C9.WAV sfx/towners/bsmith41.wav
S00CA.WAV sfx/towners/bsmith42.wav
S00CB.WAV sfx/towners/bsmith43.wav
S00CC.WAV Sfx/Towners/Bsmith44.wav
S00CD.WAV sfx/towners/bsmith45.wav
S00CE.WAV sfx/towners/bsmith46.wav
S00CF.WAV sfx/towners/bsmith47.wav
S00D0.WAV sfx/towners/bsmith48.wav
S00D1.WAV sfx/towners/bsmith49.wav
S00D2.WAV sfx/towners/bsmith50.wav
S00D3.WAV sfx/towners/bsmith51.wav
S00D4.WAV sfx/towners/bsmith52.wav
S00D5.WAV sfx/towners/bsmith53.wav
S00D6.WAV sfx/towners/bsmith54.wav
S00D7.WAV sfx/towners/bsmith55.wav
S00D8.WAV sfx/towners/bsmith56.wav
S00D9.WAV Sfx/Towners/Cow1.wav
S00DA.WAV Sfx/Towners/Cow2.wav
S00E8.WAV sfx/towners/cow3.wav
S00E9.WAV sfx/towners/cow4.wav
S00EA.WAV sfx/towners/cow5.wav
S00EB.WAV sfx/towners/cow6.wav
S00EC.WAV sfx/towners/cow7.wav
S00ED.WAV sfx/towners/cow8.wav
S00EE.WAV sfx/towners/deadguy2.wav
S00EF.WAV sfx/towners/drunk01.wav
S00F0.WAV sfx/towners/drunk02.wav
S00F1.WAV sfx/towners/drunk03.wav
S00F2.WAV sfx/towners/drunk04.wav
S00F3.WAV sfx/towners/drunk05.wav
S00F4.WAV sfx/towners/drunk06.wav
S00F5.WAV sfx/towners/drunk07.wav
S00F6.WAV sfx/towners/drunk08.wav
S00F7.WAV sfx/towners/drunk09.wav
S00F8.WAV sfx/towners/drunk10.wav
S00F9.WAV sfx/towners/drunk11.wav
S00FA.WAV sfx/towners/drunk12.wav
S00FB.WAV sfx/towners/drunk13.wav
S00FC.WAV sfx/towners/drunk14.wav
S00FD.WAV sfx/towners/drunk15.wav
S00FE.WAV sfx/towners/drunk16.wav
S00FF.WAV sfx/towners/drunk17.wav
S0100.WAV sfx/towners/drunk18.wav
S0101.WAV sfx/towners/drunk19.wav
S0102.WAV sfx/towners/drunk20.wav
S0103.WAV sfx/towners/drunk21.wav
S0104.WAV sfx/towners/drunk22.wav
S0105.WAV sfx/towners/drunk23.wav
S0106.WAV sfx/towners/drunk24.wav
S0107.WAV sfx/towners/drunk25.wav
S0108.WAV sfx/towners/drunk26.wav
S0109.WAV Sfx/Towners/Drunk27.wav
S010A.WAV sfx/towners/drunk28.wav
S010B.WAV sfx/towners/drunk29.wav
S010C.WAV sfx/towners/drunk30.wav
S010D.WAV sfx/towners/drunk31.wav
S010E.WAV sfx/towners/drunk32.wav
S010F.WAV sfx/towners/drunk33.wav
S0110.WAV sfx/towners/drunk34.wav
S0111.WAV sfx/towners/drunk35.wav
S0112.WAV sfx/towners/healer01.wav
S0113.WAV sfx/towners/healer02.wav
S0114.WAV sfx/towners/healer03.wav
S0115.WAV sfx/towners/healer04.wav
S0116.WAV sfx/towners/healer05.wav
S0117.WAV sfx/towners/healer06.wav
S0118.WAV sfx/towners/healer07.wav
S0119.WAV sfx/towners/healer08.wav
S011A.WAV sfx/towners/healer09.wav
S011B.WAV sfx/towners/healer10.wav
S011C.WAV sfx/towners/healer11.wav
S011D.WAV sfx/towners/healer12.wav
S011E.WAV sfx/towners/healer13.wav
S011F.WAV sfx/towners/healer14.wav
S0120.WAV sfx/towners/healer15.wav
S0121.WAV sfx/towners/healer16.wav
S0122.WAV sfx/towners/healer17.wav
S0123.WAV sfx/towners/healer18.wav
S0124.WAV sfx/towners/healer19.wav
S0125.WAV sfx/towners/healer20.wav
S0126.WAV sfx/towners/healer21.wav
S0127.WAV sfx/towners/healer22.wav
S0128.WAV sfx/towners/healer23.wav
S0129.WAV sfx/towners/healer24.wav
S012A.WAV sfx/towners/healer25.wav
S012B.WAV sfx/towners/healer26.wav
S012C.WAV sfx/towners/healer27.wav
S012D.WAV sfx/towners/healer28.wav
S012E.WAV sfx/towners/healer29.wav
S012F.WAV sfx/towners/healer30.wav
S0130.WAV sfx/towners/healer31.wav
S0131.WAV sfx/towners/healer32.wav
S0132.WAV sfx/towners/healer33.wav
S0133.WAV sfx/towners/healer34.wav
S0134.WAV sfx/towners/healer35.wav
S0135.WAV sfx/towners/healer36.wav
S0136.WAV Sfx/Towners/Healer37.wav
S0137.WAV sfx/towners/healer38.wav
S0138.WAV sfx/towners/healer39.wav
S0139.WAV sfx/towners/healer40.wav
S013A.WAV sfx/towners/healer41.wav
S013B.WAV sfx/towners/healer42.wav
S013C.WAV sfx/towners/healer43.wav
S013D.WAV sfx/towners/healer44.wav
S013E.WAV sfx/towners/healer45.wav
S013F.WAV sfx/towners/healer46.wav
S0140.WAV sfx/towners/healer47.wav
S0141.WAV sfx/towners/pegboy01.wav
S0142.WAV sfx/towners/pegboy02.wav
S0143.WAV sfx/towners/pegboy03.wav
S0144.WAV sfx/towners/pegboy04.wav
S0145.WAV sfx/towners/pegboy05.wav
S0146.WAV sfx/towners/pegboy06.wav
S0147.WAV sfx/towners/pegboy07.wav
S0148.WAV sfx/towners/pegboy08.wav
S0149.WAV sfx/towners/pegboy09.wav
S014A.WAV sfx/towners/pegboy10.wav
S014B.WAV sfx/towners/pegboy11.wav
S014C.WAV sfx/towners/pegboy12.wav
S014D.WAV sfx/towners/pegboy13.wav
S014E.WAV sfx/towners/pegboy14.wav
S014F.WAV sfx/towners/pegboy15.wav
S0150.WAV sfx/towners/pegboy16.wav
S0151.WAV sfx/towners/pegboy17.wav
S0152.WAV sfx/towners/pegboy18.wav
S0153.WAV sfx/towners/pegboy19.wav
S0154.WAV sfx/towners/pegboy20.wav
S0155.WAV sfx/towners/pegboy21.wav
S0156.WAV sfx/towners/pegboy22.wav
S0157.WAV sfx/towners/pegboy23.wav
S0158.WAV sfx/towners/pegboy24.wav
S0159.WAV sfx/towners/pegboy25.wav
S015A.WAV sfx/towners/pegboy26.wav
S015B.WAV sfx/towners/pegboy27.wav
S015C.WAV sfx/towners/pegboy28.wav
S015D.WAV sfx/towners/pegboy29.wav
S015E.WAV sfx/towners/pegboy30.wav
S015F.WAV sfx/towners/pegboy31.wav
S0160.WAV Sfx/Towners/Pegboy32.wav
S0161.WAV sfx/towners/pegboy33.wav
S0162.WAV sfx/towners/pegboy34.wav
S0163.WAV sfx/towners/pegboy35.wav
S0164.WAV sfx/towners/pegboy36.wav
S0165.WAV sfx/towners/pegboy37.wav
S0166.WAV sfx/towners/pegboy38.wav
S0167.WAV sfx/towners/pegboy39.wav
S0168.WAV sfx/towners/pegboy40.wav
S0169.WAV sfx/towners/pegboy41.wav
S016A.WAV sfx/towners/pegboy42.wav
S016B.WAV sfx/towners/pegboy43.wav
S016C.WAV sfx/towners/priest00.wav
S016D.WAV sfx/towners/priest01.wav
S016E.WAV sfx/towners/priest02.wav
S016F.WAV sfx/towners/priest03.wav
S0170.WAV sfx/towners/priest04.wav
S0171.WAV sfx/towners/priest05.wav
S0172.WAV sfx/towners/priest06.wav
S0173.WAV sfx/towners/priest07.wav
S0174.WAV sfx/towners/storyt00.wav
S0175.WAV sfx/towners/storyt01.wav
S0176.WAV sfx/towners/storyt02.wav
S0177.WAV sfx/towners/storyt03.wav
S0178.WAV sfx/towners/storyt04.wav
S0179.WAV sfx/towners/storyt05.wav
S017A.WAV sfx/towners/storyt06.wav
S017B.WAV sfx/towners/storyt07.wav
S017C.WAV sfx/towners/storyt08.wav
S017D.WAV sfx/towners/storyt09.wav
S017E.WAV sfx/towners/storyt10.wav
S017F.WAV sfx/towners/storyt11.wav
S0180.WAV sfx/towners/storyt12.wav
S0181.WAV sfx/towners/storyt13.wav
S0182.WAV sfx/towners/storyt14.wav
S0183.WAV sfx/towners/storyt15.wav
S0184.WAV sfx/towners/storyt16.wav
S0185.WAV sfx/towners/storyt17.wav
S0186.WAV sfx/towners/storyt18.wav
S0187.WAV sfx/towners/storyt19.wav
S0188.WAV sfx/towners/storyt20.wav
S0189.WAV sfx/towners/storyt21.wav
S018A.WAV sfx/towners/storyt22.wav
S018B.WAV sfx/towners/storyt23.wav
S018C.WAV sfx/towners/storyt24.wav
S018D.WAV sfx/towners/storyt25.wav
S018E.WAV sfx/towners/storyt26.wav
S018F.WAV sfx/towners/storyt27.wav
S0190.WAV sfx/towners/storyt28.wav
S0191.WAV sfx/towners/storyt29.wav
S0192.WAV sfx/towners/storyt30.wav
S0193.WAV sfx/towners/storyt31.wav
S0194.WAV sfx/towners/storyt32.wav
S0195.WAV sfx/towners/storyt33.wav
S0196.WAV sfx/towners/storyt34.wav
S0197.WAV sfx/towners/storyt35.wav
S0198.WAV sfx/towners/storyt36.wav
S0199.WAV sfx/towners/storyt37.wav
S019A.WAV sfx/towners/storyt38.wav
S019B.WAV Sfx/Towners/Tavown00.wav
S019C.WAV sfx/towners/tavown01.wav
S019D.WAV sfx/towners/tavown02.wav
S019E.WAV sfx/towners/tavown03.wav
S019F.WAV sfx/towners/tavown04.wav
S01A0.WAV sfx/towners/tavown05.wav
S01A1.WAV sfx/towners/tavown06.wav
S01A2.WAV sfx/towners/tavown07.wav
S01A3.WAV sfx/towners/tavown08.wav
S01A4.WAV sfx/towners/tavown09.wav
S01A5.WAV sfx/towners/tavown10.wav
S01A6.WAV sfx/towners/tavown11.wav
S01A7.WAV sfx/towners/tavown12.wav
S01A8.WAV sfx/towners/tavown13.wav
S01A9.WAV sfx/towners/tavown14.wav
S01AA.WAV sfx/towners/tavown15.wav
S01AB.WAV sfx/towners/tavown16.wav
S01AC.WAV sfx/towners/tavown17.wav
S01AD.WAV sfx/towners/tavown18.wav
S01AE.WAV sfx/towners/tavown19.wav
S01AF.WAV sfx/towners/tavown20.wav
S01B0.WAV sfx/towners/tavown21.wav
S01B1.WAV sfx/towners/tavown22.wav
S01B2.WAV sfx/towners/tavown23.wav
S01B3.WAV sfx/towners/tavown24.wav
S01B4.WAV sfx/towners/tavown25.wav
S01B5.WAV sfx/towners/tavown26.wav
S01B6.WAV sfx/towners/tavown27.wav
S01B7.WAV sfx/towners/tavown28.wav
S01B8.WAV sfx/towners/tavown29.wav
S01B9.WAV sfx/towners/tavown30.wav
S01BA.WAV sfx/towners/tavown31.wav
S01BB.WAV sfx/towners/tavown32.wav
S01BC.WAV sfx/towners/tavown33.wav
S01BD.WAV sfx/towners/tavown34.wav
S01BE.WAV sfx/towners/tavown35.wav
S01BF.WAV sfx/towners/tavown36.wav
S01C0.WAV sfx/towners/tavown37.wav
S01C1.WAV sfx/towners/tavown38.wav
S01C2.WAV sfx/towners/tavown39.wav
S01C3.WAV sfx/towners/tavown40.wav
S01C4.WAV sfx/towners/tavown41.wav
S01C5.WAV sfx/towners/tavown42.wav
S01C6.WAV sfx/towners/tavown43.wav
S01C7.WAV sfx/towners/tavown44.wav
S01C8.WAV sfx/towners/tavown45.wav
S01C9.WAV sfx/towners/witch01.wav
S01CA.WAV sfx/towners/witch02.wav
S01CB.WAV sfx/towners/witch03.wav
S01CC.WAV sfx/towners/witch04.wav
S01CD.WAV sfx/towners/witch05.wav
S01CE.WAV sfx/towners/witch06.wav
S01CF.WAV sfx/towners/witch07.wav
S01D0.WAV sfx/towners/witch08.wav
S01D1.WAV sfx/towners/witch09.wav
S01D2.WAV sfx/towners/witch10.wav
S01D3.WAV sfx/towners/witch11.wav
S01D4.WAV sfx/towners/witch12.wav
S01D5.WAV sfx/towners/witch13.wav
S01D6.WAV sfx/towners/witch14.wav
S01D7.WAV sfx/towners/witch15.wav
S01D8.WAV sfx/towners/witch16.wav
S01D9.WAV sfx/towners/witch17.wav
S01DA.WAV sfx/towners/witch18.wav
S01DB.WAV sfx/towners/witch19.wav
S01DC.WAV sfx/towners/witch20.wav
S01DD.WAV sfx/towners/witch21.wav
S01DE.WAV sfx/towners/witch22.wav
S01DF.WAV sfx/towners/witch23.wav
S01E0.WAV sfx/towners/witch24.wav
S01E1.WAV sfx/towners/witch25.wav
S01E2.WAV sfx/towners/witch26.wav
S01E3.WAV sfx/towners/witch27.wav
S01E4.WAV sfx/towners/witch28.wav
S01E5.WAV sfx/towners/witch29.wav
S01E6.WAV sfx/towners/witch30.wav
S01E7.WAV sfx/towners/witch31.wav
S01E8.WAV sfx/towners/witch32.wav
S01E9.WAV sfx/towners/witch33.wav
S01EA.WAV sfx/towners/witch34.wav
S01EB.WAV sfx/towners/witch35.wav
S01EC.WAV sfx/towners/witch36.wav
S01ED.WAV sfx/towners/witch37.wav
S01EE.WAV Sfx/Towners/Witch38.wav
S01EF.WAV sfx/towners/witch39.wav
S01F0.WAV sfx/towners/witch40.wav
S01F1.WAV sfx/towners/witch41.wav
S01F2.WAV sfx/towners/witch42.wav
S01F3.WAV sfx/towners/witch43.wav
S01F4.WAV sfx/towners/witch44.wav
S01F5.WAV sfx/towners/witch45.wav
S01F6.WAV sfx/towners/witch46.wav
S01F7.WAV sfx/towners/witch47.wav
S01F8.WAV sfx/towners/witch48.wav
S01F9.WAV sfx/towners/witch49.wav
S01FA.WAV sfx/towners/witch50.wav
S01FB.WAV sfx/towners/wound01.wav
S01FC.WAV sfx/sorceror/mage01.wav
S01FD.WAV sfx/sorceror/mage02.wav
S01FE.WAV sfx/sorceror/mage03.wav
S01FF.WAV sfx/sorceror/mage04.wav
S0200.WAV sfx/sorceror/mage05.wav
S0201.WAV sfx/sorceror/mage06.wav
S0202.WAV sfx/sorceror/mage07.wav
S0203.WAV sfx/sorceror/mage08.wav
S0204.WAV sfx/sorceror/mage09.wav
S0205.WAV sfx/sorceror/mage10.wav
S0206.WAV sfx/sorceror/mage11.wav
S0207.WAV sfx/sorceror/mage12.wav
S0208.WAV sfx/sorceror/mage13.wav
S0209.WAV sfx/sorceror/mage14.wav
S020A.WAV sfx/sorceror/mage15.wav
S020B.WAV sfx/sorceror/mage16.wav
S020C.WAV sfx/sorceror/mage17.wav
S020D.WAV sfx/sorceror/mage18.wav
S020E.WAV sfx/sorceror/mage19.wav
S020F.WAV sfx/sorceror/mage20.wav
S0210.WAV sfx/sorceror/mage21.wav
S0211.WAV sfx/sorceror/mage22.wav
S0212.WAV sfx/sorceror/mage23.wav
S0213.WAV sfx/sorceror/mage24.wav
S0214.WAV sfx/sorceror/mage25.wav
S0215.WAV sfx/sorceror/mage26.wav
S0216.WAV sfx/sorceror/mage27.wav
S0217.WAV sfx/sorceror/mage28.wav
S0218.WAV sfx/sorceror/mage29.wav
S0219.WAV sfx/sorceror/mage30.wav
S021A.WAV sfx/sorceror/mage31.wav
S021B.WAV sfx/sorceror/mage32.wav
S021C.WAV sfx/sorceror/mage33.wav
S021D.WAV sfx/sorceror/mage34.wav
S021E.WAV sfx/sorceror/mage35.wav
S021F.WAV sfx/sorceror/mage36.wav
S0220.WAV sfx/sorceror/mage37.wav
S0221.WAV sfx/sorceror/mage38.wav
S0222.WAV sfx/sorceror/mage39.wav
S0223.WAV sfx/sorceror/mage40.wav
S0224.WAV sfx/sorceror/mage41.wav
S0225.WAV sfx/sorceror/mage42.wav
S0226.WAV sfx/sorceror/mage43.wav
S0227.WAV sfx/sorceror/mage44.wav
S0228.WAV sfx/sorceror/mage45.wav
S0229.WAV sfx/sorceror/mage46.wav
S022A.WAV sfx/sorceror/mage47.wav
S022B.WAV sfx/sorceror/mage48.wav
S022C.WAV sfx/sorceror/mage49.wav
S022D.WAV sfx/sorceror/mage50.wav
S022D.WAV sfx/animals/mage50.wav
S022E.WAV sfx/sorceror/mage51.wav
S022F.WAV sfx/sorceror/mage52.wav
S0230.WAV sfx/sorceror/mage53.wav
S0231.WAV sfx/sorceror/mage54.wav
S0232.WAV sfx/sorceror/mage55.wav
S0233.WAV sfx/sorceror/mage56.wav
S0234.WAV sfx/sorceror/mage57.wav
S0235.WAV sfx/sorceror/mage58.wav
S0236.WAV sfx/sorceror/mage59.wav
S0237.WAV sfx/sorceror/mage60.wav
S0238.WAV sfx/sorceror/mage61.wav
S0239.WAV sfx/sorceror/mage62.wav
S023A.WAV sfx/sorceror/mage63.wav
S023B.WAV sfx/sorceror/mage64.wav
S023C.WAV sfx/sorceror/mage65.wav
S023D.WAV sfx/sorceror/mage66.wav
S023E.WAV sfx/sorceror/mage67.wav
S023F.WAV sfx/sorceror/mage68.wav
S0240.WAV sfx/sorceror/mage69.wav
S0241.WAV sfx/sorceror/mage69b.wav
S0242.WAV sfx/sorceror/mage70.wav
S0243.WAV sfx/sorceror/mage71.wav
S0244.WAV sfx/sorceror/mage72.wav
S0245.WAV sfx/sorceror/mage73.wav
S0246.WAV sfx/sorceror/mage74.wav
S0247.WAV sfx/sorceror/mage75.wav
S0248.WAV sfx/sorceror/mage76.wav
S0249.WAV sfx/sorceror/mage77.wav
S024A.WAV sfx/sorceror/mage78.wav
S024B.WAV sfx/sorceror/mage79.wav
S024C.WAV sfx/sorceror/mage80.wav
S024D.WAV sfx/sorceror/mage81.wav
S024E.WAV sfx/sorceror/mage82.wav
S024F.WAV sfx/sorceror/mage83.wav
S0250.WAV sfx/sorceror/mage84.wav
S0251.WAV sfx/sorceror/mage85.wav
S0252.WAV sfx/sorceror/mage86.wav
S0253.WAV sfx/sorceror/mage87.wav
S0254.WAV sfx/sorceror/mage88.wav
S0255.WAV sfx/sorceror/mage89.wav
S0256.WAV sfx/sorceror/mage90.wav
S0257.WAV sfx/sorceror/mage91.wav
S0258.WAV sfx/sorceror/mage92.wav
S0259.WAV sfx/sorceror/mage93.wav
S025A.WAV sfx/sorceror/mage94.wav
S025B.WAV sfx/sorceror/mage95.wav
S025C.WAV sfx/sorceror/mage96.wav
S025D.WAV sfx/sorceror/mage97.wav
S025E.WAV sfx/sorceror/mage98.wav
S025F.WAV sfx/sorceror/mage99.wav
S0260.WAV sfx/sorceror/mage100.wav
S0261.WAV sfx/sorceror/mage101.wav
S0262.WAV sfx/sorceror/mage102.wav
S0264.WAV sfx/rogue/rogue01.wav
S0265.WAV sfx/rogue/rogue02.wav
S0266.WAV sfx/rogue/rogue03.wav
S0267.WAV sfx/rogue/rogue04.wav
S0268.WAV sfx/rogue/rogue05.wav
S0269.WAV sfx/rogue/rogue06.wav
S026A.WAV sfx/rogue/rogue07.wav
S026B.WAV sfx/rogue/rogue08.wav
S026C.WAV sfx/rogue/rogue09.wav
S026D.WAV sfx/rogue/rogue10.wav
S026E.WAV sfx/rogue/rogue11.wav
S026F.WAV sfx/rogue/rogue12.wav
S0270.WAV sfx/rogue/rogue13.wav
S0271.WAV sfx/rogue/rogue14.wav
S0272.WAV sfx/rogue/rogue15.wav
S0273.WAV sfx/rogue/rogue16.wav
S0274.WAV sfx/rogue/rogue17.wav
S0275.WAV sfx/rogue/rogue18.wav
S0276.WAV sfx/rogue/rogue19.wav
S0277.WAV sfx/rogue/rogue20.wav
S0278.WAV sfx/rogue/rogue21.wav
S0279.WAV sfx/rogue/rogue22.wav
S027A.WAV sfx/rogue/rogue23.wav
S027B.WAV sfx/rogue/rogue24.wav
S027C.WAV sfx/rogue/rogue25.wav
S027D.WAV sfx/rogue/rogue26.wav
S027E.WAV sfx/rogue/rogue27.wav
S027F.WAV sfx/rogue/rogue28.wav
S0280.WAV sfx/rogue/rogue29.wav
S0281.WAV sfx/rogue/rogue30.wav
S0282.WAV sfx/rogue/rogue31.wav
S0283.WAV sfx/rogue/rogue32.wav
S0284.WAV sfx/rogue/rogue33.wav
S0285.WAV sfx/rogue/rogue34.wav
S0286.WAV sfx/rogue/rogue35.wav
S0287.WAV sfx/rogue/rogue36.wav
S0288.WAV sfx/rogue/rogue37.wav
S0289.WAV sfx/rogue/rogue38.wav
S028A.WAV sfx/rogue/rogue39.wav
S028B.WAV sfx/rogue/rogue40.wav
S028C.WAV sfx/rogue/rogue41.wav
S028D.WAV sfx/rogue/rogue42.wav
S028E.WAV sfx/rogue/rogue43.wav
S028F.WAV sfx/rogue/rogue44.wav
S0290.WAV sfx/rogue/rogue45.wav
S0291.WAV sfx/rogue/rogue46.wav
S0292.WAV sfx/rogue/rogue47.wav
S0293.WAV sfx/rogue/rogue48.wav
S0294.WAV sfx/rogue/rogue49.wav
S0295.WAV sfx/rogue/rogue50.wav
S0295.WAV sfx/animals/rogue50.wav
S0296.WAV sfx/rogue/rogue51.wav
S0297.WAV sfx/rogue/rogue52.wav
S0298.WAV sfx/rogue/rogue53.wav
S0299.WAV sfx/rogue/rogue54.wav
S029A.WAV sfx/rogue/rogue55.wav
S029B.WAV sfx/rogue/rogue56.wav
S029C.WAV sfx/rogue/rogue57.wav
S029D.WAV sfx/rogue/rogue58.wav
S029E.WAV sfx/rogue/rogue59.wav
S029F.WAV sfx/rogue/rogue60.wav
S02A0.WAV sfx/rogue/rogue61.wav
S02A1.WAV sfx/rogue/rogue62.wav
S02A2.WAV sfx/rogue/rogue63.wav
S02A3.WAV sfx/rogue/rogue64.wav
S02A4.WAV sfx/rogue/rogue65.wav
S02A5.WAV sfx/rogue/rogue66.wav
S02A6.WAV sfx/rogue/rogue67.wav
S02A7.WAV sfx/rogue/rogue68.wav
S02A8.WAV sfx/rogue/rogue69.wav
S02A9.WAV sfx/rogue/rogue69b.wav
S02AA.WAV sfx/rogue/rogue70.wav
S02AB.WAV sfx/rogue/rogue71.wav
S02AC.WAV sfx/rogue/rogue72.wav
S02AD.WAV sfx/rogue/rogue73.wav
S02AE.WAV sfx/rogue/rogue74.wav
S02AF.WAV sfx/rogue/rogue75.wav
S02B0.WAV sfx/rogue/rogue76.wav
S02B1.WAV sfx/rogue/rogue77.wav
S02B2.WAV sfx/rogue/rogue78.wav
S02B3.WAV sfx/rogue/rogue79.wav
S02B4.WAV sfx/rogue/rogue80.wav
S02B5.WAV sfx/rogue/rogue81.wav
S02B6.WAV sfx/rogue/rogue82.wav
S02B7.WAV sfx/rogue/rogue83.wav
S02B8.WAV sfx/rogue/rogue84.wav
S02B9.WAV sfx/rogue/rogue85.wav
S02BA.WAV sfx/rogue/rogue86.wav
S02BB.WAV sfx/rogue/rogue87.wav
S02BC.WAV sfx/rogue/rogue88.wav
S02BD.WAV sfx/rogue/rogue89.wav
S02BE.WAV sfx/rogue/rogue90.wav
S02BF.WAV sfx/rogue/rogue91.wav
S02C0.WAV sfx/rogue/rogue92.wav
S02C1.WAV sfx/rogue/rogue93.wav
S02C2.WAV sfx/rogue/rogue94.wav
S02C3.WAV sfx/rogue/rogue95.wav
S02C4.WAV sfx/rogue/rogue96.wav
S02C5.WAV sfx/rogue/rogue97.wav
S02C6.WAV sfx/rogue/rogue98.wav
S02C7.WAV sfx/rogue/rogue99.wav
S02C8.WAV sfx/rogue/rogue100.wav
S02C9.WAV sfx/rogue/rogue101.wav
S02CA.WAV sfx/rogue/rogue102.wav
S02CC.WAV sfx/warrior/warior01.wav
S02CD.WAV sfx/warrior/warior02.wav
S02CE.WAV sfx/warrior/warior03.wav
S02CF.WAV sfx/warrior/warior04.wav
S02D0.WAV sfx/warrior/warior05.wav
S02D1.WAV sfx/warrior/warior06.wav
S02D2.WAV sfx/warrior/warior07.wav
S02D3.WAV sfx/warrior/warior08.wav
S02D4.WAV sfx/warrior/warior09.wav
S02D5.WAV sfx/warrior/warior10.wav
S02D6.WAV sfx/warrior/warior11.wav
S02D7.WAV sfx/warrior/warior12.wav
S02D8.WAV Sfx/Warrior/Warior13.wav
S02D9.WAV Sfx/Warrior/Warior14.wav
S02DA.WAV Sfx/Warrior/Wario14b.wav
S02DB.WAV Sfx/Warrior/Wario14c.wav
S02DC.WAV Sfx/Warrior/Warior15.wav
S02DD.WAV Sfx/Warrior/Wario15b.wav
S02DE.WAV Sfx/Warrior/Wario15c.wav
S02DF.WAV Sfx/Warrior/Warior16.wav
S02E0.WAV Sfx/Warrior/Wario16b.wav
S02E1.WAV Sfx/Warrior/Wario16c.wav
S02E2.WAV Sfx/Warrior/Warior17.wav
S02E3.WAV Sfx/Warrior/Warior18.wav
S02E4.WAV Sfx/Warrior/Warior19.wav
S02E5.WAV Sfx/Warrior/Warior20.wav
S02E6.WAV Sfx/Warrior/Warior21.wav
S02E7.WAV Sfx/Warrior/Warior22.wav
S02E8.WAV Sfx/Warrior/Warior23.wav
S02E9.WAV Sfx/Warrior/Warior24.wav
S02EA.WAV Sfx/Warrior/Warior25.wav
S02EB.WAV Sfx/Warrior/Warior26.wav
S02EC.WAV sfx/warrior/warior27.wav
S02ED.WAV sfx/warrior/warior28.wav
S02EE.WAV sfx/warrior/warior29.wav
S02EF.WAV sfx/warrior/warior30.wav
S02F0.WAV sfx/warrior/warior31.wav
S02F1.WAV sfx/warrior/warior32.wav
S02F2.WAV sfx/warrior/warior33.wav
S02F3.WAV sfx/warrior/warior34.wav
S02F4.WAV Sfx/Warrior/Warior35.wav
S02F5.WAV Sfx/Warrior/Warior36.wav
S02F6.WAV Sfx/Warrior/Warior37.wav
S02F7.WAV Sfx/Warrior/Warior38.wav
S02F8.WAV Sfx/Warrior/Warior39.wav
S02F9.WAV sfx/warrior/warior40.wav
S02FA.WAV Sfx/Warrior/Warior41.wav
S02FB.WAV sfx/warrior/warior42.wav
S02FC.WAV Sfx/Warrior/Warior43.wav
S02FD.WAV Sfx/Warrior/Warior44.wav
S02FE.WAV Sfx/Warrior/Warior45.wav
S02FF.WAV sfx/warrior/warior46.wav
S0300.WAV sfx/warrior/warior47.wav
S0301.WAV Sfx/Warrior/Warior48.wav
S0302.WAV sfx/warrior/warior49.wav
S0303.WAV sfx/warrior/warior50.wav
S0304.WAV Sfx/Warrior/Warior51.wav
S0305.WAV sfx/warrior/warior52.wav
S0306.WAV sfx/warrior/warior53.wav
S0307.WAV Sfx/Warrior/Warior54.wav
S0308.WAV sfx/warrior/warior55.wav
S0309.WAV Sfx/Warrior/Warior56.wav
S030A.WAV Sfx/Warrior/Warior57.wav
S030B.WAV Sfx/Warrior/Warior58.wav
S030C.WAV sfx/warrior/warior59.wav
S030D.WAV Sfx/Warrior/Warior60.wav
S030E.WAV sfx/warrior/warior61.wav
S030F.WAV sfx/warrior/warior62.wav
S0310.WAV Sfx/Warrior/Warior63.wav
S0311.WAV Sfx/Warrior/Warior64.wav
S0312.WAV sfx/warrior/warior65.wav
S0313.WAV sfx/warrior/warior66.wav
S0314.WAV sfx/warrior/warior67.wav
S0315.WAV sfx/warrior/warior68.wav
S0316.WAV sfx/warrior/warior69.wav
S0317.WAV sfx/warrior/wario69b.wav
S0318.WAV Sfx/Warrior/Warior70.wav
S0319.WAV Sfx/Warrior/Warior71.wav
S031A.WAV Sfx/Warrior/Warior72.wav
S031B.WAV sfx/warrior/warior73.wav
S031C.WAV Sfx/Warrior/Warior74.wav
S031D.WAV Sfx/Warrior/Warior75.wav
S031E.WAV Sfx/Warrior/Warior76.wav
S031F.WAV Sfx/Warrior/Warior77.wav
S0320.WAV Sfx/Warrior/Warior78.wav
S0321.WAV Sfx/Warrior/Warior79.wav
S0322.WAV sfx/warrior/warior80.wav
S0323.WAV sfx/warrior/warior81.wav
S0324.WAV sfx/warrior/warior82.wav
S0325.WAV sfx/warrior/warior83.wav
S0326.WAV sfx/warrior/warior84.wav
S0327.WAV sfx/warrior/warior85.wav
S0328.WAV sfx/warrior/warior86.wav
S0329.WAV sfx/warrior/warior87.wav
S032A.WAV sfx/warrior/warior88.wav
S032B.WAV sfx/warrior/warior89.wav
S032C.WAV sfx/warrior/warior90.wav
S032D.WAV sfx/warrior/warior91.wav
S032E.WAV sfx/warrior/warior92.wav
S032F.WAV sfx/warrior/warior93.wav
S0330.WAV sfx/warrior/warior94.wav
S0331.WAV sfx/warrior/warior95.wav
S0332.WAV Sfx/Warrior/Wario95b.wav
S0333.WAV Sfx/Warrior/Wario95c.wav
S0334.WAV Sfx/Warrior/Wario95d.wav
S0335.WAV Sfx/Warrior/Wario95e.wav
S0336.WAV Sfx/Warrior/Wario95f.wav
S0337.WAV Sfx/Warrior/Wario96b.wav
S0338.WAV sfx/warrior/warior97.wav
S0339.WAV Sfx/Warrior/Wario98.wav
S033A.WAV sfx/warrior/warior99.wav
S033B.WAV Sfx/Warrior/Wario100.wav
S033C.WAV Sfx/Warrior/Wario101.wav
S033D.WAV sfx/warrior/wario102.wav
S033F.WAV sfx/narrator/nar01.wav
S0340.WAV sfx/narrator/nar02.wav
S0341.WAV sfx/narrator/nar03.wav
S0342.WAV sfx/narrator/nar04.wav
S0343.WAV sfx/narrator/nar05.wav
S0344.WAV sfx/narrator/nar06.wav
S0345.WAV sfx/narrator/nar07.wav
S0346.WAV sfx/narrator/nar08.wav
S0347.WAV sfx/narrator/nar09.wav
S0349.WAV sfx/monsters/butcher.wav
S034A.WAV sfx/monsters/garbud01.wav
S034B.WAV sfx/monsters/garbud02.wav
S034C.WAV sfx/monsters/garbud03.wav
S034D.WAV sfx/monsters/garbud04.wav
S034E.WAV sfx/monsters/izual01.wav
S034F.WAV sfx/monsters/lach01.wav
S0350.WAV sfx/monsters/lach02.wav
S0351.WAV sfx/monsters/lach03.wav
S0352.WAV sfx/monsters/laz01.wav
S0353.WAV sfx/monsters/laz02.wav
S0354.WAV sfx/monsters/sking01.wav
S0355.WAV sfx/monsters/snot01.wav
S0356.WAV sfx/monsters/snot02.wav
S0357.WAV sfx/monsters/snot03.wav
S0358.WAV sfx/monsters/warlrd01.wav
S0359.WAV sfx/monsters/wlock01.wav
S035A.WAV sfx/monsters/zhar01.wav
S035B.WAV sfx/monsters/zhar02.wav
S035C.WAV sfx/monsters/diablod.wav
M000C.WAV sfx/misc/questdon.wav
M002E.WAV sfx/items/readbook.wav
M0069.WAV sfx/misc/portal.wav
M006B.WAV sfx/misc/resur.wav
M0348.WAV sfx/misc/lvl16int.wav
M03CD.WAV music/dtowne.wav
M03CE.WAV music/dlvla.wav
M03CF.WAV music/dlvlb.wav
M03D0.WAV music/dlvlc.wav
M03D1.WAV music/dlvld.wav
M03D2.WAV music/dintro.wav
ROGUE69C.WAV sfx/rogue/rogue69c.wav
ROGUE71B.WAV sfx/rogue/rogue71b.wav
WARIO96C.WAV Sfx/Warrior/Wario96c.wav
WARIOR96.WAV sfx/warrior/warior96.wav
WARIOR97.WAV sfx/warrior/warior97.wav
WARIOR98.WAV sfx/warrior/warior98.wav
