G0079.WAV sfx/towners/bmaid01.wav
G007A.WAV sfx/towners/bmaid02.wav
G007B.WAV sfx/towners/bmaid03.wav
G007C.WAV sfx/towners/bmaid04.wav
G007D.WAV sfx/towners/bmaid05.wav
G007E.WAV sfx/towners/bmaid06.wav
G007F.WAV sfx/towners/bmaid07.wav
G0080.WAV sfx/towners/bmaid08.wav
G0081.WAV sfx/towners/bmaid09.wav
G0082.WAV sfx/towners/bmaid10.wav
G0083.WAV sfx/towners/bmaid11.wav
G0084.WAV sfx/towners/bmaid12.wav
G0085.WAV sfx/towners/bmaid13.wav
G0086.WAV sfx/towners/bmaid14.wav
G0087.WAV sfx/towners/bmaid15.wav
G0088.WAV sfx/towners/bmaid16.wav
G0089.WAV sfx/towners/bmaid17.wav
G008A.WAV sfx/towners/bmaid18.wav
G008B.WAV sfx/towners/bmaid19.wav
G008C.WAV sfx/towners/bmaid20.wav
G008D.WAV sfx/towners/bmaid21.wav
G008E.WAV sfx/towners/bmaid22.wav
G008F.WAV sfx/towners/bmaid23.wav
G0090.WAV sfx/towners/bmaid24.wav
G0091.WAV sfx/towners/bmaid25.wav
G0092.WAV sfx/towners/bmaid26.wav
G0093.WAV sfx/towners/bmaid27.wav
G0094.WAV sfx/towners/bmaid28.wav
G0095.WAV sfx/towners/bmaid29.wav
G0096.WAV sfx/towners/bmaid30.wav
G0097.WAV Sfx/Towners/Bmaid31.wav
G0098.WAV sfx/towners/bmaid32.wav
G0099.WAV sfx/towners/bmaid33.wav
G009A.WAV sfx/towners/bmaid34.wav
G009B.WAV sfx/towners/bmaid35.wav
G009C.WAV sfx/towners/bmaid36.wav
G009D.WAV sfx/towners/bmaid37.wav
G009E.WAV sfx/towners/bmaid38.wav
G009F.WAV sfx/towners/bmaid39.wav
G00A0.WAV sfx/towners/bmaid40.wav
G00A1.WAV sfx/towners/bsmith01.wav
G00A2.WAV sfx/towners/bsmith02.wav
G00A3.WAV sfx/towners/bsmith03.wav
G00A4.WAV sfx/towners/bsmith04.wav
G00A5.WAV sfx/towners/bsmith05.wav
G00A6.WAV sfx/towners/bsmith06.wav
G00A7.WAV sfx/towners/bsmith07.wav
G00A8.WAV sfx/towners/bsmith08.wav
G00A9.WAV sfx/towners/bsmith09.wav
G00AA.WAV sfx/towners/bsmith10.wav
G00AB.WAV sfx/towners/bsmith11.wav
G00AC.WAV sfx/towners/bsmith12.wav
G00AD.WAV sfx/towners/bsmith13.wav
G00AE.WAV sfx/towners/bsmith14.wav
G00AF.WAV sfx/towners/bsmith15.wav
G00B0.WAV sfx/towners/bsmith16.wav
G00B1.WAV sfx/towners/bsmith17.wav
G00B2.WAV sfx/towners/bsmith18.wav
G00B3.WAV sfx/towners/bsmith19.wav
G00B4.WAV sfx/towners/bsmith20.wav
G00B5.WAV sfx/towners/bsmith21.wav
G00B6.WAV sfx/towners/bsmith22.wav
G00B7.WAV sfx/towners/bsmith23.wav
G00B8.WAV sfx/towners/bsmith24.wav
G00B9.WAV sfx/towners/bsmith25.wav
G00BA.WAV sfx/towners/bsmith26.wav
G00BB.WAV sfx/towners/bsmith27.wav
G00BC.WAV sfx/towners/bsmith28.wav
G00BD.WAV sfx/towners/bsmith29.wav
G00BE.WAV sfx/towners/bsmith30.wav
G00BF.WAV sfx/towners/bsmith31.wav
G00C0.WAV sfx/towners/bsmith32.wav
G00C1.WAV sfx/towners/bsmith33.wav
G00C2.WAV sfx/towners/bsmith34.wav
G00C3.WAV sfx/towners/bsmith35.wav
G00C4.WAV sfx/towners/bsmith36.wav
G00C5.WAV sfx/towners/bsmith37.wav
G00C6.WAV sfx/towners/bsmith38.wav
G00C7.WAV sfx/towners/bsmith39.wav
G00C8.WAV sfx/towners/bsmith40.wav
G00C9.WAV sfx/towners/bsmith41.wav
G00CA.WAV sfx/towners/bsmith42.wav
G00CB.WAV sfx/towners/bsmith43.wav
G00CC.WAV Sfx/Towners/Bsmith44.wav
G00CD.WAV sfx/towners/bsmith45.wav
G00CE.WAV sfx/towners/bsmith46.wav
G00CF.WAV sfx/towners/bsmith47.wav
G00D0.WAV sfx/towners/bsmith48.wav
G00D1.WAV sfx/towners/bsmith49.wav
G00D2.WAV sfx/towners/bsmith50.wav
G00D3.WAV sfx/towners/bsmith51.wav
G00D4.WAV sfx/towners/bsmith52.wav
G00D5.WAV sfx/towners/bsmith53.wav
G00D6.WAV sfx/towners/bsmith54.wav
G00D7.WAV sfx/towners/bsmith55.wav
G00D8.WAV sfx/towners/bsmith56.wav
G00D9.WAV Sfx/Towners/Cow1.wav
G00DA.WAV Sfx/Towners/Cow2.wav
G00E8.WAV sfx/towners/cow3.wav
G00E9.WAV sfx/towners/cow4.wav
G00EA.WAV sfx/towners/cow5.wav
G00EB.WAV sfx/towners/cow6.wav
G00EC.WAV sfx/towners/cow7.wav
G00ED.WAV sfx/towners/cow8.wav
G00EE.WAV sfx/towners/deadguy2.wav
G00EF.WAV sfx/towners/drunk01.wav
G00F0.WAV sfx/towners/drunk02.wav
G00F1.WAV sfx/towners/drunk03.wav
G00F2.WAV sfx/towners/drunk04.wav
G00F3.WAV sfx/towners/drunk05.wav
G00F4.WAV sfx/towners/drunk06.wav
G00F5.WAV sfx/towners/drunk07.wav
G00F6.WAV sfx/towners/drunk08.wav
G00F7.WAV sfx/towners/drunk09.wav
G00F8.WAV sfx/towners/drunk10.wav
G00F9.WAV sfx/towners/drunk11.wav
G00FA.WAV sfx/towners/drunk12.wav
G00FB.WAV sfx/towners/drunk13.wav
G00FC.WAV sfx/towners/drunk14.wav
G00FD.WAV sfx/towners/drunk15.wav
G00FE.WAV sfx/towners/drunk16.wav
G00FF.WAV sfx/towners/drunk17.wav
G0100.WAV sfx/towners/drunk18.wav
G0101.WAV sfx/towners/drunk19.wav
G0102.WAV sfx/towners/drunk20.wav
G0103.WAV sfx/towners/drunk21.wav
G0104.WAV sfx/towners/drunk22.wav
G0105.WAV sfx/towners/drunk23.wav
G0106.WAV sfx/towners/drunk24.wav
G0107.WAV sfx/towners/drunk25.wav
G0108.WAV sfx/towners/drunk26.wav
G0109.WAV Sfx/Towners/Drunk27.wav
G010A.WAV sfx/towners/drunk28.wav
G010B.WAV sfx/towners/drunk29.wav
G010C.WAV sfx/towners/drunk30.wav
G010D.WAV sfx/towners/drunk31.wav
G010E.WAV sfx/towners/drunk32.wav
G010F.WAV sfx/towners/drunk33.wav
G0110.WAV sfx/towners/drunk34.wav
G0111.WAV sfx/towners/drunk35.wav
G0112.WAV sfx/towners/healer01.wav
G0113.WAV sfx/towners/healer02.wav
G0114.WAV sfx/towners/healer03.wav
G0115.WAV sfx/towners/healer04.wav
G0116.WAV sfx/towners/healer05.wav
G0117.WAV sfx/towners/healer06.wav
G0118.WAV sfx/towners/healer07.wav
G0119.WAV sfx/towners/healer08.wav
G011A.WAV sfx/towners/healer09.wav
G011B.WAV sfx/towners/healer10.wav
G011C.WAV sfx/towners/healer11.wav
G011D.WAV sfx/towners/healer12.wav
G011E.WAV sfx/towners/healer13.wav
G011F.WAV sfx/towners/healer14.wav
G0120.WAV sfx/towners/healer15.wav
G0121.WAV sfx/towners/healer16.wav
G0122.WAV sfx/towners/healer17.wav
G0123.WAV sfx/towners/healer18.wav
G0124.WAV sfx/towners/healer19.wav
G0125.WAV sfx/towners/healer20.wav
G0126.WAV sfx/towners/healer21.wav
G0127.WAV sfx/towners/healer22.wav
G0128.WAV sfx/towners/healer23.wav
G0129.WAV sfx/towners/healer24.wav
G012A.WAV sfx/towners/healer25.wav
G012B.WAV sfx/towners/healer26.wav
G012C.WAV sfx/towners/healer27.wav
G012D.WAV sfx/towners/healer28.wav
G012E.WAV sfx/towners/healer29.wav
G012F.WAV sfx/towners/healer30.wav
G0130.WAV sfx/towners/healer31.wav
G0131.WAV sfx/towners/healer32.wav
G0132.WAV sfx/towners/healer33.wav
G0133.WAV sfx/towners/healer34.wav
G0134.WAV sfx/towners/healer35.wav
G0135.WAV sfx/towners/healer36.wav
G0136.WAV Sfx/Towners/Healer37.wav
G0137.WAV sfx/towners/healer38.wav
G0138.WAV sfx/towners/healer39.wav
G0139.WAV sfx/towners/healer40.wav
G013A.WAV sfx/towners/healer41.wav
G013B.WAV sfx/towners/healer42.wav
G013C.WAV sfx/towners/healer43.wav
G013D.WAV sfx/towners/healer44.wav
G013E.WAV sfx/towners/healer45.wav
G013F.WAV sfx/towners/healer46.wav
G0140.WAV sfx/towners/healer47.wav
G0141.WAV sfx/towners/pegboy01.wav
G0142.WAV sfx/towners/pegboy02.wav
G0143.WAV sfx/towners/pegboy03.wav
G0144.WAV sfx/towners/pegboy04.wav
G0145.WAV sfx/towners/pegboy05.wav
G0146.WAV sfx/towners/pegboy06.wav
G0147.WAV sfx/towners/pegboy07.wav
G0148.WAV sfx/towners/pegboy08.wav
G0149.WAV sfx/towners/pegboy09.wav
G014A.WAV sfx/towners/pegboy10.wav
G014B.WAV sfx/towners/pegboy11.wav
G014C.WAV sfx/towners/pegboy12.wav
G014D.WAV sfx/towners/pegboy13.wav
G014E.WAV sfx/towners/pegboy14.wav
G014F.WAV sfx/towners/pegboy15.wav
G0150.WAV sfx/towners/pegboy16.wav
G0151.WAV sfx/towners/pegboy17.wav
G0152.WAV sfx/towners/pegboy18.wav
G0153.WAV sfx/towners/pegboy19.wav
G0154.WAV sfx/towners/pegboy20.wav
G0155.WAV sfx/towners/pegboy21.wav
G0156.WAV sfx/towners/pegboy22.wav
G0157.WAV sfx/towners/pegboy23.wav
G0158.WAV sfx/towners/pegboy24.wav
G0159.WAV sfx/towners/pegboy25.wav
G015A.WAV sfx/towners/pegboy26.wav
G015B.WAV sfx/towners/pegboy27.wav
G015C.WAV sfx/towners/pegboy28.wav
G015D.WAV sfx/towners/pegboy29.wav
G015E.WAV sfx/towners/pegboy30.wav
G015F.WAV sfx/towners/pegboy31.wav
G0160.WAV Sfx/Towners/Pegboy32.wav
G0161.WAV sfx/towners/pegboy33.wav
G0162.WAV sfx/towners/pegboy34.wav
G0163.WAV sfx/towners/pegboy35.wav
G0164.WAV sfx/towners/pegboy36.wav
G0165.WAV sfx/towners/pegboy37.wav
G0166.WAV sfx/towners/pegboy38.wav
G0167.WAV sfx/towners/pegboy39.wav
G0168.WAV sfx/towners/pegboy40.wav
G0169.WAV sfx/towners/pegboy41.wav
G016A.WAV sfx/towners/pegboy42.wav
G016B.WAV sfx/towners/pegboy43.wav
G016C.WAV sfx/towners/priest00.wav
G016D.WAV sfx/towners/priest01.wav
G016E.WAV sfx/towners/priest02.wav
G016F.WAV sfx/towners/priest03.wav
G0170.WAV sfx/towners/priest04.wav
G0171.WAV sfx/towners/priest05.wav
G0172.WAV sfx/towners/priest06.wav
G0173.WAV sfx/towners/priest07.wav
G0174.WAV sfx/towners/storyt00.wav
G0175.WAV sfx/towners/storyt01.wav
G0176.WAV sfx/towners/storyt02.wav
G0177.WAV sfx/towners/storyt03.wav
G0178.WAV sfx/towners/storyt04.wav
G0179.WAV sfx/towners/storyt05.wav
G017A.WAV sfx/towners/storyt06.wav
G017B.WAV sfx/towners/storyt07.wav
G017C.WAV sfx/towners/storyt08.wav
G017D.WAV sfx/towners/storyt09.wav
G017E.WAV sfx/towners/storyt10.wav
G017F.WAV sfx/towners/storyt11.wav
G0180.WAV sfx/towners/storyt12.wav
G0181.WAV sfx/towners/storyt13.wav
G0182.WAV sfx/towners/storyt14.wav
G0183.WAV sfx/towners/storyt15.wav
G0184.WAV sfx/towners/storyt16.wav
G0185.WAV sfx/towners/storyt17.wav
G0186.WAV sfx/towners/storyt18.wav
G0187.WAV sfx/towners/storyt19.wav
G0188.WAV sfx/towners/storyt20.wav
G0189.WAV sfx/towners/storyt21.wav
G018A.WAV sfx/towners/storyt22.wav
G018B.WAV sfx/towners/storyt23.wav
G018C.WAV sfx/towners/storyt24.wav
G018D.WAV sfx/towners/storyt25.wav
G018E.WAV sfx/towners/storyt26.wav
G018F.WAV sfx/towners/storyt27.wav
G0190.WAV sfx/towners/storyt28.wav
G0191.WAV sfx/towners/storyt29.wav
G0192.WAV sfx/towners/storyt30.wav
G0193.WAV sfx/towners/storyt31.wav
G0194.WAV sfx/towners/storyt32.wav
G0195.WAV sfx/towners/storyt33.wav
G0196.WAV sfx/towners/storyt34.wav
G0197.WAV sfx/towners/storyt35.wav
G0198.WAV sfx/towners/storyt36.wav
G0199.WAV sfx/towners/storyt37.wav
G019A.WAV sfx/towners/storyt38.wav
G019B.WAV Sfx/Towners/Tavown00.wav
G019C.WAV sfx/towners/tavown01.wav
G019D.WAV sfx/towners/tavown02.wav
G019E.WAV sfx/towners/tavown03.wav
G019F.WAV sfx/towners/tavown04.wav
G01A0.WAV sfx/towners/tavown05.wav
G01A1.WAV sfx/towners/tavown06.wav
G01A2.WAV sfx/towners/tavown07.wav
G01A3.WAV sfx/towners/tavown08.wav
G01A4.WAV sfx/towners/tavown09.wav
G01A5.WAV sfx/towners/tavown10.wav
G01A6.WAV sfx/towners/tavown11.wav
G01A7.WAV sfx/towners/tavown12.wav
G01A8.WAV sfx/towners/tavown13.wav
G01A9.WAV sfx/towners/tavown14.wav
G01AA.WAV sfx/towners/tavown15.wav
G01AB.WAV sfx/towners/tavown16.wav
G01AC.WAV sfx/towners/tavown17.wav
G01AD.WAV sfx/towners/tavown18.wav
G01AE.WAV sfx/towners/tavown19.wav
G01AF.WAV sfx/towners/tavown20.wav
G01B0.WAV sfx/towners/tavown21.wav
G01B1.WAV sfx/towners/tavown22.wav
G01B2.WAV sfx/towners/tavown23.wav
G01B3.WAV sfx/towners/tavown24.wav
G01B4.WAV sfx/towners/tavown25.wav
G01B5.WAV sfx/towners/tavown26.wav
G01B6.WAV sfx/towners/tavown27.wav
G01B7.WAV sfx/towners/tavown28.wav
G01B8.WAV sfx/towners/tavown29.wav
G01B9.WAV sfx/towners/tavown30.wav
G01BA.WAV sfx/towners/tavown31.wav
G01BB.WAV sfx/towners/tavown32.wav
G01BC.WAV sfx/towners/tavown33.wav
G01BD.WAV sfx/towners/tavown34.wav
G01BE.WAV sfx/towners/tavown35.wav
G01BF.WAV sfx/towners/tavown36.wav
G01C0.WAV sfx/towners/tavown37.wav
G01C1.WAV sfx/towners/tavown38.wav
G01C2.WAV sfx/towners/tavown39.wav
G01C3.WAV sfx/towners/tavown40.wav
G01C4.WAV sfx/towners/tavown41.wav
G01C5.WAV sfx/towners/tavown42.wav
G01C6.WAV sfx/towners/tavown43.wav
G01C7.WAV sfx/towners/tavown44.wav
G01C8.WAV sfx/towners/tavown45.wav
G01C9.WAV sfx/towners/witch01.wav
G01CA.WAV sfx/towners/witch02.wav
G01CB.WAV sfx/towners/witch03.wav
G01CC.WAV sfx/towners/witch04.wav
G01CD.WAV sfx/towners/witch05.wav
G01CE.WAV sfx/towners/witch06.wav
G01CF.WAV sfx/towners/witch07.wav
G01D0.WAV sfx/towners/witch08.wav
G01D1.WAV sfx/towners/witch09.wav
G01D2.WAV sfx/towners/witch10.wav
G01D3.WAV sfx/towners/witch11.wav
G01D4.WAV sfx/towners/witch12.wav
G01D5.WAV sfx/towners/witch13.wav
G01D6.WAV sfx/towners/witch14.wav
G01D7.WAV sfx/towners/witch15.wav
G01D8.WAV sfx/towners/witch16.wav
G01D9.WAV sfx/towners/witch17.wav
G01DA.WAV sfx/towners/witch18.wav
G01DB.WAV sfx/towners/witch19.wav
G01DC.WAV sfx/towners/witch20.wav
G01DD.WAV sfx/towners/witch21.wav
G01DE.WAV sfx/towners/witch22.wav
G01DF.WAV sfx/towners/witch23.wav
G01E0.WAV sfx/towners/witch24.wav
G01E1.WAV sfx/towners/witch25.wav
G01E2.WAV sfx/towners/witch26.wav
G01E3.WAV sfx/towners/witch27.wav
G01E4.WAV sfx/towners/witch28.wav
G01E5.WAV sfx/towners/witch29.wav
G01E6.WAV sfx/towners/witch30.wav
G01E7.WAV sfx/towners/witch31.wav
G01E8.WAV sfx/towners/witch32.wav
G01E9.WAV sfx/towners/witch33.wav
G01EA.WAV sfx/towners/witch34.wav
G01EB.WAV sfx/towners/witch35.wav
G01EC.WAV sfx/towners/witch36.wav
G01ED.WAV sfx/towners/witch37.wav
G01EE.WAV Sfx/Towners/Witch38.wav
G01EF.WAV sfx/towners/witch39.wav
G01F0.WAV sfx/towners/witch40.wav
G01F1.WAV sfx/towners/witch41.wav
G01F2.WAV sfx/towners/witch42.wav
G01F3.WAV sfx/towners/witch43.wav
G01F4.WAV sfx/towners/witch44.wav
G01F5.WAV sfx/towners/witch45.wav
G01F6.WAV sfx/towners/witch46.wav
G01F7.WAV sfx/towners/witch47.wav
G01F8.WAV sfx/towners/witch48.wav
G01F9.WAV sfx/towners/witch49.wav
G01FA.WAV sfx/towners/witch50.wav
G01FB.WAV sfx/towners/wound01.wav
G01FC.WAV sfx/sorceror/mage01.wav
G01FD.WAV sfx/sorceror/mage02.wav
G01FE.WAV sfx/sorceror/mage03.wav
G01FF.WAV sfx/sorceror/mage04.wav
G0200.WAV sfx/sorceror/mage05.wav
G0201.WAV sfx/sorceror/mage06.wav
G0202.WAV sfx/sorceror/mage07.wav
G0203.WAV sfx/sorceror/mage08.wav
G0204.WAV sfx/sorceror/mage09.wav
G0205.WAV sfx/sorceror/mage10.wav
G0206.WAV sfx/sorceror/mage11.wav
G0207.WAV sfx/sorceror/mage12.wav
G0208.WAV sfx/sorceror/mage13.wav
G0209.WAV sfx/sorceror/mage14.wav
G020A.WAV sfx/sorceror/mage15.wav
G020B.WAV sfx/sorceror/mage16.wav
G020C.WAV sfx/sorceror/mage17.wav
G020D.WAV sfx/sorceror/mage18.wav
G020E.WAV sfx/sorceror/mage19.wav
G020F.WAV sfx/sorceror/mage20.wav
G0210.WAV sfx/sorceror/mage21.wav
G0211.WAV sfx/sorceror/mage22.wav
G0212.WAV sfx/sorceror/mage23.wav
G0213.WAV sfx/sorceror/mage24.wav
G0214.WAV sfx/sorceror/mage25.wav
G0215.WAV sfx/sorceror/mage26.wav
G0216.WAV sfx/sorceror/mage27.wav
G0217.WAV sfx/sorceror/mage28.wav
G0218.WAV sfx/sorceror/mage29.wav
G0219.WAV sfx/sorceror/mage30.wav
G021A.WAV sfx/sorceror/mage31.wav
G021B.WAV sfx/sorceror/mage32.wav
G021C.WAV sfx/sorceror/mage33.wav
G021D.WAV sfx/sorceror/mage34.wav
G021E.WAV sfx/sorceror/mage35.wav
G021F.WAV sfx/sorceror/mage36.wav
G0220.WAV sfx/sorceror/mage37.wav
G0221.WAV sfx/sorceror/mage38.wav
G0222.WAV sfx/sorceror/mage39.wav
G0223.WAV sfx/sorceror/mage40.wav
G0224.WAV sfx/sorceror/mage41.wav
G0225.WAV sfx/sorceror/mage42.wav
G0226.WAV sfx/sorceror/mage43.wav
G0227.WAV sfx/sorceror/mage44.wav
G0228.WAV sfx/sorceror/mage45.wav
G0229.WAV sfx/sorceror/mage46.wav
G022A.WAV sfx/sorceror/mage47.wav
G022B.WAV sfx/sorceror/mage48.wav
G022C.WAV sfx/sorceror/mage49.wav
G022D.WAV sfx/sorceror/mage50.wav
G022D.WAV sfx/animals/mage50.wav
G022E.WAV sfx/sorceror/mage51.wav
G022F.WAV sfx/sorceror/mage52.wav
G0230.WAV sfx/sorceror/mage53.wav
G0231.WAV sfx/sorceror/mage54.wav
G0232.WAV sfx/sorceror/mage55.wav
G0233.WAV sfx/sorceror/mage56.wav
G0234.WAV sfx/sorceror/mage57.wav
G0235.WAV sfx/sorceror/mage58.wav
G0236.WAV sfx/sorceror/mage59.wav
G0237.WAV sfx/sorceror/mage60.wav
G0238.WAV sfx/sorceror/mage61.wav
G0239.WAV sfx/sorceror/mage62.wav
G023A.WAV sfx/sorceror/mage63.wav
G023B.WAV sfx/sorceror/mage64.wav
G023C.WAV sfx/sorceror/mage65.wav
G023D.WAV sfx/sorceror/mage66.wav
G023E.WAV sfx/sorceror/mage67.wav
G023F.WAV sfx/sorceror/mage68.wav
G0240.WAV sfx/sorceror/mage69.wav
G0241.WAV sfx/sorceror/mage69b.wav
G0242.WAV sfx/sorceror/mage70.wav
G0243.WAV sfx/sorceror/mage71.wav
G0244.WAV sfx/sorceror/mage72.wav
G0245.WAV sfx/sorceror/mage73.wav
G0246.WAV sfx/sorceror/mage74.wav
G0247.WAV sfx/sorceror/mage75.wav
G0248.WAV sfx/sorceror/mage76.wav
G0249.WAV sfx/sorceror/mage77.wav
G024A.WAV sfx/sorceror/mage78.wav
G024B.WAV sfx/sorceror/mage79.wav
G024C.WAV sfx/sorceror/mage80.wav
G024D.WAV sfx/sorceror/mage81.wav
G024E.WAV sfx/sorceror/mage82.wav
G024F.WAV sfx/sorceror/mage83.wav
G0250.WAV sfx/sorceror/mage84.wav
G0251.WAV sfx/sorceror/mage85.wav
G0252.WAV sfx/sorceror/mage86.wav
G0253.WAV sfx/sorceror/mage87.wav
G0254.WAV sfx/sorceror/mage88.wav
G0255.WAV sfx/sorceror/mage89.wav
G0256.WAV sfx/sorceror/mage90.wav
G0257.WAV sfx/sorceror/mage91.wav
G0258.WAV sfx/sorceror/mage92.wav
G0259.WAV sfx/sorceror/mage93.wav
G025A.WAV sfx/sorceror/mage94.wav
G025B.WAV sfx/sorceror/mage95.wav
G025C.WAV sfx/sorceror/mage96.wav
G025D.WAV sfx/sorceror/mage97.wav
G025E.WAV sfx/sorceror/mage98.wav
G025F.WAV sfx/sorceror/mage99.wav
G0260.WAV sfx/sorceror/mage100.wav
G0261.WAV sfx/sorceror/mage101.wav
G0262.WAV sfx/sorceror/mage102.wav
G0264.WAV sfx/rogue/rogue01.wav
G0265.WAV sfx/rogue/rogue02.wav
G0266.WAV sfx/rogue/rogue03.wav
G0267.WAV sfx/rogue/rogue04.wav
G0268.WAV sfx/rogue/rogue05.wav
G0269.WAV sfx/rogue/rogue06.wav
G026A.WAV sfx/rogue/rogue07.wav
G026B.WAV sfx/rogue/rogue08.wav
G026C.WAV sfx/rogue/rogue09.wav
G026D.WAV sfx/rogue/rogue10.wav
G026E.WAV sfx/rogue/rogue11.wav
G026F.WAV sfx/rogue/rogue12.wav
G0270.WAV sfx/rogue/rogue13.wav
G0271.WAV sfx/rogue/rogue14.wav
G0272.WAV sfx/rogue/rogue15.wav
G0273.WAV sfx/rogue/rogue16.wav
G0274.WAV sfx/rogue/rogue17.wav
G0275.WAV sfx/rogue/rogue18.wav
G0276.WAV sfx/rogue/rogue19.wav
G0277.WAV sfx/rogue/rogue20.wav
G0278.WAV sfx/rogue/rogue21.wav
G0279.WAV sfx/rogue/rogue22.wav
G027A.WAV sfx/rogue/rogue23.wav
G027B.WAV sfx/rogue/rogue24.wav
G027C.WAV sfx/rogue/rogue25.wav
G027D.WAV sfx/rogue/rogue26.wav
G027E.WAV sfx/rogue/rogue27.wav
G027F.WAV sfx/rogue/rogue28.wav
G0280.WAV sfx/rogue/rogue29.wav
G0281.WAV sfx/rogue/rogue30.wav
G0282.WAV sfx/rogue/rogue31.wav
G0283.WAV sfx/rogue/rogue32.wav
G0284.WAV sfx/rogue/rogue33.wav
G0285.WAV sfx/rogue/rogue34.wav
G0286.WAV sfx/rogue/rogue35.wav
G0287.WAV sfx/rogue/rogue36.wav
G0288.WAV sfx/rogue/rogue37.wav
G0289.WAV sfx/rogue/rogue38.wav
G028A.WAV sfx/rogue/rogue39.wav
G028B.WAV sfx/rogue/rogue40.wav
G028C.WAV sfx/rogue/rogue41.wav
G028D.WAV sfx/rogue/rogue42.wav
G028E.WAV sfx/rogue/rogue43.wav
G028F.WAV sfx/rogue/rogue44.wav
G0290.WAV sfx/rogue/rogue45.wav
G0291.WAV sfx/rogue/rogue46.wav
G0292.WAV sfx/rogue/rogue47.wav
G0293.WAV sfx/rogue/rogue48.wav
G0294.WAV sfx/rogue/rogue49.wav
G0295.WAV sfx/rogue/rogue50.wav
G0295.WAV sfx/animals/rogue50.wav
G0296.WAV sfx/rogue/rogue51.wav
G0297.WAV sfx/rogue/rogue52.wav
G0298.WAV sfx/rogue/rogue53.wav
G0299.WAV sfx/rogue/rogue54.wav
G029A.WAV sfx/rogue/rogue55.wav
G029B.WAV sfx/rogue/rogue56.wav
G029C.WAV sfx/rogue/rogue57.wav
G029D.WAV sfx/rogue/rogue58.wav
G029E.WAV sfx/rogue/rogue59.wav
G029F.WAV sfx/rogue/rogue60.wav
G02A0.WAV sfx/rogue/rogue61.wav
G02A1.WAV sfx/rogue/rogue62.wav
G02A2.WAV sfx/rogue/rogue63.wav
G02A3.WAV sfx/rogue/rogue64.wav
G02A4.WAV sfx/rogue/rogue65.wav
G02A5.WAV sfx/rogue/rogue66.wav
G02A6.WAV sfx/rogue/rogue67.wav
G02A7.WAV sfx/rogue/rogue68.wav
G02A8.WAV sfx/rogue/rogue69.wav
G02A9.WAV sfx/rogue/rogue69b.wav
G02AA.WAV sfx/rogue/rogue70.wav
G02AB.WAV sfx/rogue/rogue71.wav
G02AC.WAV sfx/rogue/rogue72.wav
G02AD.WAV sfx/rogue/rogue73.wav
G02AE.WAV sfx/rogue/rogue74.wav
G02AF.WAV sfx/rogue/rogue75.wav
G02B0.WAV sfx/rogue/rogue76.wav
G02B1.WAV sfx/rogue/rogue77.wav
G02B2.WAV sfx/rogue/rogue78.wav
G02B3.WAV sfx/rogue/rogue79.wav
G02B4.WAV sfx/rogue/rogue80.wav
G02B5.WAV sfx/rogue/rogue81.wav
G02B6.WAV sfx/rogue/rogue82.wav
G02B7.WAV sfx/rogue/rogue83.wav
G02B8.WAV sfx/rogue/rogue84.wav
G02B9.WAV sfx/rogue/rogue85.wav
G02BA.WAV sfx/rogue/rogue86.wav
G02BB.WAV sfx/rogue/rogue87.wav
G02BC.WAV sfx/rogue/rogue88.wav
G02BD.WAV sfx/rogue/rogue89.wav
G02BE.WAV sfx/rogue/rogue90.wav
G02BF.WAV sfx/rogue/rogue91.wav
G02C0.WAV sfx/rogue/rogue92.wav
G02C1.WAV sfx/rogue/rogue93.wav
G02C2.WAV sfx/rogue/rogue94.wav
G02C3.WAV sfx/rogue/rogue95.wav
G02C4.WAV sfx/rogue/rogue96.wav
G02C5.WAV sfx/rogue/rogue97.wav
G02C6.WAV sfx/rogue/rogue98.wav
G02C7.WAV sfx/rogue/rogue99.wav
G02C8.WAV sfx/rogue/rogue100.wav
G02C9.WAV sfx/rogue/rogue101.wav
G02CA.WAV sfx/rogue/rogue102.wav
G02CC.WAV sfx/warrior/warior01.wav
G02CD.WAV sfx/warrior/warior02.wav
G02CE.WAV sfx/warrior/warior03.wav
G02CF.WAV sfx/warrior/warior04.wav
G02D0.WAV sfx/warrior/warior05.wav
G02D1.WAV sfx/warrior/warior06.wav
G02D2.WAV sfx/warrior/warior07.wav
G02D3.WAV sfx/warrior/warior08.wav
G02D4.WAV sfx/warrior/warior09.wav
G02D5.WAV sfx/warrior/warior10.wav
G02D6.WAV sfx/warrior/warior11.wav
G02D7.WAV sfx/warrior/warior12.wav
G02D8.WAV Sfx/Warrior/Warior13.wav
G02D9.WAV Sfx/Warrior/Warior14.wav
G02DA.WAV Sfx/Warrior/Wario14b.wav
G02DB.WAV Sfx/Warrior/Wario14c.wav
G02DC.WAV Sfx/Warrior/Warior15.wav
G02DD.WAV Sfx/Warrior/Wario15b.wav
G02DE.WAV Sfx/Warrior/Wario15c.wav
G02DF.WAV Sfx/Warrior/Warior16.wav
G02E0.WAV Sfx/Warrior/Wario16b.wav
G02E1.WAV Sfx/Warrior/Wario16c.wav
G02E2.WAV Sfx/Warrior/Warior17.wav
G02E3.WAV Sfx/Warrior/Warior18.wav
G02E4.WAV Sfx/Warrior/Warior19.wav
G02E5.WAV Sfx/Warrior/Warior20.wav
G02E6.WAV Sfx/Warrior/Warior21.wav
G02E7.WAV Sfx/Warrior/Warior22.wav
G02E8.WAV Sfx/Warrior/Warior23.wav
G02E9.WAV Sfx/Warrior/Warior24.wav
G02EA.WAV Sfx/Warrior/Warior25.wav
G02EB.WAV Sfx/Warrior/Warior26.wav
G02EC.WAV sfx/warrior/warior27.wav
G02ED.WAV sfx/warrior/warior28.wav
G02EE.WAV sfx/warrior/warior29.wav
G02EF.WAV sfx/warrior/warior30.wav
G02F0.WAV sfx/warrior/warior31.wav
G02F1.WAV sfx/warrior/warior32.wav
G02F2.WAV sfx/warrior/warior33.wav
G02F3.WAV sfx/warrior/warior34.wav
G02F4.WAV Sfx/Warrior/Warior35.wav
G02F5.WAV Sfx/Warrior/Warior36.wav
G02F6.WAV Sfx/Warrior/Warior37.wav
G02F7.WAV Sfx/Warrior/Warior38.wav
G02F8.WAV Sfx/Warrior/Warior39.wav
G02F9.WAV sfx/warrior/warior40.wav
G02FA.WAV Sfx/Warrior/Warior41.wav
G02FB.WAV sfx/warrior/warior42.wav
G02FC.WAV Sfx/Warrior/Warior43.wav
G02FD.WAV Sfx/Warrior/Warior44.wav
G02FE.WAV Sfx/Warrior/Warior45.wav
G02FF.WAV sfx/warrior/warior46.wav
G0300.WAV sfx/warrior/warior47.wav
G0301.WAV Sfx/Warrior/Warior48.wav
G0302.WAV sfx/warrior/warior49.wav
G0303.WAV sfx/warrior/warior50.wav
G0304.WAV Sfx/Warrior/Warior51.wav
G0305.WAV sfx/warrior/warior52.wav
G0306.WAV sfx/warrior/warior53.wav
G0307.WAV Sfx/Warrior/Warior54.wav
G0308.WAV sfx/warrior/warior55.wav
G0309.WAV Sfx/Warrior/Warior56.wav
G030A.WAV Sfx/Warrior/Warior57.wav
G030B.WAV Sfx/Warrior/Warior58.wav
G030C.WAV sfx/warrior/warior59.wav
G030D.WAV Sfx/Warrior/Warior60.wav
G030E.WAV sfx/warrior/warior61.wav
G030F.WAV sfx/warrior/warior62.wav
G0310.WAV Sfx/Warrior/Warior63.wav
G0311.WAV Sfx/Warrior/Warior64.wav
G0312.WAV sfx/warrior/warior65.wav
G0313.WAV sfx/warrior/warior66.wav
G0314.WAV sfx/warrior/warior67.wav
G0315.WAV sfx/warrior/warior68.wav
G0316.WAV sfx/warrior/warior69.wav
G0317.WAV sfx/warrior/wario69b.wav
G0318.WAV Sfx/Warrior/Warior70.wav
G0319.WAV Sfx/Warrior/Warior71.wav
G031A.WAV Sfx/Warrior/Warior72.wav
G031B.WAV sfx/warrior/warior73.wav
G031C.WAV Sfx/Warrior/Warior74.wav
G031D.WAV Sfx/Warrior/Warior75.wav
G031E.WAV Sfx/Warrior/Warior76.wav
G031F.WAV Sfx/Warrior/Warior77.wav
G0320.WAV Sfx/Warrior/Warior78.wav
G0321.WAV Sfx/Warrior/Warior79.wav
G0322.WAV sfx/warrior/warior80.wav
G0323.WAV sfx/warrior/warior81.wav
G0324.WAV sfx/warrior/warior82.wav
G0325.WAV sfx/warrior/warior83.wav
G0326.WAV sfx/warrior/warior84.wav
G0327.WAV sfx/warrior/warior85.wav
G0328.WAV sfx/warrior/warior86.wav
G0329.WAV sfx/warrior/warior87.wav
G032A.WAV sfx/warrior/warior88.wav
G032B.WAV sfx/warrior/warior89.wav
G032C.WAV sfx/warrior/warior90.wav
G032D.WAV sfx/warrior/warior91.wav
G032E.WAV sfx/warrior/warior92.wav
G032F.WAV sfx/warrior/warior93.wav
G0330.WAV sfx/warrior/warior94.wav
G0331.WAV sfx/warrior/warior95.wav
G0332.WAV Sfx/Warrior/Wario95b.wav
G0333.WAV Sfx/Warrior/Wario95c.wav
G0334.WAV Sfx/Warrior/Wario95d.wav
G0335.WAV Sfx/Warrior/Wario95e.wav
G0336.WAV Sfx/Warrior/Wario95f.wav
G0337.WAV Sfx/Warrior/Wario96b.wav
G0338.WAV sfx/warrior/warior97.wav
G0339.WAV Sfx/Warrior/Wario98.wav
G033A.WAV sfx/warrior/warior99.wav
G033B.WAV Sfx/Warrior/Wario100.wav
G033C.WAV Sfx/Warrior/Wario101.wav
G033D.WAV sfx/warrior/wario102.wav
G033F.WAV sfx/narrator/nar01.wav
G0340.WAV sfx/narrator/nar02.wav
G0341.WAV sfx/narrator/nar03.wav
G0342.WAV sfx/narrator/nar04.wav
G0343.WAV sfx/narrator/nar05.wav
G0344.WAV sfx/narrator/nar06.wav
G0345.WAV sfx/narrator/nar07.wav
G0346.WAV sfx/narrator/nar08.wav
G0347.WAV sfx/narrator/nar09.wav
G0349.WAV sfx/monsters/butcher.wav
G034A.WAV sfx/monsters/garbud01.wav
G034B.WAV sfx/monsters/garbud02.wav
G034C.WAV sfx/monsters/garbud03.wav
G034D.WAV sfx/monsters/garbud04.wav
G034E.WAV sfx/monsters/izual01.wav
G034F.WAV sfx/monsters/lach01.wav
G0350.WAV sfx/monsters/lach02.wav
G0351.WAV sfx/monsters/lach03.wav
G0352.WAV sfx/monsters/laz01.wav
G0353.WAV sfx/monsters/laz02.wav
G0354.WAV sfx/monsters/sking01.wav
G0355.WAV sfx/monsters/snot01.wav
G0356.WAV sfx/monsters/snot02.wav
G0357.WAV sfx/monsters/snot03.wav
G0358.WAV sfx/monsters/warlrd01.wav
G0359.WAV sfx/monsters/wlock01.wav
G035A.WAV sfx/monsters/zhar01.wav
G035B.WAV sfx/monsters/zhar02.wav
G035C.WAV sfx/monsters/diablod.wav
M000C.WAV sfx/misc/questdon.wav
M002E.WAV sfx/items/readbook.wav
M0069.WAV sfx/misc/portal.wav
M006B.WAV sfx/misc/resur.wav
M0348.WAV sfx/misc/lvl16int.wav
M03CD.WAV music/dtowne.wav
M03CE.WAV music/dlvla.wav
M03CF.WAV music/dlvlb.wav
M03D0.WAV music/dlvlc.wav
M03D1.WAV music/dlvld.wav
M03D2.WAV music/dintro.wav
ROGUE69C.WAV sfx/rogue/rogue69c.wav
ROGUE71B.WAV sfx/rogue/rogue71b.wav
WARIO96C.WAV Sfx/Warrior/Wario96c.wav
WARIOR96.WAV sfx/warrior/warior96.wav
WARIOR97.WAV sfx/warrior/warior97.wav
WARIOR98.WAV sfx/warrior/warior98.wav
