J0079.WAV sfx/towners/bmaid01.wav
J007A.WAV sfx/towners/bmaid02.wav
J007B.WAV sfx/towners/bmaid03.wav
J007C.WAV sfx/towners/bmaid04.wav
J007D.WAV sfx/towners/bmaid05.wav
J007E.WAV sfx/towners/bmaid06.wav
J007F.WAV sfx/towners/bmaid07.wav
J0080.WAV sfx/towners/bmaid08.wav
J0081.WAV sfx/towners/bmaid09.wav
J0082.WAV sfx/towners/bmaid10.wav
J0083.WAV sfx/towners/bmaid11.wav
J0084.WAV sfx/towners/bmaid12.wav
J0085.WAV sfx/towners/bmaid13.wav
J0086.WAV sfx/towners/bmaid14.wav
J0087.WAV sfx/towners/bmaid15.wav
J0088.WAV sfx/towners/bmaid16.wav
J0089.WAV sfx/towners/bmaid17.wav
J008A.WAV sfx/towners/bmaid18.wav
J008B.WAV sfx/towners/bmaid19.wav
J008C.WAV sfx/towners/bmaid20.wav
J008D.WAV sfx/towners/bmaid21.wav
J008E.WAV sfx/towners/bmaid22.wav
J008F.WAV sfx/towners/bmaid23.wav
J0090.WAV sfx/towners/bmaid24.wav
J0091.WAV sfx/towners/bmaid25.wav
J0092.WAV sfx/towners/bmaid26.wav
J0093.WAV sfx/towners/bmaid27.wav
J0094.WAV sfx/towners/bmaid28.wav
J0095.WAV sfx/towners/bmaid29.wav
J0096.WAV sfx/towners/bmaid30.wav
J0097.WAV sfx/towners/Bmaid31.wav
J0098.WAV sfx/towners/bmaid32.wav
J0099.WAV sfx/towners/bmaid33.wav
J009A.WAV sfx/towners/bmaid34.wav
J009B.WAV sfx/towners/bmaid35.wav
J009C.WAV sfx/towners/bmaid36.wav
J009D.WAV sfx/towners/bmaid37.wav
J009E.WAV sfx/towners/bmaid38.wav
J009F.WAV sfx/towners/bmaid39.wav
J00A0.WAV sfx/towners/bmaid40.wav
J00A1.WAV sfx/towners/bsmith01.wav
J00A2.WAV sfx/towners/bsmith02.wav
J00A3.WAV sfx/towners/bsmith03.wav
J00A4.WAV sfx/towners/bsmith04.wav
J00A5.WAV sfx/towners/bsmith05.wav
J00A6.WAV sfx/towners/bsmith06.wav
J00A7.WAV sfx/towners/bsmith07.wav
J00A8.WAV sfx/towners/bsmith08.wav
J00A9.WAV sfx/towners/bsmith09.wav
J00AA.WAV sfx/towners/bsmith10.wav
J00AB.WAV sfx/towners/bsmith11.wav
J00AC.WAV sfx/towners/bsmith12.wav
J00AD.WAV sfx/towners/bsmith13.wav
J00AE.WAV sfx/towners/bsmith14.wav
J00AF.WAV sfx/towners/bsmith15.wav
J00B0.WAV sfx/towners/bsmith16.wav
J00B1.WAV sfx/towners/bsmith17.wav
J00B2.WAV sfx/towners/bsmith18.wav
J00B3.WAV sfx/towners/bsmith19.wav
J00B4.WAV sfx/towners/bsmith20.wav
J00B5.WAV sfx/towners/bsmith21.wav
J00B6.WAV sfx/towners/bsmith22.wav
J00B7.WAV sfx/towners/bsmith23.wav
J00B8.WAV sfx/towners/bsmith24.wav
J00B9.WAV sfx/towners/bsmith25.wav
J00BA.WAV sfx/towners/bsmith26.wav
J00BB.WAV sfx/towners/bsmith27.wav
J00BC.WAV sfx/towners/bsmith28.wav
J00BD.WAV sfx/towners/bsmith29.wav
J00BE.WAV sfx/towners/bsmith30.wav
J00BF.WAV sfx/towners/bsmith31.wav
J00C0.WAV sfx/towners/bsmith32.wav
J00C1.WAV sfx/towners/bsmith33.wav
J00C2.WAV sfx/towners/bsmith34.wav
J00C3.WAV sfx/towners/bsmith35.wav
J00C4.WAV sfx/towners/bsmith36.wav
J00C5.WAV sfx/towners/bsmith37.wav
J00C6.WAV sfx/towners/bsmith38.wav
J00C7.WAV sfx/towners/bsmith39.wav
J00C8.WAV sfx/towners/bsmith40.wav
J00C9.WAV sfx/towners/bsmith41.wav
J00CA.WAV sfx/towners/bsmith42.wav
J00CB.WAV sfx/towners/bsmith43.wav
J00CC.WAV sfx/towners/Bsmith44.wav
J00CD.WAV sfx/towners/bsmith45.wav
J00CE.WAV sfx/towners/bsmith46.wav
J00CF.WAV sfx/towners/bsmith47.wav
J00D0.WAV sfx/towners/bsmith48.wav
J00D1.WAV sfx/towners/bsmith49.wav
J00D2.WAV sfx/towners/bsmith50.wav
J00D3.WAV sfx/towners/bsmith51.wav
J00D4.WAV sfx/towners/bsmith52.wav
J00D5.WAV sfx/towners/bsmith53.wav
J00D6.WAV sfx/towners/bsmith54.wav
J00D7.WAV sfx/towners/bsmith55.wav
J00D8.WAV sfx/towners/bsmith56.wav
J00D9.WAV sfx/towners/Cow1.wav
J00DA.WAV sfx/towners/Cow2.wav
J00E8.WAV sfx/towners/cow3.wav
J00E9.WAV sfx/towners/cow4.wav
J00EA.WAV sfx/towners/cow5.wav
J00EB.WAV sfx/towners/cow6.wav
J00EC.WAV sfx/towners/cow7.wav
J00ED.WAV sfx/towners/cow8.wav
J00EE.WAV sfx/towners/deadguy2.wav
J00EF.WAV sfx/towners/drunk01.wav
J00F0.WAV sfx/towners/drunk02.wav
J00F1.WAV sfx/towners/drunk03.wav
J00F2.WAV sfx/towners/drunk04.wav
J00F3.WAV sfx/towners/drunk05.wav
J00F4.WAV sfx/towners/drunk06.wav
J00F5.WAV sfx/towners/drunk07.wav
J00F6.WAV sfx/towners/drunk08.wav
J00F7.WAV sfx/towners/drunk09.wav
J00F8.WAV sfx/towners/drunk10.wav
J00F9.WAV sfx/towners/drunk11.wav
J00FA.WAV sfx/towners/drunk12.wav
J00FB.WAV sfx/towners/drunk13.wav
J00FC.WAV sfx/towners/drunk14.wav
J00FD.WAV sfx/towners/drunk15.wav
J00FE.WAV sfx/towners/drunk16.wav
J00FF.WAV sfx/towners/drunk17.wav
J0100.WAV sfx/towners/drunk18.wav
J0101.WAV sfx/towners/drunk19.wav
J0102.WAV sfx/towners/drunk20.wav
J0103.WAV sfx/towners/drunk21.wav
J0104.WAV sfx/towners/drunk22.wav
J0105.WAV sfx/towners/drunk23.wav
J0106.WAV sfx/towners/drunk24.wav
J0107.WAV sfx/towners/drunk25.wav
J0108.WAV sfx/towners/drunk26.wav
J0109.WAV sfx/towners/Drunk27.wav
J010A.WAV sfx/towners/drunk28.wav
J010B.WAV sfx/towners/drunk29.wav
J010C.WAV sfx/towners/drunk30.wav
J010D.WAV sfx/towners/drunk31.wav
J010E.WAV sfx/towners/drunk32.wav
J010F.WAV sfx/towners/drunk33.wav
J0110.WAV sfx/towners/drunk34.wav
J0111.WAV sfx/towners/drunk35.wav
J0112.WAV sfx/towners/healer01.wav
J0113.WAV sfx/towners/healer02.wav
J0114.WAV sfx/towners/healer03.wav
J0115.WAV sfx/towners/healer04.wav
J0116.WAV sfx/towners/healer05.wav
J0117.WAV sfx/towners/healer06.wav
J0118.WAV sfx/towners/healer07.wav
J0119.WAV sfx/towners/healer08.wav
J011A.WAV sfx/towners/healer09.wav
J011B.WAV sfx/towners/healer10.wav
J011C.WAV sfx/towners/healer11.wav
J011D.WAV sfx/towners/healer12.wav
J011E.WAV sfx/towners/healer13.wav
J011F.WAV sfx/towners/healer14.wav
J0120.WAV sfx/towners/healer15.wav
J0121.WAV sfx/towners/healer16.wav
J0122.WAV sfx/towners/healer17.wav
J0123.WAV sfx/towners/healer18.wav
J0124.WAV sfx/towners/healer19.wav
J0125.WAV sfx/towners/healer20.wav
J0126.WAV sfx/towners/healer21.wav
J0127.WAV sfx/towners/healer22.wav
J0128.WAV sfx/towners/healer23.wav
J0129.WAV sfx/towners/healer24.wav
J012A.WAV sfx/towners/healer25.wav
J012B.WAV sfx/towners/healer26.wav
J012C.WAV sfx/towners/healer27.wav
J012D.WAV sfx/towners/healer28.wav
J012E.WAV sfx/towners/healer29.wav
J012F.WAV sfx/towners/healer30.wav
J0130.WAV sfx/towners/healer31.wav
J0131.WAV sfx/towners/healer32.wav
J0132.WAV sfx/towners/healer33.wav
J0133.WAV sfx/towners/healer34.wav
J0134.WAV sfx/towners/healer35.wav
J0135.WAV sfx/towners/healer36.wav
J0136.WAV sfx/towners/Healer37.wav
J0137.WAV sfx/towners/healer38.wav
J0138.WAV sfx/towners/healer39.wav
J0139.WAV sfx/towners/healer40.wav
J013A.WAV sfx/towners/healer41.wav
J013B.WAV sfx/towners/healer42.wav
J013C.WAV sfx/towners/healer43.wav
J013D.WAV sfx/towners/healer44.wav
J013E.WAV sfx/towners/healer45.wav
J013F.WAV sfx/towners/healer46.wav
J0140.WAV sfx/towners/healer47.wav
J0141.WAV sfx/towners/pegboy01.wav
J0142.WAV sfx/towners/pegboy02.wav
J0143.WAV sfx/towners/pegboy03.wav
J0144.WAV sfx/towners/pegboy04.wav
J0145.WAV sfx/towners/pegboy05.wav
J0146.WAV sfx/towners/pegboy06.wav
J0147.WAV sfx/towners/pegboy07.wav
J0148.WAV sfx/towners/pegboy08.wav
J0149.WAV sfx/towners/pegboy09.wav
J014A.WAV sfx/towners/pegboy10.wav
J014B.WAV sfx/towners/pegboy11.wav
J014C.WAV sfx/towners/pegboy12.wav
J014D.WAV sfx/towners/pegboy13.wav
J014E.WAV sfx/towners/pegboy14.wav
J014F.WAV sfx/towners/pegboy15.wav
J0150.WAV sfx/towners/pegboy16.wav
J0151.WAV sfx/towners/pegboy17.wav
J0152.WAV sfx/towners/pegboy18.wav
J0153.WAV sfx/towners/pegboy19.wav
J0154.WAV sfx/towners/pegboy20.wav
J0155.WAV sfx/towners/pegboy21.wav
J0156.WAV sfx/towners/pegboy22.wav
J0157.WAV sfx/towners/pegboy23.wav
J0158.WAV sfx/towners/pegboy24.wav
J0159.WAV sfx/towners/pegboy25.wav
J015A.WAV sfx/towners/pegboy26.wav
J015B.WAV sfx/towners/pegboy27.wav
J015C.WAV sfx/towners/pegboy28.wav
J015D.WAV sfx/towners/pegboy29.wav
J015E.WAV sfx/towners/pegboy30.wav
J015F.WAV sfx/towners/pegboy31.wav
J0160.WAV sfx/towners/Pegboy32.wav
J0161.WAV sfx/towners/pegboy33.wav
J0162.WAV sfx/towners/pegboy34.wav
J0163.WAV sfx/towners/pegboy35.wav
J0164.WAV sfx/towners/pegboy36.wav
J0165.WAV sfx/towners/pegboy37.wav
J0166.WAV sfx/towners/pegboy38.wav
J0167.WAV sfx/towners/pegboy39.wav
J0168.WAV sfx/towners/pegboy40.wav
J0169.WAV sfx/towners/pegboy41.wav
J016A.WAV sfx/towners/pegboy42.wav
J016B.WAV sfx/towners/pegboy43.wav
J016C.WAV sfx/towners/priest00.wav
J016D.WAV sfx/towners/priest01.wav
J016E.WAV sfx/towners/priest02.wav
J016F.WAV sfx/towners/priest03.wav
J0170.WAV sfx/towners/priest04.wav
J0171.WAV sfx/towners/priest05.wav
J0172.WAV sfx/towners/priest06.wav
J0173.WAV sfx/towners/priest07.wav
J0174.WAV sfx/towners/storyt00.wav
J0175.WAV sfx/towners/storyt01.wav
J0176.WAV sfx/towners/storyt02.wav
J0177.WAV sfx/towners/storyt03.wav
J0178.WAV sfx/towners/storyt04.wav
J0179.WAV sfx/towners/storyt05.wav
J017A.WAV sfx/towners/storyt06.wav
J017B.WAV sfx/towners/storyt07.wav
J017C.WAV sfx/towners/storyt08.wav
J017D.WAV sfx/towners/storyt09.wav
J017E.WAV sfx/towners/storyt10.wav
J017F.WAV sfx/towners/storyt11.wav
J0180.WAV sfx/towners/storyt12.wav
J0181.WAV sfx/towners/storyt13.wav
J0182.WAV sfx/towners/storyt14.wav
J0183.WAV sfx/towners/storyt15.wav
J0184.WAV sfx/towners/storyt16.wav
J0185.WAV sfx/towners/storyt17.wav
J0186.WAV sfx/towners/storyt18.wav
J0187.WAV sfx/towners/storyt19.wav
J0188.WAV sfx/towners/storyt20.wav
J0189.WAV sfx/towners/storyt21.wav
J018A.WAV sfx/towners/storyt22.wav
J018B.WAV sfx/towners/storyt23.wav
J018C.WAV sfx/towners/storyt24.wav
J018D.WAV sfx/towners/storyt25.wav
J018E.WAV sfx/towners/storyt26.wav
J018F.WAV sfx/towners/storyt27.wav
J0190.WAV sfx/towners/storyt28.wav
J0191.WAV sfx/towners/storyt29.wav
J0192.WAV sfx/towners/storyt30.wav
J0193.WAV sfx/towners/storyt31.wav
J0194.WAV sfx/towners/storyt32.wav
J0195.WAV sfx/towners/storyt33.wav
J0196.WAV sfx/towners/storyt34.wav
J0197.WAV sfx/towners/storyt35.wav
J0198.WAV sfx/towners/storyt36.wav
J0199.WAV sfx/towners/storyt37.wav
J019A.WAV sfx/towners/storyt38.wav
J019B.WAV sfx/towners/Tavown00.wav
J019C.WAV sfx/towners/tavown01.wav
J019D.WAV sfx/towners/tavown02.wav
J019E.WAV sfx/towners/tavown03.wav
J019F.WAV sfx/towners/tavown04.wav
J01A0.WAV sfx/towners/tavown05.wav
J01A1.WAV sfx/towners/tavown06.wav
J01A2.WAV sfx/towners/tavown07.wav
J01A3.WAV sfx/towners/tavown08.wav
J01A4.WAV sfx/towners/tavown09.wav
J01A5.WAV sfx/towners/tavown10.wav
J01A6.WAV sfx/towners/tavown11.wav
J01A7.WAV sfx/towners/tavown12.wav
J01A8.WAV sfx/towners/tavown13.wav
J01A9.WAV sfx/towners/tavown14.wav
J01AA.WAV sfx/towners/tavown15.wav
J01AB.WAV sfx/towners/tavown16.wav
J01AC.WAV sfx/towners/tavown17.wav
J01AD.WAV sfx/towners/tavown18.wav
J01AE.WAV sfx/towners/tavown19.wav
J01AF.WAV sfx/towners/tavown20.wav
J01B0.WAV sfx/towners/tavown21.wav
J01B1.WAV sfx/towners/tavown22.wav
J01B2.WAV sfx/towners/tavown23.wav
J01B3.WAV sfx/towners/tavown24.wav
J01B4.WAV sfx/towners/tavown25.wav
J01B5.WAV sfx/towners/tavown26.wav
J01B6.WAV sfx/towners/tavown27.wav
J01B7.WAV sfx/towners/tavown28.wav
J01B8.WAV sfx/towners/tavown29.wav
J01B9.WAV sfx/towners/tavown30.wav
J01BA.WAV sfx/towners/tavown31.wav
J01BB.WAV sfx/towners/tavown32.wav
J01BC.WAV sfx/towners/tavown33.wav
J01BD.WAV sfx/towners/tavown34.wav
J01BE.WAV sfx/towners/tavown35.wav
J01BF.WAV sfx/towners/tavown36.wav
J01C0.WAV sfx/towners/tavown37.wav
J01C1.WAV sfx/towners/tavown38.wav
J01C2.WAV sfx/towners/tavown39.wav
J01C3.WAV sfx/towners/tavown40.wav
J01C4.WAV sfx/towners/tavown41.wav
J01C5.WAV sfx/towners/tavown42.wav
J01C6.WAV sfx/towners/tavown43.wav
J01C7.WAV sfx/towners/tavown44.wav
J01C8.WAV sfx/towners/tavown45.wav
J01C9.WAV sfx/towners/witch01.wav
J01CA.WAV sfx/towners/witch02.wav
J01CB.WAV sfx/towners/witch03.wav
J01CC.WAV sfx/towners/witch04.wav
J01CD.WAV sfx/towners/witch05.wav
J01CE.WAV sfx/towners/witch06.wav
J01CF.WAV sfx/towners/witch07.wav
J01D0.WAV sfx/towners/witch08.wav
J01D1.WAV sfx/towners/witch09.wav
J01D2.WAV sfx/towners/witch10.wav
J01D3.WAV sfx/towners/witch11.wav
J01D4.WAV sfx/towners/witch12.wav
J01D5.WAV sfx/towners/witch13.wav
J01D6.WAV sfx/towners/witch14.wav
J01D7.WAV sfx/towners/witch15.wav
J01D8.WAV sfx/towners/witch16.wav
J01D9.WAV sfx/towners/witch17.wav
J01DA.WAV sfx/towners/witch18.wav
J01DB.WAV sfx/towners/witch19.wav
J01DC.WAV sfx/towners/witch20.wav
J01DD.WAV sfx/towners/witch21.wav
J01DE.WAV sfx/towners/witch22.wav
J01DF.WAV sfx/towners/witch23.wav
J01E0.WAV sfx/towners/witch24.wav
J01E1.WAV sfx/towners/witch25.wav
J01E2.WAV sfx/towners/witch26.wav
J01E3.WAV sfx/towners/witch27.wav
J01E4.WAV sfx/towners/witch28.wav
J01E5.WAV sfx/towners/witch29.wav
J01E6.WAV sfx/towners/witch30.wav
J01E7.WAV sfx/towners/witch31.wav
J01E8.WAV sfx/towners/witch32.wav
J01E9.WAV sfx/towners/witch33.wav
J01EA.WAV sfx/towners/witch34.wav
J01EB.WAV sfx/towners/witch35.wav
J01EC.WAV sfx/towners/witch36.wav
J01ED.WAV sfx/towners/witch37.wav
J01EE.WAV sfx/towners/Witch38.wav
J01EF.WAV sfx/towners/witch39.wav
J01F0.WAV sfx/towners/witch40.wav
J01F1.WAV sfx/towners/witch41.wav
J01F2.WAV sfx/towners/witch42.wav
J01F3.WAV sfx/towners/witch43.wav
J01F4.WAV sfx/towners/witch44.wav
J01F5.WAV sfx/towners/witch45.wav
J01F6.WAV sfx/towners/witch46.wav
J01F7.WAV sfx/towners/witch47.wav
J01F8.WAV sfx/towners/witch48.wav
J01F9.WAV sfx/towners/witch49.wav
J01FA.WAV sfx/towners/witch50.wav
J01FB.WAV sfx/towners/wound01.wav
J01FC.WAV sfx/sorceror/mage01.wav
J01FD.WAV sfx/sorceror/mage02.wav
J01FE.WAV sfx/sorceror/mage03.wav
J01FF.WAV sfx/sorceror/mage04.wav
J0200.WAV sfx/sorceror/mage05.wav
J0201.WAV sfx/sorceror/mage06.wav
J0202.WAV sfx/sorceror/mage07.wav
J0203.WAV sfx/sorceror/mage08.wav
J0204.WAV sfx/sorceror/mage09.wav
J0205.WAV sfx/sorceror/mage10.wav
J0206.WAV sfx/sorceror/mage11.wav
J0207.WAV sfx/sorceror/mage12.wav
J0208.WAV sfx/sorceror/mage13.wav
J0209.WAV sfx/sorceror/mage14.wav
J020A.WAV sfx/sorceror/mage15.wav
J020B.WAV sfx/sorceror/mage16.wav
J020C.WAV sfx/sorceror/mage17.wav
J020D.WAV sfx/sorceror/mage18.wav
J020E.WAV sfx/sorceror/mage19.wav
J020F.WAV sfx/sorceror/mage20.wav
J0210.WAV sfx/sorceror/mage21.wav
J0211.WAV sfx/sorceror/mage22.wav
J0212.WAV sfx/sorceror/mage23.wav
J0213.WAV sfx/sorceror/mage24.wav
J0214.WAV sfx/sorceror/mage25.wav
J0215.WAV sfx/sorceror/mage26.wav
J0216.WAV sfx/sorceror/mage27.wav
J0217.WAV sfx/sorceror/mage28.wav
J0218.WAV sfx/sorceror/mage29.wav
J0219.WAV sfx/sorceror/mage30.wav
J021A.WAV sfx/sorceror/mage31.wav
J021B.WAV sfx/sorceror/mage32.wav
J021C.WAV sfx/sorceror/mage33.wav
J021D.WAV sfx/sorceror/mage34.wav
J021E.WAV sfx/sorceror/mage35.wav
J021F.WAV sfx/sorceror/mage36.wav
J0220.WAV sfx/sorceror/mage37.wav
J0221.WAV sfx/sorceror/mage38.wav
J0222.WAV sfx/sorceror/mage39.wav
J0223.WAV sfx/sorceror/mage40.wav
J0224.WAV sfx/sorceror/mage41.wav
J0225.WAV sfx/sorceror/mage42.wav
J0226.WAV sfx/sorceror/mage43.wav
J0227.WAV sfx/sorceror/mage44.wav
J0228.WAV sfx/sorceror/mage45.wav
J0229.WAV sfx/sorceror/mage46.wav
J022A.WAV sfx/sorceror/mage47.wav
J022B.WAV sfx/sorceror/mage48.wav
J022C.WAV sfx/sorceror/mage49.wav
J022D.WAV sfx/sorceror/mage50.wav
J022D.WAV sfx/animals/mage50.wav
J022E.WAV sfx/sorceror/mage51.wav
J022F.WAV sfx/sorceror/mage52.wav
J0230.WAV sfx/sorceror/mage53.wav
J0231.WAV sfx/sorceror/mage54.wav
J0232.WAV sfx/sorceror/mage55.wav
J0233.WAV sfx/sorceror/mage56.wav
J0234.WAV sfx/sorceror/mage57.wav
J0235.WAV sfx/sorceror/mage58.wav
J0236.WAV sfx/sorceror/mage59.wav
J0237.WAV sfx/sorceror/mage60.wav
J0238.WAV sfx/sorceror/mage61.wav
J0239.WAV sfx/sorceror/mage62.wav
J023A.WAV sfx/sorceror/mage63.wav
J023B.WAV sfx/sorceror/mage64.wav
J023C.WAV sfx/sorceror/mage65.wav
J023D.WAV sfx/sorceror/mage66.wav
J023E.WAV sfx/sorceror/mage67.wav
J023F.WAV sfx/sorceror/mage68.wav
J0240.WAV sfx/sorceror/mage69.wav
J0241.WAV sfx/sorceror/mage69b.wav
J0242.WAV sfx/sorceror/mage70.wav
J0243.WAV sfx/sorceror/mage71.wav
J0244.WAV sfx/sorceror/mage72.wav
J0245.WAV sfx/sorceror/mage73.wav
J0246.WAV sfx/sorceror/mage74.wav
J0247.WAV sfx/sorceror/mage75.wav
J0248.WAV sfx/sorceror/mage76.wav
J0249.WAV sfx/sorceror/mage77.wav
J024A.WAV sfx/sorceror/mage78.wav
J024B.WAV sfx/sorceror/mage79.wav
J024C.WAV sfx/sorceror/mage80.wav
J024D.WAV sfx/sorceror/mage81.wav
J024E.WAV sfx/sorceror/mage82.wav
J024F.WAV sfx/sorceror/mage83.wav
J0250.WAV sfx/sorceror/mage84.wav
J0251.WAV sfx/sorceror/mage85.wav
J0252.WAV sfx/sorceror/mage86.wav
J0253.WAV sfx/sorceror/mage87.wav
J0254.WAV sfx/sorceror/mage88.wav
J0255.WAV sfx/sorceror/mage89.wav
J0256.WAV sfx/sorceror/mage90.wav
J0257.WAV sfx/sorceror/mage91.wav
J0258.WAV sfx/sorceror/mage92.wav
J0259.WAV sfx/sorceror/mage93.wav
J025A.WAV sfx/sorceror/mage94.wav
J025B.WAV sfx/sorceror/mage95.wav
J025C.WAV sfx/sorceror/mage96.wav
J025D.WAV sfx/sorceror/mage97.wav
J025E.WAV sfx/sorceror/mage98.wav
J025F.WAV sfx/sorceror/mage99.wav
J0260.WAV sfx/sorceror/mage100.wav
J0261.WAV sfx/sorceror/mage101.wav
J0262.WAV sfx/sorceror/mage102.wav
J0264.WAV sfx/rogue/rogue01.wav
J0265.WAV sfx/rogue/rogue02.wav
J0266.WAV sfx/rogue/rogue03.wav
J0267.WAV sfx/rogue/rogue04.wav
J0268.WAV sfx/rogue/rogue05.wav
J0269.WAV sfx/rogue/rogue06.wav
J026A.WAV sfx/rogue/rogue07.wav
J026B.WAV sfx/rogue/rogue08.wav
J026C.WAV sfx/rogue/rogue09.wav
J026D.WAV sfx/rogue/rogue10.wav
J026E.WAV sfx/rogue/rogue11.wav
J026F.WAV sfx/rogue/rogue12.wav
J0270.WAV sfx/rogue/rogue13.wav
J0271.WAV sfx/rogue/rogue14.wav
J0272.WAV sfx/rogue/rogue15.wav
J0273.WAV sfx/rogue/rogue16.wav
J0274.WAV sfx/rogue/rogue17.wav
J0275.WAV sfx/rogue/rogue18.wav
J0276.WAV sfx/rogue/rogue19.wav
J0277.WAV sfx/rogue/rogue20.wav
J0278.WAV sfx/rogue/rogue21.wav
J0279.WAV sfx/rogue/rogue22.wav
J027A.WAV sfx/rogue/rogue23.wav
J027B.WAV sfx/rogue/rogue24.wav
J027C.WAV sfx/rogue/rogue25.wav
J027D.WAV sfx/rogue/rogue26.wav
J027E.WAV sfx/rogue/rogue27.wav
J027F.WAV sfx/rogue/rogue28.wav
J0280.WAV sfx/rogue/rogue29.wav
J0281.WAV sfx/rogue/rogue30.wav
J0282.WAV sfx/rogue/rogue31.wav
J0283.WAV sfx/rogue/rogue32.wav
J0284.WAV sfx/rogue/rogue33.wav
J0285.WAV sfx/rogue/rogue34.wav
J0286.WAV sfx/rogue/rogue35.wav
J0287.WAV sfx/rogue/rogue36.wav
J0288.WAV sfx/rogue/rogue37.wav
J0289.WAV sfx/rogue/rogue38.wav
J028A.WAV sfx/rogue/rogue39.wav
J028B.WAV sfx/rogue/rogue40.wav
J028C.WAV sfx/rogue/rogue41.wav
J028D.WAV sfx/rogue/rogue42.wav
J028E.WAV sfx/rogue/rogue43.wav
J028F.WAV sfx/rogue/rogue44.wav
J0290.WAV sfx/rogue/rogue45.wav
J0291.WAV sfx/rogue/rogue46.wav
J0292.WAV sfx/rogue/rogue47.wav
J0293.WAV sfx/rogue/rogue48.wav
J0294.WAV sfx/rogue/rogue49.wav
J0295.WAV sfx/rogue/rogue50.wav
J0295.WAV sfx/animals/rogue50.wav
J0296.WAV sfx/rogue/rogue51.wav
J0297.WAV sfx/rogue/rogue52.wav
J0298.WAV sfx/rogue/rogue53.wav
J0299.WAV sfx/rogue/rogue54.wav
J029A.WAV sfx/rogue/rogue55.wav
J029B.WAV sfx/rogue/rogue56.wav
J029C.WAV sfx/rogue/rogue57.wav
J029D.WAV sfx/rogue/rogue58.wav
J029E.WAV sfx/rogue/rogue59.wav
J029F.WAV sfx/rogue/rogue60.wav
J02A0.WAV sfx/rogue/rogue61.wav
J02A1.WAV sfx/rogue/rogue62.wav
J02A2.WAV sfx/rogue/rogue63.wav
J02A3.WAV sfx/rogue/rogue64.wav
J02A4.WAV sfx/rogue/rogue65.wav
J02A5.WAV sfx/rogue/rogue66.wav
J02A6.WAV sfx/rogue/rogue67.wav
J02A7.WAV sfx/rogue/rogue68.wav
J02A8.WAV sfx/rogue/rogue69.wav
J02A9.WAV sfx/rogue/rogue69b.wav
J02AA.WAV sfx/rogue/rogue70.wav
J02AB.WAV sfx/rogue/rogue71.wav
J02AC.WAV sfx/rogue/rogue72.wav
J02AD.WAV sfx/rogue/rogue73.wav
J02AE.WAV sfx/rogue/rogue74.wav
J02AF.WAV sfx/rogue/rogue75.wav
J02B0.WAV sfx/rogue/rogue76.wav
J02B1.WAV sfx/rogue/rogue77.wav
J02B2.WAV sfx/rogue/rogue78.wav
J02B3.WAV sfx/rogue/rogue79.wav
J02B4.WAV sfx/rogue/rogue80.wav
J02B5.WAV sfx/rogue/rogue81.wav
J02B6.WAV sfx/rogue/rogue82.wav
J02B7.WAV sfx/rogue/rogue83.wav
J02B8.WAV sfx/rogue/rogue84.wav
J02B9.WAV sfx/rogue/rogue85.wav
J02BA.WAV sfx/rogue/rogue86.wav
J02BB.WAV sfx/rogue/rogue87.wav
J02BC.WAV sfx/rogue/rogue88.wav
J02BD.WAV sfx/rogue/rogue89.wav
J02BE.WAV sfx/rogue/rogue90.wav
J02BF.WAV sfx/rogue/rogue91.wav
J02C0.WAV sfx/rogue/rogue92.wav
J02C1.WAV sfx/rogue/rogue93.wav
J02C2.WAV sfx/rogue/rogue94.wav
J02C3.WAV sfx/rogue/rogue95.wav
J02C4.WAV sfx/rogue/rogue96.wav
J02C5.WAV sfx/rogue/rogue97.wav
J02C6.WAV sfx/rogue/rogue98.wav
J02C7.WAV sfx/rogue/rogue99.wav
J02C8.WAV sfx/rogue/rogue100.wav
J02C9.WAV sfx/rogue/rogue101.wav
J02CA.WAV sfx/rogue/rogue102.wav
J02CC.WAV sfx/warrior/warior01.wav
J02CD.WAV sfx/warrior/warior02.wav
J02CE.WAV sfx/warrior/warior03.wav
J02CF.WAV sfx/warrior/warior04.wav
J02D0.WAV sfx/warrior/warior05.wav
J02D1.WAV sfx/warrior/warior06.wav
J02D2.WAV sfx/warrior/warior07.wav
J02D3.WAV sfx/warrior/warior08.wav
J02D4.WAV sfx/warrior/warior09.wav
J02D5.WAV sfx/warrior/warior10.wav
J02D6.WAV sfx/warrior/warior11.wav
J02D7.WAV sfx/warrior/warior12.wav
J02D8.WAV sfx/warrior/Warior13.wav
J02D9.WAV sfx/warrior/Warior14.wav
J02DA.WAV sfx/warrior/Wario14b.wav
J02DB.WAV sfx/warrior/Wario14c.wav
J02DC.WAV sfx/warrior/Warior15.wav
J02DD.WAV sfx/warrior/Wario15b.wav
J02DE.WAV sfx/warrior/Wario15c.wav
J02DF.WAV sfx/warrior/Warior16.wav
J02E0.WAV sfx/warrior/Wario16b.wav
J02E1.WAV sfx/warrior/Wario16c.wav
J02E2.WAV sfx/warrior/Warior17.wav
J02E3.WAV sfx/warrior/Warior18.wav
J02E4.WAV sfx/warrior/Warior19.wav
J02E5.WAV sfx/warrior/Warior20.wav
J02E6.WAV sfx/warrior/Warior21.wav
J02E7.WAV sfx/warrior/Warior22.wav
J02E8.WAV sfx/warrior/Warior23.wav
J02E9.WAV sfx/warrior/Warior24.wav
J02EA.WAV sfx/warrior/Warior25.wav
J02EB.WAV sfx/warrior/Warior26.wav
J02EC.WAV sfx/warrior/warior27.wav
J02ED.WAV sfx/warrior/warior28.wav
J02EE.WAV sfx/warrior/warior29.wav
J02EF.WAV sfx/warrior/warior30.wav
J02F0.WAV sfx/warrior/warior31.wav
J02F1.WAV sfx/warrior/warior32.wav
J02F2.WAV sfx/warrior/warior33.wav
J02F3.WAV sfx/warrior/warior34.wav
J02F4.WAV sfx/warrior/Warior35.wav
J02F5.WAV sfx/warrior/Warior36.wav
J02F6.WAV sfx/warrior/Warior37.wav
J02F7.WAV sfx/warrior/Warior38.wav
J02F8.WAV sfx/warrior/Warior39.wav
J02F9.WAV sfx/warrior/warior40.wav
J02FA.WAV sfx/warrior/Warior41.wav
J02FB.WAV sfx/warrior/warior42.wav
J02FC.WAV sfx/warrior/Warior43.wav
J02FD.WAV sfx/warrior/Warior44.wav
J02FE.WAV sfx/warrior/Warior45.wav
J02FF.WAV sfx/warrior/warior46.wav
J0300.WAV sfx/warrior/warior47.wav
J0301.WAV sfx/warrior/Warior48.wav
J0302.WAV sfx/warrior/warior49.wav
J0303.WAV sfx/warrior/warior50.wav
J0304.WAV sfx/warrior/Warior51.wav
J0305.WAV sfx/warrior/warior52.wav
J0306.WAV sfx/warrior/warior53.wav
J0307.WAV sfx/warrior/Warior54.wav
J0308.WAV sfx/warrior/warior55.wav
J0309.WAV sfx/warrior/Warior56.wav
J030A.WAV sfx/warrior/Warior57.wav
J030B.WAV sfx/warrior/Warior58.wav
J030C.WAV sfx/warrior/warior59.wav
J030D.WAV sfx/warrior/Warior60.wav
J030E.WAV sfx/warrior/warior61.wav
J030F.WAV sfx/warrior/warior62.wav
J0310.WAV sfx/warrior/Warior63.wav
J0311.WAV sfx/warrior/Warior64.wav
J0312.WAV sfx/warrior/warior65.wav
J0313.WAV sfx/warrior/warior66.wav
J0314.WAV sfx/warrior/warior67.wav
J0315.WAV sfx/warrior/warior68.wav
J0316.WAV sfx/warrior/warior69.wav
J0317.WAV sfx/warrior/wario69b.wav
J0318.WAV sfx/warrior/Warior70.wav
J0319.WAV sfx/warrior/Warior71.wav
J031A.WAV sfx/warrior/Warior72.wav
J031B.WAV sfx/warrior/warior73.wav
J031C.WAV sfx/warrior/Warior74.wav
J031D.WAV sfx/warrior/Warior75.wav
J031E.WAV sfx/warrior/Warior76.wav
J031F.WAV sfx/warrior/Warior77.wav
J0320.WAV sfx/warrior/Warior78.wav
J0321.WAV sfx/warrior/Warior79.wav
J0322.WAV sfx/warrior/warior80.wav
J0323.WAV sfx/warrior/warior81.wav
J0324.WAV sfx/warrior/warior82.wav
J0325.WAV sfx/warrior/warior83.wav
J0326.WAV sfx/warrior/warior84.wav
J0327.WAV sfx/warrior/warior85.wav
J0328.WAV sfx/warrior/warior86.wav
J0329.WAV sfx/warrior/warior87.wav
J032A.WAV sfx/warrior/warior88.wav
J032B.WAV sfx/warrior/warior89.wav
J032C.WAV sfx/warrior/warior90.wav
J032D.WAV sfx/warrior/warior91.wav
J032E.WAV sfx/warrior/warior92.wav
J032F.WAV sfx/warrior/warior93.wav
J0330.WAV sfx/warrior/warior94.wav
J0331.WAV sfx/warrior/warior95.wav
J0332.WAV sfx/warrior/Wario95b.wav
J0333.WAV sfx/warrior/Wario95c.wav
J0334.WAV sfx/warrior/Wario95d.wav
J0335.WAV sfx/warrior/Wario95e.wav
J0336.WAV sfx/warrior/Wario95f.wav
J0337.WAV sfx/warrior/Wario96b.wav
J0338.WAV sfx/warrior/warior97.wav
J0339.WAV sfx/warrior/Wario98.wav
J033A.WAV sfx/warrior/warior99.wav
J033B.WAV sfx/warrior/Wario100.wav
J033C.WAV sfx/warrior/Wario101.wav
J033D.WAV sfx/warrior/wario102.wav
J033F.WAV sfx/narrator/nar01.wav
J0340.WAV sfx/narrator/nar02.wav
J0341.WAV sfx/narrator/nar03.wav
J0342.WAV sfx/narrator/nar04.wav
J0343.WAV sfx/narrator/nar05.wav
J0344.WAV sfx/narrator/nar06.wav
J0345.WAV sfx/narrator/nar07.wav
J0346.WAV sfx/narrator/nar08.wav
J0347.WAV sfx/narrator/nar09.wav
J0349.WAV sfx/monsters/butcher.wav
J034A.WAV sfx/monsters/garbud01.wav
J034B.WAV sfx/monsters/garbud02.wav
J034C.WAV sfx/monsters/garbud03.wav
J034D.WAV sfx/monsters/garbud04.wav
J034E.WAV sfx/monsters/izual01.wav
J034F.WAV sfx/monsters/lach01.wav
J0350.WAV sfx/monsters/lach02.wav
J0351.WAV sfx/monsters/lach03.wav
J0352.WAV sfx/monsters/laz01.wav
J0353.WAV sfx/monsters/laz02.wav
J0354.WAV sfx/monsters/sking01.wav
J0355.WAV sfx/monsters/snot01.wav
J0356.WAV sfx/monsters/snot02.wav
J0357.WAV sfx/monsters/snot03.wav
J0358.WAV sfx/monsters/warlrd01.wav
J0359.WAV sfx/monsters/wlock01.wav
J035A.WAV sfx/monsters/zhar01.wav
J035B.WAV sfx/monsters/zhar02.wav
J035C.WAV sfx/monsters/diablod.wav
M000C.WAV sfx/misc/questdon.wav
M002E.WAV sfx/items/readbook.wav
M0069.WAV sfx/misc/portal.wav
M006B.WAV sfx/misc/resur.wav
M0348.WAV sfx/misc/lvl16int.wav
M03CD.WAV music/dtowne.wav
M03CE.WAV music/dlvla.wav
M03CF.WAV music/dlvlb.wav
M03D0.WAV music/dlvlc.wav
M03D1.WAV music/dlvld.wav
M03D2.WAV music/dintro.wav
ROGUE69C.WAV sfx/rogue/rogue69c.wav
ROGUE71B.WAV sfx/rogue/rogue71b.wav
WARIO96C.WAV sfx/warrior/Wario96c.wav
WARIOR96.WAV sfx/warrior/warior96.wav
WARIOR97.WAV sfx/warrior/warior97.wav
WARIOR98.WAV sfx/warrior/warior98.wav
